Compile graphics_init_test.cpp
Compile xbox_kernel.cpp
Compile xbox_memory.cpp
Compile xbox_mm.cpp
Compile xbox_mmio.cpp
Compile xbox_probe.cpp
Compile xbox_rtl.cpp
Compile xbox_vd.cpp
Compile xbox_xconfig.cpp
Compile xbox_virtual_memory.cpp
Compile xenos_cp.cpp
Compile ppc_recomp.0.cpp
Compile ppc_recomp.1.cpp
Compile ppc_recomp.2.cpp
Compile ppc_recomp.3.cpp
Compile ppc_recomp.4.cpp
Compile ppc_recomp.5.cpp
Compile ppc_recomp.6.cpp
Compile ppc_recomp.7.cpp
Compile ppc_recomp.8.cpp
Compile ppc_recomp.9.cpp
Compile ppc_recomp.10.cpp
Compile ppc_recomp.11.cpp
Compile ppc_recomp.12.cpp
Compile ppc_recomp.13.cpp
Compile ppc_recomp.14.cpp
Compile ppc_recomp.15.cpp
Compile ppc_recomp.16.cpp
Compile ppc_recomp.17.cpp
Compile ppc_recomp.18.cpp
Compile ppc_recomp.19.cpp
Compile ppc_recomp.21.cpp
Compile ppc_recomp.22.cpp
Compile ppc_recomp.23.cpp
Compile ppc_recomp.24.cpp
Compile ppc_recomp.26.cpp
Compile ppc_recomp.27.cpp
Compile ppc_recomp.28.cpp
Compile ppc_recomp.29.cpp
Compile ppc_recomp.30.cpp
Compile ppc_recomp.31.cpp
Compile ppc_recomp.32.cpp
Compile ppc_recomp.33.cpp
Compile ppc_recomp.34.cpp
Compile ppc_recomp.35.cpp
Compile ppc_recomp.36.cpp
Compile ppc_recomp.37.cpp
Compile ppc_recomp.38.cpp
Compile ppc_recomp.39.cpp
Compile ppc_recomp.40.cpp
Compile ppc_recomp.41.cpp
Compile ppc_recomp.42.cpp
Compile ppc_recomp.43.cpp
Compile ppc_recomp.44.cpp
Compile ppc_recomp.45.cpp
Compile ppc_recomp.46.cpp
Compile ppc_recomp.47.cpp
Compile ppc_recomp.48.cpp
Compile ppc_recomp.49.cpp
Compile ppc_recomp.50.cpp
Compile ppc_recomp.52.cpp
Compile ppc_recomp.55.cpp
Compile ppc_recomp.56.cpp
Compile ppc_recomp.57.cpp
Compile ppc_recomp.58.cpp
Compile ppc_recomp.59.cpp
Compile ppc_recomp.60.cpp
Compile ppc_recomp.61.cpp
Compile ppc_recomp.62.cpp
Compile ppc_recomp.63.cpp
Compile ppc_recomp.64.cpp
Compile ppc_recomp.65.cpp
Compile ppc_recomp.66.cpp
Compile ppc_recomp.70.cpp
Compile ppc_recomp.75.cpp
Compile ppc_recomp.76.cpp
Compile ppc_recomp.77.cpp
Compile ppc_recomp.78.cpp
Compile ppc_recomp.79.cpp
Compile ppc_recomp.80.cpp
Compile ppc_recomp.81.cpp
Compile ppc_recomp.82.cpp
Compile ppc_recomp.83.cpp
Compile ppc_recomp.84.cpp
Compile mapping.cpp
Compile import_probes.cpp
BOOT BUILD OK
