=== Burnout Revenge graphics_init_test ===
base = 000001F4B2990000
Imagem carregada: 14286848 bytes
[LOOKUP] 823EE808 slot before commit: State=0x2000 Protect=0x0
[LOOKUP] committed [0x82DA0000,0x8383AFD0), 309 mappings

r13/KPCR        = 0x70000000
current thread  = 0x70001000
thread id       = 0x00000001
graphics object = 0x71000000
config          = 0x71010000
stack           = 0x720FF000
flags           = 0x00000000

global SYSTEM @8200079C = 0x70003000
global USER   @820007A0 = 0x70002000

heap antes @82D4809C = 0x00000000
Inicializando heap...
[NtAllocateVirtualMemory] base*=0x00000000 size*=0x00100000 type=0x60002000 protect=0x00000004 r7=0x00000000
  RESERVE guest=0x30000000 size=0x100000
[NtAllocateVirtualMemory] base*=0x30000000 size*=0x00010000 type=0x60001000 protect=0x00000004 r7=0x00000000
  COMMIT guest=0x30000000 host=000001F4E2990000 size=0x10000
[KeGetCurrentProcessType] -> 1 (USER)
[RtlInitializeCriticalSection] guest=0x30000610
heap depois @82D4809C = 0x30000000 r3=0x00000001
heap +20   = 0x00040002
heap +24   = 0x00000000
heap +1408 = 0x30000610
[HARNESS] teste heap 30002FC1 host=000001F4E2992FC1 valor=0x00
[MmAllocatePhysicalMemoryEx] guest=0x10000000 size=0x10000 align=0x1000 flags=0x00000404
[MmAllocatePhysicalMemoryEx] guest=0x10010000 size=0x72C000 align=0x1000 flags=0x20000404
[XGetVideoMode] out=0x720FEC90 -> 1280x720
[RtlInitializeCriticalSection] guest=0x82A52D34
[RtlEnterCriticalSection] guest=0x82A52D34
[KeGetCurrentProcessType] -> 1 (USER)
[RtlEnterCriticalSection] guest=0x30000610
[RtlLeaveCriticalSection] guest=0x30000610
[RtlLeaveCriticalSection] guest=0x82A52D34
[KeGetCurrentProcessType] -> 1 (USER)
[KeGetCurrentProcessType] -> 1 (USER)
[ExGetXConfigSetting] category=3 setting=10 buffer=0x30004410 size=4 required=0x720FEB60
  -> XCONFIG_USER_VIDEO_FLAGS = 0x00040000
[RtlInitializeCriticalSection] guest=0x30003DE0
[VdInitializeEngines] r3=0x09710000 callback=0x8238CE28 arg=0x00000000 pfp=0x00000000 me=0x00000000
[KeGetCurrentProcessType] -> 1 (USER)
[ExRegisterTitleTerminateNotification] registration=0x82699B50 create=1 routine=0x8238CE48 priority=0x6E800000
[VdSetGraphicsInterruptCallback] callback=0x82381BC8 context=0x30000700
[Xenos MMIO READ32] reg=0x3C04 -> 0x0000000E
[RtlEnterCriticalSection] guest=0x82A52D34
[RtlLeaveCriticalSection] guest=0x82A52D34
[RtlEnterCriticalSection] guest=0x82A52D34
[RtlLeaveCriticalSection] guest=0x82A52D34
[VdSetSystemCommandBufferGpuIdentifierAddress] address=0x00000000
[RtlEnterCriticalSection] guest=0x82A52D34
[RtlLeaveCriticalSection] guest=0x82A52D34
[RtlEnterCriticalSection] guest=0x82A52D34
[RtlLeaveCriticalSection] guest=0x82A52D34
[RtlEnterCriticalSection] guest=0x82A52D34
[RtlLeaveCriticalSection] guest=0x82A52D34
[RtlEnterCriticalSection] guest=0x82A52D34
[MmAllocatePhysicalMemoryEx] guest=0x1073C000 size=0x60 align=0x1000 flags=0x00000004
[RtlLeaveCriticalSection] guest=0x82A52D34
[RtlEnterCriticalSection] guest=0x82A52D34
[MmAllocatePhysicalMemoryEx] guest=0x1073D000 size=0x20 align=0x1000 flags=0x00000204
[RtlLeaveCriticalSection] guest=0x82A52D34
[RtlEnterCriticalSection] guest=0x82A52D34
[MmAllocatePhysicalMemoryEx] guest=0x1073E000 size=0x12C0 align=0x1000 flags=0x00000404
[RtlLeaveCriticalSection] guest=0x82A52D34
[MmGetPhysicalAddress] guest=0x10000000
[VdInitializeRingBuffer] physical=0x10000000 sizeArg=13
[VdEnableRingBufferRPtrWriteBack] address=0x1073C03C
[VdSetSystemCommandBufferGpuIdentifierAddress] address=0x1073C008
[KiApcNormalRoutineNop] r3=0x720FEA20 r4=0x00000013
[ExCreateThread] handle=0x00001000 id=2 stack=0x8000 startup=0x00000000 start=0x8238E168 context=0x300032AC flags=0x04000080 (NAO EXECUTADA)
[KeSetBasePriorityThread] thread=0x00001000 priority=17
[Xenos MMIO READ32] reg=0x3C00 -> 0x00000000
[Xenos MMIO READ32] reg=0x3C04 -> 0x0000000E
[VdQueryVideoMode] out=0x720FEA90 -> 1280x720 60Hz
[VdCallGraphicsNotificationRoutines] type=1 args=0x720FE950 scale 1280x720 -> 1280x720
[INDIRECT] call target=0x823EE808 LR=0x8238CF98
[INDIRECT] returned target=0x823EE808 caller=0x8238CF98
[INDIRECT] call target=0x823EE808 LR=0x8238CF98
[INDIRECT] returned target=0x823EE808 caller=0x8238CF98
[INDIRECT] call target=0x823EE808 LR=0x8238CF98
[INDIRECT] returned target=0x823EE808 caller=0x8238CF98
[INDIRECT] call target=0x823EE808 LR=0x8238CF98
[INDIRECT] returned target=0x823EE808 caller=0x8238CF98
[INDIRECT] call target=0x823EE808 LR=0x8238CF98
[INDIRECT] returned target=0x823EE808 caller=0x8238CF98
[INDIRECT] call target=0x823EE808 LR=0x8238CF98
[INDIRECT] returned target=0x823EE808 caller=0x8238CF98
[INDIRECT] call target=0x823EE808 LR=0x8238CF98
[INDIRECT] returned target=0x823EE808 caller=0x8238CF98
[INDIRECT] call target=0x823EE808 LR=0x8238CF98
[INDIRECT] returned target=0x823EE808 caller=0x8238CF98
[INDIRECT] call target=0x823EE808 LR=0x8238CF98
[INDIRECT] returned target=0x823EE808 caller=0x8238CF98
[INDIRECT] call target=0x823EE808 LR=0x8238CF98
[INDIRECT] returned target=0x823EE808 caller=0x8238CF98
[INDIRECT] call target=0x8237B758 LR=0x8238CF98
[INDIRECT] returned target=0x8237B758 caller=0x8238CF98
[INDIRECT] call target=0x8237B7E0 LR=0x8238CF98
[INDIRECT] returned target=0x8237B7E0 caller=0x8238CF98
[INDIRECT] call target=0x8237B7A8 LR=0x8238CF98
[INDIRECT] returned target=0x8237B7A8 caller=0x8238CF98
[INDIRECT] call target=0x8237B0A0 LR=0x8238CF98
[INDIRECT] returned target=0x8237B0A0 caller=0x8238CF98
[INDIRECT] call target=0x8237B068 LR=0x8238CF98
[INDIRECT] returned target=0x8237B068 caller=0x8238CF98
[INDIRECT] call target=0x8237B120 LR=0x8238CF98
[INDIRECT] returned target=0x8237B120 caller=0x8238CF98
[INDIRECT] call target=0x8237B4F0 LR=0x8238CF98
[INDIRECT] returned target=0x8237B4F0 caller=0x8238CF98
[INDIRECT] call target=0x8237B638 LR=0x8238CF98
[INDIRECT] returned target=0x8237B638 caller=0x8238CF98
[INDIRECT] call target=0x8237B258 LR=0x8238CF98
[INDIRECT] returned target=0x8237B258 caller=0x8238CF98
[INDIRECT] call target=0x8237B2F0 LR=0x8238CF98
[INDIRECT] returned target=0x8237B2F0 caller=0x8238CF98
[INDIRECT] call target=0x8237B1C0 LR=0x8238CF98
[INDIRECT] returned target=0x8237B1C0 caller=0x8238CF98
[INDIRECT] call target=0x8237B400 LR=0x8238CF98
[INDIRECT] returned target=0x8237B400 caller=0x8238CF98
[INDIRECT] call target=0x8237B478 LR=0x8238CF98
[INDIRECT] returned target=0x8237B478 caller=0x8238CF98
[INDIRECT] call target=0x8237B388 LR=0x8238CF98
[INDIRECT] returned target=0x8237B388 caller=0x8238CF98
[INDIRECT] call target=0x8237B0D8 LR=0x8238CF98
[INDIRECT] returned target=0x8237B0D8 caller=0x8238CF98
[INDIRECT] call target=0x8237B590 LR=0x8238CF98
[INDIRECT] returned target=0x8237B590 caller=0x8238CF98
[INDIRECT] call target=0x8237B600 LR=0x8238CF98
[INDIRECT] returned target=0x8237B600 caller=0x8238CF98
[INDIRECT] call target=0x8237B828 LR=0x8238CF98
[INDIRECT] returned target=0x8237B828 caller=0x8238CF98
[INDIRECT] call target=0x8237B878 LR=0x8238CF98
[INDIRECT] returned target=0x8237B878 caller=0x8238CF98
[INDIRECT] call target=0x8237B8F8 LR=0x8238CF98
[INDIRECT] returned target=0x8237B8F8 caller=0x8238CF98
[INDIRECT] call target=0x8237B940 LR=0x8238CF98
[INDIRECT] returned target=0x8237B940 caller=0x8238CF98
[INDIRECT] call target=0x8237B988 LR=0x8238CF98
[INDIRECT] returned target=0x8237B988 caller=0x8238CF98
[INDIRECT] call target=0x8237B8C0 LR=0x8238CF98
[INDIRECT] returned target=0x8237B8C0 caller=0x8238CF98
[INDIRECT] call target=0x8237BAC0 LR=0x8238CF98
[INDIRECT] returned target=0x8237BAC0 caller=0x8238CF98
[INDIRECT] call target=0x8237BAE8 LR=0x8238CF98
[INDIRECT] returned target=0x8237BAE8 caller=0x8238CF98
[INDIRECT] call target=0x8237BB10 LR=0x8238CF98
[INDIRECT] returned target=0x8237BB10 caller=0x8238CF98
[INDIRECT] call target=0x8237B9F8 LR=0x8238CF98
[INDIRECT] returned target=0x8237B9F8 caller=0x8238CF98
[INDIRECT] call target=0x8237BA40 LR=0x8238CF98
[INDIRECT] returned target=0x8237BA40 caller=0x8238CF98
[INDIRECT] call target=0x8237BA88 LR=0x8238CF98
[INDIRECT] returned target=0x8237BA88 caller=0x8238CF98
[INDIRECT] call target=0x8237B9C0 LR=0x8238CF98
[INDIRECT] returned target=0x8237B9C0 caller=0x8238CF98
[INDIRECT] call target=0x8237BB38 LR=0x8238CF98
[INDIRECT] returned target=0x8237BB38 caller=0x8238CF98
[INDIRECT] call target=0x8237BB60 LR=0x8238CF98
[INDIRECT] returned target=0x8237BB60 caller=0x8238CF98
[INDIRECT] call target=0x8237BB88 LR=0x8238CF98
[INDIRECT] returned target=0x8237BB88 caller=0x8238CF98
[INDIRECT] call target=0x8237BBB0 LR=0x8238CF98
[INDIRECT] returned target=0x8237BBB0 caller=0x8238CF98
[INDIRECT] call target=0x8237BEF8 LR=0x8238CF98
[INDIRECT] returned target=0x8237BEF8 caller=0x8238CF98
[INDIRECT] call target=0x8237BF50 LR=0x8238CF98
[INDIRECT] returned target=0x8237BF50 caller=0x8238CF98
[INDIRECT] call target=0x8237BEE8 LR=0x8238CF98
[INDIRECT] returned target=0x8237BEE8 caller=0x8238CF98
[INDIRECT] call target=0x8237BFA0 LR=0x8238CF98
[INDIRECT] returned target=0x8237BFA0 caller=0x8238CF98
[INDIRECT] call target=0x8237BD60 LR=0x8238CF98
[INDIRECT] returned target=0x8237BD60 caller=0x8238CF98
[INDIRECT] call target=0x8237BD98 LR=0x8238CF98
[INDIRECT] returned target=0x8237BD98 caller=0x8238CF98
[INDIRECT] call target=0x8237DDC0 LR=0x8238CF98
[INDIRECT] returned target=0x8237DDC0 caller=0x8238CF98
[INDIRECT] call target=0x8237BBF8 LR=0x8238CF98
[INDIRECT] returned target=0x8237BBF8 caller=0x8238CF98
[INDIRECT] call target=0x8237BCB8 LR=0x8238CF98
[INDIRECT] returned target=0x8237BCB8 caller=0x8238CF98
[INDIRECT] call target=0x8237BDC8 LR=0x8238CF98
[INDIRECT] returned target=0x8237BDC8 caller=0x8238CF98
[INDIRECT] call target=0x8237BE10 LR=0x8238CF98
[INDIRECT] returned target=0x8237BE10 caller=0x8238CF98
[INDIRECT] call target=0x8237BE58 LR=0x8238CF98
[INDIRECT] returned target=0x8237BE58 caller=0x8238CF98
[INDIRECT] call target=0x8237BEA0 LR=0x8238CF98
[INDIRECT] returned target=0x8237BEA0 caller=0x8238CF98
[INDIRECT] call target=0x8237C380 LR=0x8238CF98
[INDIRECT] returned target=0x8237C380 caller=0x8238CF98
[INDIRECT] call target=0x8237C740 LR=0x8238CF98
[INDIRECT] returned target=0x8237C740 caller=0x8238CF98
[INDIRECT] call target=0x8237C6E0 LR=0x8238CF98
[INDIRECT] returned target=0x8237C6E0 caller=0x8238CF98
[INDIRECT] call target=0x8237C710 LR=0x8238CF98
[INDIRECT] returned target=0x8237C710 caller=0x8238CF98
[INDIRECT] call target=0x8237BFF0 LR=0x8238CF98
[INDIRECT] returned target=0x8237BFF0 caller=0x8238CF98
[INDIRECT] call target=0x8237C020 LR=0x8238CF98
[INDIRECT] returned target=0x8237C020 caller=0x8238CF98
[INDIRECT] call target=0x8237C050 LR=0x8238CF98
[INDIRECT] returned target=0x8237C050 caller=0x8238CF98
[INDIRECT] call target=0x8237C080 LR=0x8238CF98
[INDIRECT] returned target=0x8237C080 caller=0x8238CF98
[INDIRECT] call target=0x8237C0B0 LR=0x8238CF98
[INDIRECT] returned target=0x8237C0B0 caller=0x8238CF98
[INDIRECT] call target=0x8237C0E0 LR=0x8238CF98
[INDIRECT] returned target=0x8237C0E0 caller=0x8238CF98
[INDIRECT] call target=0x8237C110 LR=0x8238CF98
[INDIRECT] returned target=0x8237C110 caller=0x8238CF98
[INDIRECT] call target=0x8237C140 LR=0x8238CF98
[INDIRECT] returned target=0x8237C140 caller=0x8238CF98
[INDIRECT] call target=0x8237C168 LR=0x8238CF98
[INDIRECT] returned target=0x8237C168 caller=0x8238CF98
[INDIRECT] call target=0x8237C198 LR=0x8238CF98
[INDIRECT] returned target=0x8237C198 caller=0x8238CF98
[INDIRECT] call target=0x8237C1C8 LR=0x8238CF98
[INDIRECT] returned target=0x8237C1C8 caller=0x8238CF98
[INDIRECT] call target=0x8237C1F8 LR=0x8238CF98
[INDIRECT] returned target=0x8237C1F8 caller=0x8238CF98
[INDIRECT] call target=0x8237C228 LR=0x8238CF98
[INDIRECT] returned target=0x8237C228 caller=0x8238CF98
[INDIRECT] call target=0x8237C258 LR=0x8238CF98
[INDIRECT] returned target=0x8237C258 caller=0x8238CF98
[INDIRECT] call target=0x8237C288 LR=0x8238CF98
[INDIRECT] returned target=0x8237C288 caller=0x8238CF98
[INDIRECT] call target=0x8237C2B8 LR=0x8238CF98
[INDIRECT] returned target=0x8237C2B8 caller=0x8238CF98
[INDIRECT] call target=0x8237C3A0 LR=0x8238CF98
[INDIRECT] returned target=0x8237C3A0 caller=0x8238CF98
[INDIRECT] call target=0x8237C400 LR=0x8238CF98
[INDIRECT] returned target=0x8237C400 caller=0x8238CF98
[INDIRECT] call target=0x8237C4B8 LR=0x8238CF98
[INDIRECT] returned target=0x8237C4B8 caller=0x8238CF98
[INDIRECT] call target=0x8237C570 LR=0x8238CF98
[INDIRECT] returned target=0x8237C570 caller=0x8238CF98
[INDIRECT] call target=0x8237C628 LR=0x8238CF98
[INDIRECT] returned target=0x8237C628 caller=0x8238CF98
[INDIRECT] call target=0x8237C770 LR=0x8238CF98
[INDIRECT] returned target=0x8237C770 caller=0x8238CF98
[INDIRECT] call target=0x8237C7A8 LR=0x8238CF98
[INDIRECT] returned target=0x8237C7A8 caller=0x8238CF98
[INDIRECT] call target=0x8237C7E0 LR=0x8238CF98
[INDIRECT] returned target=0x8237C7E0 caller=0x8238CF98
[INDIRECT] call target=0x8237C808 LR=0x8238CF98
[INDIRECT] returned target=0x8237C808 caller=0x8238CF98
[INDIRECT] call target=0x8237C840 LR=0x8238CF98
[INDIRECT] returned target=0x8237C840 caller=0x8238CF98
[INDIRECT] call target=0x8237C880 LR=0x8238CF98
[INDIRECT] returned target=0x8237C880 caller=0x8238CF98
[INDIRECT] call target=0x8237C8B0 LR=0x8238CF98
[INDIRECT] returned target=0x8237C8B0 caller=0x8238CF98
[INDIRECT] call target=0x8237C8E0 LR=0x8238CF98
[INDIRECT] returned target=0x8237C8E0 caller=0x8238CF98
[INDIRECT] call target=0x8237C910 LR=0x8238CF98
[INDIRECT] returned target=0x8237C910 caller=0x8238CF98
[INDIRECT] call target=0x8237C940 LR=0x8238CF98
[INDIRECT] returned target=0x8237C940 caller=0x8238CF98
[INDIRECT] call target=0x8237C978 LR=0x8238CF98
[INDIRECT] returned target=0x8237C978 caller=0x8238CF98
[INDIRECT] call target=0x8237C9B0 LR=0x8238CF98
[INDIRECT] returned target=0x8237C9B0 caller=0x8238CF98
[INDIRECT] call target=0x8237C9E8 LR=0x8238CF98
[INDIRECT] returned target=0x8237C9E8 caller=0x8238CF98
[INDIRECT] call target=0x8237CA10 LR=0x8238CF98
[INDIRECT] returned target=0x8237CA10 caller=0x8238CF98
[INDIRECT] call target=0x8237CA20 LR=0x8238CF98
[INDIRECT] returned target=0x8237CA20 caller=0x8238CF98
[INDIRECT] call target=0x8237D180 LR=0x8238CFFC
[INDIRECT] returned target=0x8237D180 caller=0x8238CFFC
[INDIRECT] call target=0x8237D1D0 LR=0x8238CFFC
[INDIRECT] returned target=0x8237D1D0 caller=0x8238CFFC
[INDIRECT] call target=0x8237D220 LR=0x8238CFFC
[INDIRECT] returned target=0x8237D220 caller=0x8238CFFC
[INDIRECT] call target=0x8237D110 LR=0x8238CFFC
[INDIRECT] returned target=0x8237D110 caller=0x8238CFFC
[INDIRECT] call target=0x8237CBD0 LR=0x8238CFFC
[INDIRECT] returned target=0x8237CBD0 caller=0x8238CFFC
[INDIRECT] call target=0x8237CA40 LR=0x8238CFFC
[INDIRECT] returned target=0x8237CA40 caller=0x8238CFFC
[INDIRECT] call target=0x8237CD60 LR=0x8238CFFC
[INDIRECT] returned target=0x8237CD60 caller=0x8238CFFC
[INDIRECT] call target=0x8237CF70 LR=0x8238CFFC
[INDIRECT] returned target=0x8237CF70 caller=0x8238CFFC
[INDIRECT] call target=0x8237D010 LR=0x8238CFFC
[INDIRECT] returned target=0x8237D010 caller=0x8238CFFC
[INDIRECT] call target=0x8237CE50 LR=0x8238CFFC
[INDIRECT] returned target=0x8237CE50 caller=0x8238CFFC
[INDIRECT] call target=0x8237CCC8 LR=0x8238CFFC
[INDIRECT] returned target=0x8237CCC8 caller=0x8238CFFC
[INDIRECT] call target=0x8237CB38 LR=0x8238CFFC
[INDIRECT] returned target=0x8237CB38 caller=0x8238CFFC
[INDIRECT] call target=0x8237CDB8 LR=0x8238CFFC
[INDIRECT] returned target=0x8237CDB8 caller=0x8238CFFC
[INDIRECT] call target=0x8237D090 LR=0x8238CFFC
[INDIRECT] returned target=0x8237D090 caller=0x8238CFFC
[INDIRECT] call target=0x8237D270 LR=0x8238CFFC
[INDIRECT] returned target=0x8237D270 caller=0x8238CFFC
[INDIRECT] call target=0x8237CEC8 LR=0x8238CFFC
[INDIRECT] returned target=0x8237CEC8 caller=0x8238CFFC
[INDIRECT] call target=0x8237D2C8 LR=0x8238CFFC
[INDIRECT] returned target=0x8237D2C8 caller=0x8238CFFC
[INDIRECT] call target=0x8237D320 LR=0x8238CFFC
[INDIRECT] returned target=0x8237D320 caller=0x8238CFFC
[INDIRECT] call target=0x8237D378 LR=0x8238CFFC
[INDIRECT] returned target=0x8237D378 caller=0x8238CFFC
[INDIRECT] call target=0x8237D3D0 LR=0x8238CFFC
[INDIRECT] returned target=0x8237D3D0 caller=0x8238CFFC
[INDIRECT] call target=0x8237D180 LR=0x8238CFFC
[INDIRECT] returned target=0x8237D180 caller=0x8238CFFC
[INDIRECT] call target=0x8237D1D0 LR=0x8238CFFC
[INDIRECT] returned target=0x8237D1D0 caller=0x8238CFFC
[INDIRECT] call target=0x8237D220 LR=0x8238CFFC
[INDIRECT] returned target=0x8237D220 caller=0x8238CFFC
[INDIRECT] call target=0x8237D110 LR=0x8238CFFC
[INDIRECT] returned target=0x8237D110 caller=0x8238CFFC
[INDIRECT] call target=0x8237CBD0 LR=0x8238CFFC
[INDIRECT] returned target=0x8237CBD0 caller=0x8238CFFC
[INDIRECT] call target=0x8237CA40 LR=0x8238CFFC
[INDIRECT] returned target=0x8237CA40 caller=0x8238CFFC
[INDIRECT] call target=0x8237CD60 LR=0x8238CFFC
[INDIRECT] returned target=0x8237CD60 caller=0x8238CFFC
[INDIRECT] call target=0x8237CF70 LR=0x8238CFFC
[INDIRECT] returned target=0x8237CF70 caller=0x8238CFFC
[INDIRECT] call target=0x8237D010 LR=0x8238CFFC
[INDIRECT] returned target=0x8237D010 caller=0x8238CFFC
[INDIRECT] call target=0x8237CE50 LR=0x8238CFFC
[INDIRECT] returned target=0x8237CE50 caller=0x8238CFFC
[INDIRECT] call target=0x8237CCC8 LR=0x8238CFFC
[INDIRECT] returned target=0x8237CCC8 caller=0x8238CFFC
[INDIRECT] call target=0x8237CB38 LR=0x8238CFFC
[INDIRECT] returned target=0x8237CB38 caller=0x8238CFFC
[INDIRECT] call target=0x8237CDB8 LR=0x8238CFFC
[INDIRECT] returned target=0x8237CDB8 caller=0x8238CFFC
[INDIRECT] call target=0x8237D090 LR=0x8238CFFC
[INDIRECT] returned target=0x8237D090 caller=0x8238CFFC
[INDIRECT] call target=0x8237D270 LR=0x8238CFFC
[INDIRECT] returned target=0x8237D270 caller=0x8238CFFC
[INDIRECT] call target=0x8237CEC8 LR=0x8238CFFC
[INDIRECT] returned target=0x8237CEC8 caller=0x8238CFFC
[INDIRECT] call target=0x8237D2C8 LR=0x8238CFFC
[INDIRECT] returned target=0x8237D2C8 caller=0x8238CFFC
[INDIRECT] call target=0x8237D320 LR=0x8238CFFC
[INDIRECT] returned target=0x8237D320 caller=0x8238CFFC
[INDIRECT] call target=0x8237D378 LR=0x8238CFFC
[INDIRECT] returned target=0x8237D378 caller=0x8238CFFC
[INDIRECT] call target=0x8237D3D0 LR=0x8238CFFC
[INDIRECT] returned target=0x8237D3D0 caller=0x8238CFFC
[INDIRECT] call target=0x8237D180 LR=0x8238CFFC
[INDIRECT] returned target=0x8237D180 caller=0x8238CFFC
[INDIRECT] call target=0x8237D1D0 LR=0x8238CFFC
[INDIRECT] returned target=0x8237D1D0 caller=0x8238CFFC
[INDIRECT] call target=0x8237D220 LR=0x8238CFFC
[INDIRECT] returned target=0x8237D220 caller=0x8238CFFC
[INDIRECT] call target=0x8237D110 LR=0x8238CFFC
[INDIRECT] returned target=0x8237D110 caller=0x8238CFFC
[INDIRECT] call target=0x8237CBD0 LR=0x8238CFFC
[INDIRECT] returned target=0x8237CBD0 caller=0x8238CFFC
[INDIRECT] call target=0x8237CA40 LR=0x8238CFFC
[INDIRECT] returned target=0x8237CA40 caller=0x8238CFFC
[INDIRECT] call target=0x8237CD60 LR=0x8238CFFC
[INDIRECT] returned target=0x8237CD60 caller=0x8238CFFC
[INDIRECT] call target=0x8237CF70 LR=0x8238CFFC
[INDIRECT] returned target=0x8237CF70 caller=0x8238CFFC
[INDIRECT] call target=0x8237D010 LR=0x8238CFFC
[INDIRECT] returned target=0x8237D010 caller=0x8238CFFC
[INDIRECT] call target=0x8237CE50 LR=0x8238CFFC
[INDIRECT] returned target=0x8237CE50 caller=0x8238CFFC
[INDIRECT] call target=0x8237CCC8 LR=0x8238CFFC
[INDIRECT] returned target=0x8237CCC8 caller=0x8238CFFC
[INDIRECT] call target=0x8237CB38 LR=0x8238CFFC
[INDIRECT] returned target=0x8237CB38 caller=0x8238CFFC
[INDIRECT] call target=0x8237CDB8 LR=0x8238CFFC
[INDIRECT] returned target=0x8237CDB8 caller=0x8238CFFC
[INDIRECT] call target=0x8237D090 LR=0x8238CFFC
[INDIRECT] returned target=0x8237D090 caller=0x8238CFFC
[INDIRECT] call target=0x8237D270 LR=0x8238CFFC
[INDIRECT] returned target=0x8237D270 caller=0x8238CFFC
[INDIRECT] call target=0x8237CEC8 LR=0x8238CFFC
[INDIRECT] returned target=0x8237CEC8 caller=0x8238CFFC
[INDIRECT] call target=0x8237D2C8 LR=0x8238CFFC
[INDIRECT] returned target=0x8237D2C8 caller=0x8238CFFC
[INDIRECT] call target=0x8237D320 LR=0x8238CFFC
[INDIRECT] returned target=0x8237D320 caller=0x8238CFFC
[INDIRECT] call target=0x8237D378 LR=0x8238CFFC
[INDIRECT] returned target=0x8237D378 caller=0x8238CFFC
[INDIRECT] call target=0x8237D3D0 LR=0x8238CFFC
[INDIRECT] returned target=0x8237D3D0 caller=0x8238CFFC
[INDIRECT] call target=0x8237D180 LR=0x8238CFFC
[INDIRECT] returned target=0x8237D180 caller=0x8238CFFC
[INDIRECT] call target=0x8237D1D0 LR=0x8238CFFC
[INDIRECT] returned target=0x8237D1D0 caller=0x8238CFFC
[INDIRECT] call target=0x8237D220 LR=0x8238CFFC
[INDIRECT] returned target=0x8237D220 caller=0x8238CFFC
[INDIRECT] call target=0x8237D110 LR=0x8238CFFC
[INDIRECT] returned target=0x8237D110 caller=0x8238CFFC
[INDIRECT] call target=0x8237CBD0 LR=0x8238CFFC
[INDIRECT] returned target=0x8237CBD0 caller=0x8238CFFC
[INDIRECT] call target=0x8237CA40 LR=0x8238CFFC
[INDIRECT] returned target=0x8237CA40 caller=0x8238CFFC
[INDIRECT] call target=0x8237CD60 LR=0x8238CFFC
[INDIRECT] returned target=0x8237CD60 caller=0x8238CFFC
[INDIRECT] call target=0x8237CF70 LR=0x8238CFFC
[INDIRECT] returned target=0x8237CF70 caller=0x8238CFFC
[INDIRECT] call target=0x8237D010 LR=0x8238CFFC
[INDIRECT] returned target=0x8237D010 caller=0x8238CFFC
[INDIRECT] call target=0x8237CE50 LR=0x8238CFFC
[INDIRECT] returned target=0x8237CE50 caller=0x8238CFFC
[INDIRECT] call target=0x8237CCC8 LR=0x8238CFFC
[INDIRECT] returned target=0x8237CCC8 caller=0x8238CFFC
[INDIRECT] call target=0x8237CB38 LR=0x8238CFFC
[INDIRECT] returned target=0x8237CB38 caller=0x8238CFFC
[INDIRECT] call target=0x8237CDB8 LR=0x8238CFFC
[INDIRECT] returned target=0x8237CDB8 caller=0x8238CFFC
[INDIRECT] call target=0x8237D090 LR=0x8238CFFC
[INDIRECT] returned target=0x8237D090 caller=0x8238CFFC
[INDIRECT] call target=0x8237D270 LR=0x8238CFFC
[INDIRECT] returned target=0x8237D270 caller=0x8238CFFC
[INDIRECT] call target=0x8237CEC8 LR=0x8238CFFC
[INDIRECT] returned target=0x8237CEC8 caller=0x8238CFFC
[INDIRECT] call target=0x8237D2C8 LR=0x8238CFFC
[INDIRECT] returned target=0x8237D2C8 caller=0x8238CFFC
[INDIRECT] call target=0x8237D320 LR=0x8238CFFC
[INDIRECT] returned target=0x8237D320 caller=0x8238CFFC
[INDIRECT] call target=0x8237D378 LR=0x8238CFFC
[INDIRECT] returned target=0x8237D378 caller=0x8238CFFC
[INDIRECT] call target=0x8237D3D0 LR=0x8238CFFC
[INDIRECT] returned target=0x8237D3D0 caller=0x8238CFFC
[INDIRECT] call target=0x8237D180 LR=0x8238CFFC
[INDIRECT] returned target=0x8237D180 caller=0x8238CFFC
[INDIRECT] call target=0x8237D1D0 LR=0x8238CFFC
[INDIRECT] returned target=0x8237D1D0 caller=0x8238CFFC
[INDIRECT] call target=0x8237D220 LR=0x8238CFFC
[INDIRECT] returned target=0x8237D220 caller=0x8238CFFC
[INDIRECT] call target=0x8237D110 LR=0x8238CFFC
[INDIRECT] returned target=0x8237D110 caller=0x8238CFFC
[INDIRECT] call target=0x8237CBD0 LR=0x8238CFFC
[INDIRECT] returned target=0x8237CBD0 caller=0x8238CFFC
[INDIRECT] call target=0x8237CA40 LR=0x8238CFFC
[INDIRECT] returned target=0x8237CA40 caller=0x8238CFFC
[INDIRECT] call target=0x8237CD60 LR=0x8238CFFC
[INDIRECT] returned target=0x8237CD60 caller=0x8238CFFC
[INDIRECT] call target=0x8237CF70 LR=0x8238CFFC
[INDIRECT] returned target=0x8237CF70 caller=0x8238CFFC
[INDIRECT] call target=0x8237D010 LR=0x8238CFFC
[INDIRECT] returned target=0x8237D010 caller=0x8238CFFC
[INDIRECT] call target=0x8237CE50 LR=0x8238CFFC
[INDIRECT] returned target=0x8237CE50 caller=0x8238CFFC
[INDIRECT] call target=0x8237CCC8 LR=0x8238CFFC
[INDIRECT] returned target=0x8237CCC8 caller=0x8238CFFC
[INDIRECT] call target=0x8237CB38 LR=0x8238CFFC
[INDIRECT] returned target=0x8237CB38 caller=0x8238CFFC
[INDIRECT] call target=0x8237CDB8 LR=0x8238CFFC
[INDIRECT] returned target=0x8237CDB8 caller=0x8238CFFC
[INDIRECT] call target=0x8237D090 LR=0x8238CFFC
[INDIRECT] returned target=0x8237D090 caller=0x8238CFFC
[INDIRECT] call target=0x8237D270 LR=0x8238CFFC
[INDIRECT] returned target=0x8237D270 caller=0x8238CFFC
[INDIRECT] call target=0x8237CEC8 LR=0x8238CFFC
[INDIRECT] returned target=0x8237CEC8 caller=0x8238CFFC
[INDIRECT] call target=0x8237D2C8 LR=0x8238CFFC
[INDIRECT] returned target=0x8237D2C8 caller=0x8238CFFC
[INDIRECT] call target=0x8237D320 LR=0x8238CFFC
[INDIRECT] returned target=0x8237D320 caller=0x8238CFFC
[INDIRECT] call target=0x8237D378 LR=0x8238CFFC
[INDIRECT] returned target=0x8237D378 caller=0x8238CFFC
[INDIRECT] call target=0x8237D3D0 LR=0x8238CFFC
[INDIRECT] returned target=0x8237D3D0 caller=0x8238CFFC
[INDIRECT] call target=0x8237D180 LR=0x8238CFFC
[INDIRECT] returned target=0x8237D180 caller=0x8238CFFC
[INDIRECT] call target=0x8237D1D0 LR=0x8238CFFC
[INDIRECT] returned target=0x8237D1D0 caller=0x8238CFFC
[INDIRECT] call target=0x8237D220 LR=0x8238CFFC
[INDIRECT] returned target=0x8237D220 caller=0x8238CFFC
[INDIRECT] call target=0x8237D110 LR=0x8238CFFC
[INDIRECT] returned target=0x8237D110 caller=0x8238CFFC
[INDIRECT] call target=0x8237CBD0 LR=0x8238CFFC
[INDIRECT] returned target=0x8237CBD0 caller=0x8238CFFC
[INDIRECT] call target=0x8237CA40 LR=0x8238CFFC
[INDIRECT] returned target=0x8237CA40 caller=0x8238CFFC
[INDIRECT] call target=0x8237CD60 LR=0x8238CFFC
[INDIRECT] returned target=0x8237CD60 caller=0x8238CFFC
[INDIRECT] call target=0x8237CF70 LR=0x8238CFFC
[INDIRECT] returned target=0x8237CF70 caller=0x8238CFFC
[INDIRECT] call target=0x8237D010 LR=0x8238CFFC
[INDIRECT] returned target=0x8237D010 caller=0x8238CFFC
[INDIRECT] call target=0x8237CE50 LR=0x8238CFFC
[INDIRECT] returned target=0x8237CE50 caller=0x8238CFFC
[INDIRECT] call target=0x8237CCC8 LR=0x8238CFFC
[INDIRECT] returned target=0x8237CCC8 caller=0x8238CFFC
[INDIRECT] call target=0x8237CB38 LR=0x8238CFFC
[INDIRECT] returned target=0x8237CB38 caller=0x8238CFFC
[INDIRECT] call target=0x8237CDB8 LR=0x8238CFFC
[INDIRECT] returned target=0x8237CDB8 caller=0x8238CFFC
[INDIRECT] call target=0x8237D090 LR=0x8238CFFC
[INDIRECT] returned target=0x8237D090 caller=0x8238CFFC
[INDIRECT] call target=0x8237D270 LR=0x8238CFFC
[INDIRECT] returned target=0x8237D270 caller=0x8238CFFC
[INDIRECT] call target=0x8237CEC8 LR=0x8238CFFC
[INDIRECT] returned target=0x8237CEC8 caller=0x8238CFFC
[INDIRECT] call target=0x8237D2C8 LR=0x8238CFFC
[INDIRECT] returned target=0x8237D2C8 caller=0x8238CFFC
[INDIRECT] call target=0x8237D320 LR=0x8238CFFC
[INDIRECT] returned target=0x8237D320 caller=0x8238CFFC
[INDIRECT] call target=0x8237D378 LR=0x8238CFFC
[INDIRECT] returned target=0x8237D378 caller=0x8238CFFC
[INDIRECT] call target=0x8237D3D0 LR=0x8238CFFC
[INDIRECT] returned target=0x8237D3D0 caller=0x8238CFFC
[INDIRECT] call target=0x8237D180 LR=0x8238CFFC
[INDIRECT] returned target=0x8237D180 caller=0x8238CFFC
[INDIRECT] call target=0x8237D1D0 LR=0x8238CFFC
[INDIRECT] returned target=0x8237D1D0 caller=0x8238CFFC
[INDIRECT] call target=0x8237D220 LR=0x8238CFFC
[INDIRECT] returned target=0x8237D220 caller=0x8238CFFC
[INDIRECT] call target=0x8237D110 LR=0x8238CFFC
[INDIRECT] returned target=0x8237D110 caller=0x8238CFFC
[INDIRECT] call target=0x8237CBD0 LR=0x8238CFFC
[INDIRECT] returned target=0x8237CBD0 caller=0x8238CFFC
[INDIRECT] call target=0x8237CA40 LR=0x8238CFFC
[INDIRECT] returned target=0x8237CA40 caller=0x8238CFFC
[INDIRECT] call target=0x8237CD60 LR=0x8238CFFC
[INDIRECT] returned target=0x8237CD60 caller=0x8238CFFC
[INDIRECT] call target=0x8237CF70 LR=0x8238CFFC
[INDIRECT] returned target=0x8237CF70 caller=0x8238CFFC
[INDIRECT] call target=0x8237D010 LR=0x8238CFFC
[INDIRECT] returned target=0x8237D010 caller=0x8238CFFC
[INDIRECT] call target=0x8237CE50 LR=0x8238CFFC
[INDIRECT] returned target=0x8237CE50 caller=0x8238CFFC
[INDIRECT] call target=0x8237CCC8 LR=0x8238CFFC
[INDIRECT] returned target=0x8237CCC8 caller=0x8238CFFC
[INDIRECT] call target=0x8237CB38 LR=0x8238CFFC
[INDIRECT] returned target=0x8237CB38 caller=0x8238CFFC
[INDIRECT] call target=0x8237CDB8 LR=0x8238CFFC
[INDIRECT] returned target=0x8237CDB8 caller=0x8238CFFC
[INDIRECT] call target=0x8237D090 LR=0x8238CFFC
[INDIRECT] returned target=0x8237D090 caller=0x8238CFFC
[INDIRECT] call target=0x8237D270 LR=0x8238CFFC
[INDIRECT] returned target=0x8237D270 caller=0x8238CFFC
[INDIRECT] call target=0x8237CEC8 LR=0x8238CFFC
[INDIRECT] returned target=0x8237CEC8 caller=0x8238CFFC
[INDIRECT] call target=0x8237D2C8 LR=0x8238CFFC
[INDIRECT] returned target=0x8237D2C8 caller=0x8238CFFC
[INDIRECT] call target=0x8237D320 LR=0x8238CFFC
[INDIRECT] returned target=0x8237D320 caller=0x8238CFFC
[INDIRECT] call target=0x8237D378 LR=0x8238CFFC
[INDIRECT] returned target=0x8237D378 caller=0x8238CFFC
[INDIRECT] call target=0x8237D3D0 LR=0x8238CFFC
[INDIRECT] returned target=0x8237D3D0 caller=0x8238CFFC
[INDIRECT] call target=0x8237D180 LR=0x8238CFFC
[INDIRECT] returned target=0x8237D180 caller=0x8238CFFC
[INDIRECT] call target=0x8237D1D0 LR=0x8238CFFC
[INDIRECT] returned target=0x8237D1D0 caller=0x8238CFFC
[INDIRECT] call target=0x8237D220 LR=0x8238CFFC
[INDIRECT] returned target=0x8237D220 caller=0x8238CFFC
[INDIRECT] call target=0x8237D110 LR=0x8238CFFC
[INDIRECT] returned target=0x8237D110 caller=0x8238CFFC
[INDIRECT] call target=0x8237CBD0 LR=0x8238CFFC
[INDIRECT] returned target=0x8237CBD0 caller=0x8238CFFC
[INDIRECT] call target=0x8237CA40 LR=0x8238CFFC
[INDIRECT] returned target=0x8237CA40 caller=0x8238CFFC
[INDIRECT] call target=0x8237CD60 LR=0x8238CFFC
[INDIRECT] returned target=0x8237CD60 caller=0x8238CFFC
[INDIRECT] call target=0x8237CF70 LR=0x8238CFFC
[INDIRECT] returned target=0x8237CF70 caller=0x8238CFFC
[INDIRECT] call target=0x8237D010 LR=0x8238CFFC
[INDIRECT] returned target=0x8237D010 caller=0x8238CFFC
[INDIRECT] call target=0x8237CE50 LR=0x8238CFFC
[INDIRECT] returned target=0x8237CE50 caller=0x8238CFFC
[INDIRECT] call target=0x8237CCC8 LR=0x8238CFFC
[INDIRECT] returned target=0x8237CCC8 caller=0x8238CFFC
[INDIRECT] call target=0x8237CB38 LR=0x8238CFFC
[INDIRECT] returned target=0x8237CB38 caller=0x8238CFFC
[INDIRECT] call target=0x8237CDB8 LR=0x8238CFFC
[INDIRECT] returned target=0x8237CDB8 caller=0x8238CFFC
[INDIRECT] call target=0x8237D090 LR=0x8238CFFC
[INDIRECT] returned target=0x8237D090 caller=0x8238CFFC
[INDIRECT] call target=0x8237D270 LR=0x8238CFFC
[INDIRECT] returned target=0x8237D270 caller=0x8238CFFC
[INDIRECT] call target=0x8237CEC8 LR=0x8238CFFC
[INDIRECT] returned target=0x8237CEC8 caller=0x8238CFFC
[INDIRECT] call target=0x8237D2C8 LR=0x8238CFFC
[INDIRECT] returned target=0x8237D2C8 caller=0x8238CFFC
[INDIRECT] call target=0x8237D320 LR=0x8238CFFC
[INDIRECT] returned target=0x8237D320 caller=0x8238CFFC
[INDIRECT] call target=0x8237D378 LR=0x8238CFFC
[INDIRECT] returned target=0x8237D378 caller=0x8238CFFC
[INDIRECT] call target=0x8237D3D0 LR=0x8238CFFC
[INDIRECT] returned target=0x8237D3D0 caller=0x8238CFFC
[INDIRECT] call target=0x8237D180 LR=0x8238CFFC
[INDIRECT] returned target=0x8237D180 caller=0x8238CFFC
[INDIRECT] call target=0x8237D1D0 LR=0x8238CFFC
[INDIRECT] returned target=0x8237D1D0 caller=0x8238CFFC
[INDIRECT] call target=0x8237D220 LR=0x8238CFFC
[INDIRECT] returned target=0x8237D220 caller=0x8238CFFC
[INDIRECT] call target=0x8237D110 LR=0x8238CFFC
[INDIRECT] returned target=0x8237D110 caller=0x8238CFFC
[INDIRECT] call target=0x8237CBD0 LR=0x8238CFFC
[INDIRECT] returned target=0x8237CBD0 caller=0x8238CFFC
[INDIRECT] call target=0x8237CA40 LR=0x8238CFFC
[INDIRECT] returned target=0x8237CA40 caller=0x8238CFFC
[INDIRECT] call target=0x8237CD60 LR=0x8238CFFC
[INDIRECT] returned target=0x8237CD60 caller=0x8238CFFC
[INDIRECT] call target=0x8237CF70 LR=0x8238CFFC
[INDIRECT] returned target=0x8237CF70 caller=0x8238CFFC
[INDIRECT] call target=0x8237D010 LR=0x8238CFFC
[INDIRECT] returned target=0x8237D010 caller=0x8238CFFC
[INDIRECT] call target=0x8237CE50 LR=0x8238CFFC
[INDIRECT] returned target=0x8237CE50 caller=0x8238CFFC
[INDIRECT] call target=0x8237CCC8 LR=0x8238CFFC
[INDIRECT] returned target=0x8237CCC8 caller=0x8238CFFC
[INDIRECT] call target=0x8237CB38 LR=0x8238CFFC
[INDIRECT] returned target=0x8237CB38 caller=0x8238CFFC
[INDIRECT] call target=0x8237CDB8 LR=0x8238CFFC
[INDIRECT] returned target=0x8237CDB8 caller=0x8238CFFC
[INDIRECT] call target=0x8237D090 LR=0x8238CFFC
[INDIRECT] returned target=0x8237D090 caller=0x8238CFFC
[INDIRECT] call target=0x8237D270 LR=0x8238CFFC
[INDIRECT] returned target=0x8237D270 caller=0x8238CFFC
[INDIRECT] call target=0x8237CEC8 LR=0x8238CFFC
[INDIRECT] returned target=0x8237CEC8 caller=0x8238CFFC
[INDIRECT] call target=0x8237D2C8 LR=0x8238CFFC
[INDIRECT] returned target=0x8237D2C8 caller=0x8238CFFC
[INDIRECT] call target=0x8237D320 LR=0x8238CFFC
[INDIRECT] returned target=0x8237D320 caller=0x8238CFFC
[INDIRECT] call target=0x8237D378 LR=0x8238CFFC
[INDIRECT] returned target=0x8237D378 caller=0x8238CFFC
[INDIRECT] call target=0x8237D3D0 LR=0x8238CFFC
[INDIRECT] returned target=0x8237D3D0 caller=0x8238CFFC
[INDIRECT] call target=0x8237D180 LR=0x8238CFFC
[INDIRECT] returned target=0x8237D180 caller=0x8238CFFC
[INDIRECT] call target=0x8237D1D0 LR=0x8238CFFC
[INDIRECT] returned target=0x8237D1D0 caller=0x8238CFFC
[INDIRECT] call target=0x8237D220 LR=0x8238CFFC
[INDIRECT] returned target=0x8237D220 caller=0x8238CFFC
[INDIRECT] call target=0x8237D110 LR=0x8238CFFC
[INDIRECT] returned target=0x8237D110 caller=0x8238CFFC
[INDIRECT] call target=0x8237CBD0 LR=0x8238CFFC
[INDIRECT] returned target=0x8237CBD0 caller=0x8238CFFC
[INDIRECT] call target=0x8237CA40 LR=0x8238CFFC
[INDIRECT] returned target=0x8237CA40 caller=0x8238CFFC
[INDIRECT] call target=0x8237CD60 LR=0x8238CFFC
[INDIRECT] returned target=0x8237CD60 caller=0x8238CFFC
[INDIRECT] call target=0x8237CF70 LR=0x8238CFFC
[INDIRECT] returned target=0x8237CF70 caller=0x8238CFFC
[INDIRECT] call target=0x8237D010 LR=0x8238CFFC
[INDIRECT] returned target=0x8237D010 caller=0x8238CFFC
[INDIRECT] call target=0x8237CE50 LR=0x8238CFFC
[INDIRECT] returned target=0x8237CE50 caller=0x8238CFFC
[INDIRECT] call target=0x8237CCC8 LR=0x8238CFFC
[INDIRECT] returned target=0x8237CCC8 caller=0x8238CFFC
[INDIRECT] call target=0x8237CB38 LR=0x8238CFFC
[INDIRECT] returned target=0x8237CB38 caller=0x8238CFFC
[INDIRECT] call target=0x8237CDB8 LR=0x8238CFFC
[INDIRECT] returned target=0x8237CDB8 caller=0x8238CFFC
[INDIRECT] call target=0x8237D090 LR=0x8238CFFC
[INDIRECT] returned target=0x8237D090 caller=0x8238CFFC
[INDIRECT] call target=0x8237D270 LR=0x8238CFFC
[INDIRECT] returned target=0x8237D270 caller=0x8238CFFC
[INDIRECT] call target=0x8237CEC8 LR=0x8238CFFC
[INDIRECT] returned target=0x8237CEC8 caller=0x8238CFFC
[INDIRECT] call target=0x8237D2C8 LR=0x8238CFFC
[INDIRECT] returned target=0x8237D2C8 caller=0x8238CFFC
[INDIRECT] call target=0x8237D320 LR=0x8238CFFC
[INDIRECT] returned target=0x8237D320 caller=0x8238CFFC
[INDIRECT] call target=0x8237D378 LR=0x8238CFFC
[INDIRECT] returned target=0x8237D378 caller=0x8238CFFC
[INDIRECT] call target=0x8237D3D0 LR=0x8238CFFC
[INDIRECT] returned target=0x8237D3D0 caller=0x8238CFFC
[INDIRECT] call target=0x8237D180 LR=0x8238CFFC
[INDIRECT] returned target=0x8237D180 caller=0x8238CFFC
[INDIRECT] call target=0x8237D1D0 LR=0x8238CFFC
[INDIRECT] returned target=0x8237D1D0 caller=0x8238CFFC
[INDIRECT] call target=0x8237D220 LR=0x8238CFFC
[INDIRECT] returned target=0x8237D220 caller=0x8238CFFC
[INDIRECT] call target=0x8237D110 LR=0x8238CFFC
[INDIRECT] returned target=0x8237D110 caller=0x8238CFFC
[INDIRECT] call target=0x8237CBD0 LR=0x8238CFFC
[INDIRECT] returned target=0x8237CBD0 caller=0x8238CFFC
[INDIRECT] call target=0x8237CA40 LR=0x8238CFFC
[INDIRECT] returned target=0x8237CA40 caller=0x8238CFFC
[INDIRECT] call target=0x8237CD60 LR=0x8238CFFC
[INDIRECT] returned target=0x8237CD60 caller=0x8238CFFC
[INDIRECT] call target=0x8237CF70 LR=0x8238CFFC
[INDIRECT] returned target=0x8237CF70 caller=0x8238CFFC
[INDIRECT] call target=0x8237D010 LR=0x8238CFFC
[INDIRECT] returned target=0x8237D010 caller=0x8238CFFC
[INDIRECT] call target=0x8237CE50 LR=0x8238CFFC
[INDIRECT] returned target=0x8237CE50 caller=0x8238CFFC
[INDIRECT] call target=0x8237CCC8 LR=0x8238CFFC
[INDIRECT] returned target=0x8237CCC8 caller=0x8238CFFC
[INDIRECT] call target=0x8237CB38 LR=0x8238CFFC
[INDIRECT] returned target=0x8237CB38 caller=0x8238CFFC
[INDIRECT] call target=0x8237CDB8 LR=0x8238CFFC
[INDIRECT] returned target=0x8237CDB8 caller=0x8238CFFC
[INDIRECT] call target=0x8237D090 LR=0x8238CFFC
[INDIRECT] returned target=0x8237D090 caller=0x8238CFFC
[INDIRECT] call target=0x8237D270 LR=0x8238CFFC
[INDIRECT] returned target=0x8237D270 caller=0x8238CFFC
[INDIRECT] call target=0x8237CEC8 LR=0x8238CFFC
[INDIRECT] returned target=0x8237CEC8 caller=0x8238CFFC
[INDIRECT] call target=0x8237D2C8 LR=0x8238CFFC
[INDIRECT] returned target=0x8237D2C8 caller=0x8238CFFC
[INDIRECT] call target=0x8237D320 LR=0x8238CFFC
[INDIRECT] returned target=0x8237D320 caller=0x8238CFFC
[INDIRECT] call target=0x8237D378 LR=0x8238CFFC
[INDIRECT] returned target=0x8237D378 caller=0x8238CFFC
[INDIRECT] call target=0x8237D3D0 LR=0x8238CFFC
[INDIRECT] returned target=0x8237D3D0 caller=0x8238CFFC
[INDIRECT] call target=0x8237D180 LR=0x8238CFFC
[INDIRECT] returned target=0x8237D180 caller=0x8238CFFC
[INDIRECT] call target=0x8237D1D0 LR=0x8238CFFC
[INDIRECT] returned target=0x8237D1D0 caller=0x8238CFFC
[INDIRECT] call target=0x8237D220 LR=0x8238CFFC
[INDIRECT] returned target=0x8237D220 caller=0x8238CFFC
[INDIRECT] call target=0x8237D110 LR=0x8238CFFC
[INDIRECT] returned target=0x8237D110 caller=0x8238CFFC
[INDIRECT] call target=0x8237CBD0 LR=0x8238CFFC
[INDIRECT] returned target=0x8237CBD0 caller=0x8238CFFC
[INDIRECT] call target=0x8237CA40 LR=0x8238CFFC
[INDIRECT] returned target=0x8237CA40 caller=0x8238CFFC
[INDIRECT] call target=0x8237CD60 LR=0x8238CFFC
[INDIRECT] returned target=0x8237CD60 caller=0x8238CFFC
[INDIRECT] call target=0x8237CF70 LR=0x8238CFFC
[INDIRECT] returned target=0x8237CF70 caller=0x8238CFFC
[INDIRECT] call target=0x8237D010 LR=0x8238CFFC
[INDIRECT] returned target=0x8237D010 caller=0x8238CFFC
[INDIRECT] call target=0x8237CE50 LR=0x8238CFFC
[INDIRECT] returned target=0x8237CE50 caller=0x8238CFFC
[INDIRECT] call target=0x8237CCC8 LR=0x8238CFFC
[INDIRECT] returned target=0x8237CCC8 caller=0x8238CFFC
[INDIRECT] call target=0x8237CB38 LR=0x8238CFFC
[INDIRECT] returned target=0x8237CB38 caller=0x8238CFFC
[INDIRECT] call target=0x8237CDB8 LR=0x8238CFFC
[INDIRECT] returned target=0x8237CDB8 caller=0x8238CFFC
[INDIRECT] call target=0x8237D090 LR=0x8238CFFC
[INDIRECT] returned target=0x8237D090 caller=0x8238CFFC
[INDIRECT] call target=0x8237D270 LR=0x8238CFFC
[INDIRECT] returned target=0x8237D270 caller=0x8238CFFC
[INDIRECT] call target=0x8237CEC8 LR=0x8238CFFC
[INDIRECT] returned target=0x8237CEC8 caller=0x8238CFFC
[INDIRECT] call target=0x8237D2C8 LR=0x8238CFFC
[INDIRECT] returned target=0x8237D2C8 caller=0x8238CFFC
[INDIRECT] call target=0x8237D320 LR=0x8238CFFC
[INDIRECT] returned target=0x8237D320 caller=0x8238CFFC
[INDIRECT] call target=0x8237D378 LR=0x8238CFFC
[INDIRECT] returned target=0x8237D378 caller=0x8238CFFC
[INDIRECT] call target=0x8237D3D0 LR=0x8238CFFC
[INDIRECT] returned target=0x8237D3D0 caller=0x8238CFFC
[INDIRECT] call target=0x8237D180 LR=0x8238CFFC
[INDIRECT] returned target=0x8237D180 caller=0x8238CFFC
[INDIRECT] call target=0x8237D1D0 LR=0x8238CFFC
[INDIRECT] returned target=0x8237D1D0 caller=0x8238CFFC
[INDIRECT] call target=0x8237D220 LR=0x8238CFFC
[INDIRECT] returned target=0x8237D220 caller=0x8238CFFC
[INDIRECT] call target=0x8237D110 LR=0x8238CFFC
[INDIRECT] returned target=0x8237D110 caller=0x8238CFFC
[INDIRECT] call target=0x8237CBD0 LR=0x8238CFFC
[INDIRECT] returned target=0x8237CBD0 caller=0x8238CFFC
[INDIRECT] call target=0x8237CA40 LR=0x8238CFFC
[INDIRECT] returned target=0x8237CA40 caller=0x8238CFFC
[INDIRECT] call target=0x8237CD60 LR=0x8238CFFC
[INDIRECT] returned target=0x8237CD60 caller=0x8238CFFC
[INDIRECT] call target=0x8237CF70 LR=0x8238CFFC
[INDIRECT] returned target=0x8237CF70 caller=0x8238CFFC
[INDIRECT] call target=0x8237D010 LR=0x8238CFFC
[INDIRECT] returned target=0x8237D010 caller=0x8238CFFC
[INDIRECT] call target=0x8237CE50 LR=0x8238CFFC
[INDIRECT] returned target=0x8237CE50 caller=0x8238CFFC
[INDIRECT] call target=0x8237CCC8 LR=0x8238CFFC
[INDIRECT] returned target=0x8237CCC8 caller=0x8238CFFC
[INDIRECT] call target=0x8237CB38 LR=0x8238CFFC
[INDIRECT] returned target=0x8237CB38 caller=0x8238CFFC
[INDIRECT] call target=0x8237CDB8 LR=0x8238CFFC
[INDIRECT] returned target=0x8237CDB8 caller=0x8238CFFC
[INDIRECT] call target=0x8237D090 LR=0x8238CFFC
[INDIRECT] returned target=0x8237D090 caller=0x8238CFFC
[INDIRECT] call target=0x8237D270 LR=0x8238CFFC
[INDIRECT] returned target=0x8237D270 caller=0x8238CFFC
[INDIRECT] call target=0x8237CEC8 LR=0x8238CFFC
[INDIRECT] returned target=0x8237CEC8 caller=0x8238CFFC
[INDIRECT] call target=0x8237D2C8 LR=0x8238CFFC
[INDIRECT] returned target=0x8237D2C8 caller=0x8238CFFC
[INDIRECT] call target=0x8237D320 LR=0x8238CFFC
[INDIRECT] returned target=0x8237D320 caller=0x8238CFFC
[INDIRECT] call target=0x8237D378 LR=0x8238CFFC
[INDIRECT] returned target=0x8237D378 caller=0x8238CFFC
[INDIRECT] call target=0x8237D3D0 LR=0x8238CFFC
[INDIRECT] returned target=0x8237D3D0 caller=0x8238CFFC
[INDIRECT] call target=0x8237D180 LR=0x8238CFFC
[INDIRECT] returned target=0x8237D180 caller=0x8238CFFC
[INDIRECT] call target=0x8237D1D0 LR=0x8238CFFC
[INDIRECT] returned target=0x8237D1D0 caller=0x8238CFFC
[INDIRECT] call target=0x8237D220 LR=0x8238CFFC
[INDIRECT] returned target=0x8237D220 caller=0x8238CFFC
[INDIRECT] call target=0x8237D110 LR=0x8238CFFC
[INDIRECT] returned target=0x8237D110 caller=0x8238CFFC
[INDIRECT] call target=0x8237CBD0 LR=0x8238CFFC
[INDIRECT] returned target=0x8237CBD0 caller=0x8238CFFC
[INDIRECT] call target=0x8237CA40 LR=0x8238CFFC
[INDIRECT] returned target=0x8237CA40 caller=0x8238CFFC
[INDIRECT] call target=0x8237CD60 LR=0x8238CFFC
[INDIRECT] returned target=0x8237CD60 caller=0x8238CFFC
[INDIRECT] call target=0x8237CF70 LR=0x8238CFFC
[INDIRECT] returned target=0x8237CF70 caller=0x8238CFFC
[INDIRECT] call target=0x8237D010 LR=0x8238CFFC
[INDIRECT] returned target=0x8237D010 caller=0x8238CFFC
[INDIRECT] call target=0x8237CE50 LR=0x8238CFFC
[INDIRECT] returned target=0x8237CE50 caller=0x8238CFFC
[INDIRECT] call target=0x8237CCC8 LR=0x8238CFFC
[INDIRECT] returned target=0x8237CCC8 caller=0x8238CFFC
[INDIRECT] call target=0x8237CB38 LR=0x8238CFFC
[INDIRECT] returned target=0x8237CB38 caller=0x8238CFFC
[INDIRECT] call target=0x8237CDB8 LR=0x8238CFFC
[INDIRECT] returned target=0x8237CDB8 caller=0x8238CFFC
[INDIRECT] call target=0x8237D090 LR=0x8238CFFC
[INDIRECT] returned target=0x8237D090 caller=0x8238CFFC
[INDIRECT] call target=0x8237D270 LR=0x8238CFFC
[INDIRECT] returned target=0x8237D270 caller=0x8238CFFC
[INDIRECT] call target=0x8237CEC8 LR=0x8238CFFC
[INDIRECT] returned target=0x8237CEC8 caller=0x8238CFFC
[INDIRECT] call target=0x8237D2C8 LR=0x8238CFFC
[INDIRECT] returned target=0x8237D2C8 caller=0x8238CFFC
[INDIRECT] call target=0x8237D320 LR=0x8238CFFC
[INDIRECT] returned target=0x8237D320 caller=0x8238CFFC
[INDIRECT] call target=0x8237D378 LR=0x8238CFFC
[INDIRECT] returned target=0x8237D378 caller=0x8238CFFC
[INDIRECT] call target=0x8237D3D0 LR=0x8238CFFC
[INDIRECT] returned target=0x8237D3D0 caller=0x8238CFFC
[INDIRECT] call target=0x8237D180 LR=0x8238CFFC
[INDIRECT] returned target=0x8237D180 caller=0x8238CFFC
[INDIRECT] call target=0x8237D1D0 LR=0x8238CFFC
[INDIRECT] returned target=0x8237D1D0 caller=0x8238CFFC
[INDIRECT] call target=0x8237D220 LR=0x8238CFFC
[INDIRECT] returned target=0x8237D220 caller=0x8238CFFC
[INDIRECT] call target=0x8237D110 LR=0x8238CFFC
[INDIRECT] returned target=0x8237D110 caller=0x8238CFFC
[INDIRECT] call target=0x8237CBD0 LR=0x8238CFFC
[INDIRECT] returned target=0x8237CBD0 caller=0x8238CFFC
[INDIRECT] call target=0x8237CA40 LR=0x8238CFFC
[INDIRECT] returned target=0x8237CA40 caller=0x8238CFFC
[INDIRECT] call target=0x8237CD60 LR=0x8238CFFC
[INDIRECT] returned target=0x8237CD60 caller=0x8238CFFC
[INDIRECT] call target=0x8237CF70 LR=0x8238CFFC
[INDIRECT] returned target=0x8237CF70 caller=0x8238CFFC
[INDIRECT] call target=0x8237D010 LR=0x8238CFFC
[INDIRECT] returned target=0x8237D010 caller=0x8238CFFC
[INDIRECT] call target=0x8237CE50 LR=0x8238CFFC
[INDIRECT] returned target=0x8237CE50 caller=0x8238CFFC
[INDIRECT] call target=0x8237CCC8 LR=0x8238CFFC
[INDIRECT] returned target=0x8237CCC8 caller=0x8238CFFC
[INDIRECT] call target=0x8237CB38 LR=0x8238CFFC
[INDIRECT] returned target=0x8237CB38 caller=0x8238CFFC
[INDIRECT] call target=0x8237CDB8 LR=0x8238CFFC
[INDIRECT] returned target=0x8237CDB8 caller=0x8238CFFC
[INDIRECT] call target=0x8237D090 LR=0x8238CFFC
[INDIRECT] returned target=0x8237D090 caller=0x8238CFFC
[INDIRECT] call target=0x8237D270 LR=0x8238CFFC
[INDIRECT] returned target=0x8237D270 caller=0x8238CFFC
[INDIRECT] call target=0x8237CEC8 LR=0x8238CFFC
[INDIRECT] returned target=0x8237CEC8 caller=0x8238CFFC
[INDIRECT] call target=0x8237D2C8 LR=0x8238CFFC
[INDIRECT] returned target=0x8237D2C8 caller=0x8238CFFC
[INDIRECT] call target=0x8237D320 LR=0x8238CFFC
[INDIRECT] returned target=0x8237D320 caller=0x8238CFFC
[INDIRECT] call target=0x8237D378 LR=0x8238CFFC
[INDIRECT] returned target=0x8237D378 caller=0x8238CFFC
[INDIRECT] call target=0x8237D3D0 LR=0x8238CFFC
[INDIRECT] returned target=0x8237D3D0 caller=0x8238CFFC
[INDIRECT] call target=0x8237D180 LR=0x8238CFFC
[INDIRECT] returned target=0x8237D180 caller=0x8238CFFC
[INDIRECT] call target=0x8237D1D0 LR=0x8238CFFC
[INDIRECT] returned target=0x8237D1D0 caller=0x8238CFFC
[INDIRECT] call target=0x8237D220 LR=0x8238CFFC
[INDIRECT] returned target=0x8237D220 caller=0x8238CFFC
[INDIRECT] call target=0x8237D110 LR=0x8238CFFC
[INDIRECT] returned target=0x8237D110 caller=0x8238CFFC
[INDIRECT] call target=0x8237CBD0 LR=0x8238CFFC
[INDIRECT] returned target=0x8237CBD0 caller=0x8238CFFC
[INDIRECT] call target=0x8237CA40 LR=0x8238CFFC
[INDIRECT] returned target=0x8237CA40 caller=0x8238CFFC
[INDIRECT] call target=0x8237CD60 LR=0x8238CFFC
[INDIRECT] returned target=0x8237CD60 caller=0x8238CFFC
[INDIRECT] call target=0x8237CF70 LR=0x8238CFFC
[INDIRECT] returned target=0x8237CF70 caller=0x8238CFFC
[INDIRECT] call target=0x8237D010 LR=0x8238CFFC
[INDIRECT] returned target=0x8237D010 caller=0x8238CFFC
[INDIRECT] call target=0x8237CE50 LR=0x8238CFFC
[INDIRECT] returned target=0x8237CE50 caller=0x8238CFFC
[INDIRECT] call target=0x8237CCC8 LR=0x8238CFFC
[INDIRECT] returned target=0x8237CCC8 caller=0x8238CFFC
[INDIRECT] call target=0x8237CB38 LR=0x8238CFFC
[INDIRECT] returned target=0x8237CB38 caller=0x8238CFFC
[INDIRECT] call target=0x8237CDB8 LR=0x8238CFFC
[INDIRECT] returned target=0x8237CDB8 caller=0x8238CFFC
[INDIRECT] call target=0x8237D090 LR=0x8238CFFC
[INDIRECT] returned target=0x8237D090 caller=0x8238CFFC
[INDIRECT] call target=0x8237D270 LR=0x8238CFFC
[INDIRECT] returned target=0x8237D270 caller=0x8238CFFC
[INDIRECT] call target=0x8237CEC8 LR=0x8238CFFC
[INDIRECT] returned target=0x8237CEC8 caller=0x8238CFFC
[INDIRECT] call target=0x8237D2C8 LR=0x8238CFFC
[INDIRECT] returned target=0x8237D2C8 caller=0x8238CFFC
[INDIRECT] call target=0x8237D320 LR=0x8238CFFC
[INDIRECT] returned target=0x8237D320 caller=0x8238CFFC
[INDIRECT] call target=0x8237D378 LR=0x8238CFFC
[INDIRECT] returned target=0x8237D378 caller=0x8238CFFC
[INDIRECT] call target=0x8237D3D0 LR=0x8238CFFC
[INDIRECT] returned target=0x8237D3D0 caller=0x8238CFFC
[INDIRECT] call target=0x8237D180 LR=0x8238CFFC
[INDIRECT] returned target=0x8237D180 caller=0x8238CFFC
[INDIRECT] call target=0x8237D1D0 LR=0x8238CFFC
[INDIRECT] returned target=0x8237D1D0 caller=0x8238CFFC
[INDIRECT] call target=0x8237D220 LR=0x8238CFFC
[INDIRECT] returned target=0x8237D220 caller=0x8238CFFC
[INDIRECT] call target=0x8237D110 LR=0x8238CFFC
[INDIRECT] returned target=0x8237D110 caller=0x8238CFFC
[INDIRECT] call target=0x8237CBD0 LR=0x8238CFFC
[INDIRECT] returned target=0x8237CBD0 caller=0x8238CFFC
[INDIRECT] call target=0x8237CA40 LR=0x8238CFFC
[INDIRECT] returned target=0x8237CA40 caller=0x8238CFFC
[INDIRECT] call target=0x8237CD60 LR=0x8238CFFC
[INDIRECT] returned target=0x8237CD60 caller=0x8238CFFC
[INDIRECT] call target=0x8237CF70 LR=0x8238CFFC
[INDIRECT] returned target=0x8237CF70 caller=0x8238CFFC
[INDIRECT] call target=0x8237D010 LR=0x8238CFFC
[INDIRECT] returned target=0x8237D010 caller=0x8238CFFC
[INDIRECT] call target=0x8237CE50 LR=0x8238CFFC
[INDIRECT] returned target=0x8237CE50 caller=0x8238CFFC
[INDIRECT] call target=0x8237CCC8 LR=0x8238CFFC
[INDIRECT] returned target=0x8237CCC8 caller=0x8238CFFC
[INDIRECT] call target=0x8237CB38 LR=0x8238CFFC
[INDIRECT] returned target=0x8237CB38 caller=0x8238CFFC
[INDIRECT] call target=0x8237CDB8 LR=0x8238CFFC
[INDIRECT] returned target=0x8237CDB8 caller=0x8238CFFC
[INDIRECT] call target=0x8237D090 LR=0x8238CFFC
[INDIRECT] returned target=0x8237D090 caller=0x8238CFFC
[INDIRECT] call target=0x8237D270 LR=0x8238CFFC
[INDIRECT] returned target=0x8237D270 caller=0x8238CFFC
[INDIRECT] call target=0x8237CEC8 LR=0x8238CFFC
[INDIRECT] returned target=0x8237CEC8 caller=0x8238CFFC
[INDIRECT] call target=0x8237D2C8 LR=0x8238CFFC
[INDIRECT] returned target=0x8237D2C8 caller=0x8238CFFC
[INDIRECT] call target=0x8237D320 LR=0x8238CFFC
[INDIRECT] returned target=0x8237D320 caller=0x8238CFFC
[INDIRECT] call target=0x8237D378 LR=0x8238CFFC
[INDIRECT] returned target=0x8237D378 caller=0x8238CFFC
[INDIRECT] call target=0x8237D3D0 LR=0x8238CFFC
[INDIRECT] returned target=0x8237D3D0 caller=0x8238CFFC
[INDIRECT] call target=0x8237D180 LR=0x8238CFFC
[INDIRECT] returned target=0x8237D180 caller=0x8238CFFC
[INDIRECT] call target=0x8237D1D0 LR=0x8238CFFC
[INDIRECT] returned target=0x8237D1D0 caller=0x8238CFFC
[INDIRECT] call target=0x8237D220 LR=0x8238CFFC
[INDIRECT] returned target=0x8237D220 caller=0x8238CFFC
[INDIRECT] call target=0x8237D110 LR=0x8238CFFC
[INDIRECT] returned target=0x8237D110 caller=0x8238CFFC
[INDIRECT] call target=0x8237CBD0 LR=0x8238CFFC
[INDIRECT] returned target=0x8237CBD0 caller=0x8238CFFC
[INDIRECT] call target=0x8237CA40 LR=0x8238CFFC
[INDIRECT] returned target=0x8237CA40 caller=0x8238CFFC
[INDIRECT] call target=0x8237CD60 LR=0x8238CFFC
[INDIRECT] returned target=0x8237CD60 caller=0x8238CFFC
[INDIRECT] call target=0x8237CF70 LR=0x8238CFFC
[INDIRECT] returned target=0x8237CF70 caller=0x8238CFFC
[INDIRECT] call target=0x8237D010 LR=0x8238CFFC
[INDIRECT] returned target=0x8237D010 caller=0x8238CFFC
[INDIRECT] call target=0x8237CE50 LR=0x8238CFFC
[INDIRECT] returned target=0x8237CE50 caller=0x8238CFFC
[INDIRECT] call target=0x8237CCC8 LR=0x8238CFFC
[INDIRECT] returned target=0x8237CCC8 caller=0x8238CFFC
[INDIRECT] call target=0x8237CB38 LR=0x8238CFFC
[INDIRECT] returned target=0x8237CB38 caller=0x8238CFFC
[INDIRECT] call target=0x8237CDB8 LR=0x8238CFFC
[INDIRECT] returned target=0x8237CDB8 caller=0x8238CFFC
[INDIRECT] call target=0x8237D090 LR=0x8238CFFC
[INDIRECT] returned target=0x8237D090 caller=0x8238CFFC
[INDIRECT] call target=0x8237D270 LR=0x8238CFFC
[INDIRECT] returned target=0x8237D270 caller=0x8238CFFC
[INDIRECT] call target=0x8237CEC8 LR=0x8238CFFC
[INDIRECT] returned target=0x8237CEC8 caller=0x8238CFFC
[INDIRECT] call target=0x8237D2C8 LR=0x8238CFFC
[INDIRECT] returned target=0x8237D2C8 caller=0x8238CFFC
[INDIRECT] call target=0x8237D320 LR=0x8238CFFC
[INDIRECT] returned target=0x8237D320 caller=0x8238CFFC
[INDIRECT] call target=0x8237D378 LR=0x8238CFFC
[INDIRECT] returned target=0x8237D378 caller=0x8238CFFC
[INDIRECT] call target=0x8237D3D0 LR=0x8238CFFC
[INDIRECT] returned target=0x8237D3D0 caller=0x8238CFFC
[INDIRECT] call target=0x8237D180 LR=0x8238CFFC
[INDIRECT] returned target=0x8237D180 caller=0x8238CFFC
[INDIRECT] call target=0x8237D1D0 LR=0x8238CFFC
[INDIRECT] returned target=0x8237D1D0 caller=0x8238CFFC
[INDIRECT] call target=0x8237D220 LR=0x8238CFFC
[INDIRECT] returned target=0x8237D220 caller=0x8238CFFC
[INDIRECT] call target=0x8237D110 LR=0x8238CFFC
[INDIRECT] returned target=0x8237D110 caller=0x8238CFFC
[INDIRECT] call target=0x8237CBD0 LR=0x8238CFFC
[INDIRECT] returned target=0x8237CBD0 caller=0x8238CFFC
[INDIRECT] call target=0x8237CA40 LR=0x8238CFFC
[INDIRECT] returned target=0x8237CA40 caller=0x8238CFFC
[INDIRECT] call target=0x8237CD60 LR=0x8238CFFC
[INDIRECT] returned target=0x8237CD60 caller=0x8238CFFC
[INDIRECT] call target=0x8237CF70 LR=0x8238CFFC
[INDIRECT] returned target=0x8237CF70 caller=0x8238CFFC
[INDIRECT] call target=0x8237D010 LR=0x8238CFFC
[INDIRECT] returned target=0x8237D010 caller=0x8238CFFC
[INDIRECT] call target=0x8237CE50 LR=0x8238CFFC
[INDIRECT] returned target=0x8237CE50 caller=0x8238CFFC
[INDIRECT] call target=0x8237CCC8 LR=0x8238CFFC
[INDIRECT] returned target=0x8237CCC8 caller=0x8238CFFC
[INDIRECT] call target=0x8237CB38 LR=0x8238CFFC
[INDIRECT] returned target=0x8237CB38 caller=0x8238CFFC
[INDIRECT] call target=0x8237CDB8 LR=0x8238CFFC
[INDIRECT] returned target=0x8237CDB8 caller=0x8238CFFC
[INDIRECT] call target=0x8237D090 LR=0x8238CFFC
[INDIRECT] returned target=0x8237D090 caller=0x8238CFFC
[INDIRECT] call target=0x8237D270 LR=0x8238CFFC
[INDIRECT] returned target=0x8237D270 caller=0x8238CFFC
[INDIRECT] call target=0x8237CEC8 LR=0x8238CFFC
[INDIRECT] returned target=0x8237CEC8 caller=0x8238CFFC
[INDIRECT] call target=0x8237D2C8 LR=0x8238CFFC
[INDIRECT] returned target=0x8237D2C8 caller=0x8238CFFC
[INDIRECT] call target=0x8237D320 LR=0x8238CFFC
[INDIRECT] returned target=0x8237D320 caller=0x8238CFFC
[INDIRECT] call target=0x8237D378 LR=0x8238CFFC
[INDIRECT] returned target=0x8237D378 caller=0x8238CFFC
[INDIRECT] call target=0x8237D3D0 LR=0x8238CFFC
[INDIRECT] returned target=0x8237D3D0 caller=0x8238CFFC
[INDIRECT] call target=0x8237D180 LR=0x8238CFFC
[INDIRECT] returned target=0x8237D180 caller=0x8238CFFC
[INDIRECT] call target=0x8237D1D0 LR=0x8238CFFC
[INDIRECT] returned target=0x8237D1D0 caller=0x8238CFFC
[INDIRECT] call target=0x8237D220 LR=0x8238CFFC
[INDIRECT] returned target=0x8237D220 caller=0x8238CFFC
[INDIRECT] call target=0x8237D110 LR=0x8238CFFC
[INDIRECT] returned target=0x8237D110 caller=0x8238CFFC
[INDIRECT] call target=0x8237CBD0 LR=0x8238CFFC
[INDIRECT] returned target=0x8237CBD0 caller=0x8238CFFC
[INDIRECT] call target=0x8237CA40 LR=0x8238CFFC
[INDIRECT] returned target=0x8237CA40 caller=0x8238CFFC
[INDIRECT] call target=0x8237CD60 LR=0x8238CFFC
[INDIRECT] returned target=0x8237CD60 caller=0x8238CFFC
[INDIRECT] call target=0x8237CF70 LR=0x8238CFFC
[INDIRECT] returned target=0x8237CF70 caller=0x8238CFFC
[INDIRECT] call target=0x8237D010 LR=0x8238CFFC
[INDIRECT] returned target=0x8237D010 caller=0x8238CFFC
[INDIRECT] call target=0x8237CE50 LR=0x8238CFFC
[INDIRECT] returned target=0x8237CE50 caller=0x8238CFFC
[INDIRECT] call target=0x8237CCC8 LR=0x8238CFFC
[INDIRECT] returned target=0x8237CCC8 caller=0x8238CFFC
[INDIRECT] call target=0x8237CB38 LR=0x8238CFFC
[INDIRECT] returned target=0x8237CB38 caller=0x8238CFFC
[INDIRECT] call target=0x8237CDB8 LR=0x8238CFFC
[INDIRECT] returned target=0x8237CDB8 caller=0x8238CFFC
[INDIRECT] call target=0x8237D090 LR=0x8238CFFC
[INDIRECT] returned target=0x8237D090 caller=0x8238CFFC
[INDIRECT] call target=0x8237D270 LR=0x8238CFFC
[INDIRECT] returned target=0x8237D270 caller=0x8238CFFC
[INDIRECT] call target=0x8237CEC8 LR=0x8238CFFC
[INDIRECT] returned target=0x8237CEC8 caller=0x8238CFFC
[INDIRECT] call target=0x8237D2C8 LR=0x8238CFFC
[INDIRECT] returned target=0x8237D2C8 caller=0x8238CFFC
[INDIRECT] call target=0x8237D320 LR=0x8238CFFC
[INDIRECT] returned target=0x8237D320 caller=0x8238CFFC
[INDIRECT] call target=0x8237D378 LR=0x8238CFFC
[INDIRECT] returned target=0x8237D378 caller=0x8238CFFC
[INDIRECT] call target=0x8237D3D0 LR=0x8238CFFC
[INDIRECT] returned target=0x8237D3D0 caller=0x8238CFFC
[INDIRECT] call target=0x8237D180 LR=0x8238CFFC
[INDIRECT] returned target=0x8237D180 caller=0x8238CFFC
[INDIRECT] call target=0x8237D1D0 LR=0x8238CFFC
[INDIRECT] returned target=0x8237D1D0 caller=0x8238CFFC
[INDIRECT] call target=0x8237D220 LR=0x8238CFFC
[INDIRECT] returned target=0x8237D220 caller=0x8238CFFC
[INDIRECT] call target=0x8237D110 LR=0x8238CFFC
[INDIRECT] returned target=0x8237D110 caller=0x8238CFFC
[INDIRECT] call target=0x8237CBD0 LR=0x8238CFFC
[INDIRECT] returned target=0x8237CBD0 caller=0x8238CFFC
[INDIRECT] call target=0x8237CA40 LR=0x8238CFFC
[INDIRECT] returned target=0x8237CA40 caller=0x8238CFFC
[INDIRECT] call target=0x8237CD60 LR=0x8238CFFC
[INDIRECT] returned target=0x8237CD60 caller=0x8238CFFC
[INDIRECT] call target=0x8237CF70 LR=0x8238CFFC
[INDIRECT] returned target=0x8237CF70 caller=0x8238CFFC
[INDIRECT] call target=0x8237D010 LR=0x8238CFFC
[INDIRECT] returned target=0x8237D010 caller=0x8238CFFC
[INDIRECT] call target=0x8237CE50 LR=0x8238CFFC
[INDIRECT] returned target=0x8237CE50 caller=0x8238CFFC
[INDIRECT] call target=0x8237CCC8 LR=0x8238CFFC
[INDIRECT] returned target=0x8237CCC8 caller=0x8238CFFC
[INDIRECT] call target=0x8237CB38 LR=0x8238CFFC
[INDIRECT] returned target=0x8237CB38 caller=0x8238CFFC
[INDIRECT] call target=0x8237CDB8 LR=0x8238CFFC
[INDIRECT] returned target=0x8237CDB8 caller=0x8238CFFC
[INDIRECT] call target=0x8237D090 LR=0x8238CFFC
[INDIRECT] returned target=0x8237D090 caller=0x8238CFFC
[INDIRECT] call target=0x8237D270 LR=0x8238CFFC
[INDIRECT] returned target=0x8237D270 caller=0x8238CFFC
[INDIRECT] call target=0x8237CEC8 LR=0x8238CFFC
[INDIRECT] returned target=0x8237CEC8 caller=0x8238CFFC
[INDIRECT] call target=0x8237D2C8 LR=0x8238CFFC
[INDIRECT] returned target=0x8237D2C8 caller=0x8238CFFC
[INDIRECT] call target=0x8237D320 LR=0x8238CFFC
[INDIRECT] returned target=0x8237D320 caller=0x8238CFFC
[INDIRECT] call target=0x8237D378 LR=0x8238CFFC
[INDIRECT] returned target=0x8237D378 caller=0x8238CFFC
[INDIRECT] call target=0x8237D3D0 LR=0x8238CFFC
[INDIRECT] returned target=0x8237D3D0 caller=0x8238CFFC
[INDIRECT] call target=0x8237D180 LR=0x8238CFFC
[INDIRECT] returned target=0x8237D180 caller=0x8238CFFC
[INDIRECT] call target=0x8237D1D0 LR=0x8238CFFC
[INDIRECT] returned target=0x8237D1D0 caller=0x8238CFFC
[INDIRECT] call target=0x8237D220 LR=0x8238CFFC
[INDIRECT] returned target=0x8237D220 caller=0x8238CFFC
[INDIRECT] call target=0x8237D110 LR=0x8238CFFC
[INDIRECT] returned target=0x8237D110 caller=0x8238CFFC
[INDIRECT] call target=0x8237CBD0 LR=0x8238CFFC
[INDIRECT] returned target=0x8237CBD0 caller=0x8238CFFC
[INDIRECT] call target=0x8237CA40 LR=0x8238CFFC
[INDIRECT] returned target=0x8237CA40 caller=0x8238CFFC
[INDIRECT] call target=0x8237CD60 LR=0x8238CFFC
[INDIRECT] returned target=0x8237CD60 caller=0x8238CFFC
[INDIRECT] call target=0x8237CF70 LR=0x8238CFFC
[INDIRECT] returned target=0x8237CF70 caller=0x8238CFFC
[INDIRECT] call target=0x8237D010 LR=0x8238CFFC
[INDIRECT] returned target=0x8237D010 caller=0x8238CFFC
[INDIRECT] call target=0x8237CE50 LR=0x8238CFFC
[INDIRECT] returned target=0x8237CE50 caller=0x8238CFFC
[INDIRECT] call target=0x8237CCC8 LR=0x8238CFFC
[INDIRECT] returned target=0x8237CCC8 caller=0x8238CFFC
[INDIRECT] call target=0x8237CB38 LR=0x8238CFFC
[INDIRECT] returned target=0x8237CB38 caller=0x8238CFFC
[INDIRECT] call target=0x8237CDB8 LR=0x8238CFFC
[INDIRECT] returned target=0x8237CDB8 caller=0x8238CFFC
[INDIRECT] call target=0x8237D090 LR=0x8238CFFC
[INDIRECT] returned target=0x8237D090 caller=0x8238CFFC
[INDIRECT] call target=0x8237D270 LR=0x8238CFFC
[INDIRECT] returned target=0x8237D270 caller=0x8238CFFC
[INDIRECT] call target=0x8237CEC8 LR=0x8238CFFC
[INDIRECT] returned target=0x8237CEC8 caller=0x8238CFFC
[INDIRECT] call target=0x8237D2C8 LR=0x8238CFFC
[INDIRECT] returned target=0x8237D2C8 caller=0x8238CFFC
[INDIRECT] call target=0x8237D320 LR=0x8238CFFC
[INDIRECT] returned target=0x8237D320 caller=0x8238CFFC
[INDIRECT] call target=0x8237D378 LR=0x8238CFFC
[INDIRECT] returned target=0x8237D378 caller=0x8238CFFC
[INDIRECT] call target=0x8237D3D0 LR=0x8238CFFC
[INDIRECT] returned target=0x8237D3D0 caller=0x8238CFFC
[INDIRECT] call target=0x8237D180 LR=0x8238CFFC
[INDIRECT] returned target=0x8237D180 caller=0x8238CFFC
[INDIRECT] call target=0x8237D1D0 LR=0x8238CFFC
[INDIRECT] returned target=0x8237D1D0 caller=0x8238CFFC
[INDIRECT] call target=0x8237D220 LR=0x8238CFFC
[INDIRECT] returned target=0x8237D220 caller=0x8238CFFC
[INDIRECT] call target=0x8237D110 LR=0x8238CFFC
[INDIRECT] returned target=0x8237D110 caller=0x8238CFFC
[INDIRECT] call target=0x8237CBD0 LR=0x8238CFFC
[INDIRECT] returned target=0x8237CBD0 caller=0x8238CFFC
[INDIRECT] call target=0x8237CA40 LR=0x8238CFFC
[INDIRECT] returned target=0x8237CA40 caller=0x8238CFFC
[INDIRECT] call target=0x8237CD60 LR=0x8238CFFC
[INDIRECT] returned target=0x8237CD60 caller=0x8238CFFC
[INDIRECT] call target=0x8237CF70 LR=0x8238CFFC
[INDIRECT] returned target=0x8237CF70 caller=0x8238CFFC
[INDIRECT] call target=0x8237D010 LR=0x8238CFFC
[INDIRECT] returned target=0x8237D010 caller=0x8238CFFC
[INDIRECT] call target=0x8237CE50 LR=0x8238CFFC
[INDIRECT] returned target=0x8237CE50 caller=0x8238CFFC
[INDIRECT] call target=0x8237CCC8 LR=0x8238CFFC
[INDIRECT] returned target=0x8237CCC8 caller=0x8238CFFC
[INDIRECT] call target=0x8237CB38 LR=0x8238CFFC
[INDIRECT] returned target=0x8237CB38 caller=0x8238CFFC
[INDIRECT] call target=0x8237CDB8 LR=0x8238CFFC
[INDIRECT] returned target=0x8237CDB8 caller=0x8238CFFC
[INDIRECT] call target=0x8237D090 LR=0x8238CFFC
[INDIRECT] returned target=0x8237D090 caller=0x8238CFFC
[INDIRECT] call target=0x8237D270 LR=0x8238CFFC
[INDIRECT] returned target=0x8237D270 caller=0x8238CFFC
[INDIRECT] call target=0x8237CEC8 LR=0x8238CFFC
[INDIRECT] returned target=0x8237CEC8 caller=0x8238CFFC
[INDIRECT] call target=0x8237D2C8 LR=0x8238CFFC
[INDIRECT] returned target=0x8237D2C8 caller=0x8238CFFC
[INDIRECT] call target=0x8237D320 LR=0x8238CFFC
[INDIRECT] returned target=0x8237D320 caller=0x8238CFFC
[INDIRECT] call target=0x8237D378 LR=0x8238CFFC
[INDIRECT] returned target=0x8237D378 caller=0x8238CFFC
[INDIRECT] call target=0x8237D3D0 LR=0x8238CFFC
[INDIRECT] returned target=0x8237D3D0 caller=0x8238CFFC
[INDIRECT] call target=0x8237D180 LR=0x8238CFFC
[INDIRECT] returned target=0x8237D180 caller=0x8238CFFC
[INDIRECT] call target=0x8237D1D0 LR=0x8238CFFC
[INDIRECT] returned target=0x8237D1D0 caller=0x8238CFFC
[INDIRECT] call target=0x8237D220 LR=0x8238CFFC
[INDIRECT] returned target=0x8237D220 caller=0x8238CFFC
[INDIRECT] call target=0x8237D110 LR=0x8238CFFC
[INDIRECT] returned target=0x8237D110 caller=0x8238CFFC
[INDIRECT] call target=0x8237CBD0 LR=0x8238CFFC
[INDIRECT] returned target=0x8237CBD0 caller=0x8238CFFC
[INDIRECT] call target=0x8237CA40 LR=0x8238CFFC
[INDIRECT] returned target=0x8237CA40 caller=0x8238CFFC
[INDIRECT] call target=0x8237CD60 LR=0x8238CFFC
[INDIRECT] returned target=0x8237CD60 caller=0x8238CFFC
[INDIRECT] call target=0x8237CF70 LR=0x8238CFFC
[INDIRECT] returned target=0x8237CF70 caller=0x8238CFFC
[INDIRECT] call target=0x8237D010 LR=0x8238CFFC
[INDIRECT] returned target=0x8237D010 caller=0x8238CFFC
[INDIRECT] call target=0x8237CE50 LR=0x8238CFFC
[INDIRECT] returned target=0x8237CE50 caller=0x8238CFFC
[INDIRECT] call target=0x8237CCC8 LR=0x8238CFFC
[INDIRECT] returned target=0x8237CCC8 caller=0x8238CFFC
[INDIRECT] call target=0x8237CB38 LR=0x8238CFFC
[INDIRECT] returned target=0x8237CB38 caller=0x8238CFFC
[INDIRECT] call target=0x8237CDB8 LR=0x8238CFFC
[INDIRECT] returned target=0x8237CDB8 caller=0x8238CFFC
[INDIRECT] call target=0x8237D090 LR=0x8238CFFC
[INDIRECT] returned target=0x8237D090 caller=0x8238CFFC
[INDIRECT] call target=0x8237D270 LR=0x8238CFFC
[INDIRECT] returned target=0x8237D270 caller=0x8238CFFC
[INDIRECT] call target=0x8237CEC8 LR=0x8238CFFC
[INDIRECT] returned target=0x8237CEC8 caller=0x8238CFFC
[INDIRECT] call target=0x8237D2C8 LR=0x8238CFFC
[INDIRECT] returned target=0x8237D2C8 caller=0x8238CFFC
[INDIRECT] call target=0x8237D320 LR=0x8238CFFC
[INDIRECT] returned target=0x8237D320 caller=0x8238CFFC
[INDIRECT] call target=0x8237D378 LR=0x8238CFFC
[INDIRECT] returned target=0x8237D378 caller=0x8238CFFC
[INDIRECT] call target=0x8237D3D0 LR=0x8238CFFC
[INDIRECT] returned target=0x8237D3D0 caller=0x8238CFFC
[INDIRECT] call target=0x8237D180 LR=0x8238CFFC
[INDIRECT] returned target=0x8237D180 caller=0x8238CFFC
[INDIRECT] call target=0x8237D1D0 LR=0x8238CFFC
[INDIRECT] returned target=0x8237D1D0 caller=0x8238CFFC
[INDIRECT] call target=0x8237D220 LR=0x8238CFFC
[INDIRECT] returned target=0x8237D220 caller=0x8238CFFC
[INDIRECT] call target=0x8237D110 LR=0x8238CFFC
[INDIRECT] returned target=0x8237D110 caller=0x8238CFFC
[INDIRECT] call target=0x8237CBD0 LR=0x8238CFFC
[INDIRECT] returned target=0x8237CBD0 caller=0x8238CFFC
[INDIRECT] call target=0x8237CA40 LR=0x8238CFFC
[INDIRECT] returned target=0x8237CA40 caller=0x8238CFFC
[INDIRECT] call target=0x8237CD60 LR=0x8238CFFC
[INDIRECT] returned target=0x8237CD60 caller=0x8238CFFC
[INDIRECT] call target=0x8237CF70 LR=0x8238CFFC
[INDIRECT] returned target=0x8237CF70 caller=0x8238CFFC
[INDIRECT] call target=0x8237D010 LR=0x8238CFFC
[INDIRECT] returned target=0x8237D010 caller=0x8238CFFC
[INDIRECT] call target=0x8237CE50 LR=0x8238CFFC
[INDIRECT] returned target=0x8237CE50 caller=0x8238CFFC
[INDIRECT] call target=0x8237CCC8 LR=0x8238CFFC
[INDIRECT] returned target=0x8237CCC8 caller=0x8238CFFC
[INDIRECT] call target=0x8237CB38 LR=0x8238CFFC
[INDIRECT] returned target=0x8237CB38 caller=0x8238CFFC
[INDIRECT] call target=0x8237CDB8 LR=0x8238CFFC
[INDIRECT] returned target=0x8237CDB8 caller=0x8238CFFC
[INDIRECT] call target=0x8237D090 LR=0x8238CFFC
[INDIRECT] returned target=0x8237D090 caller=0x8238CFFC
[INDIRECT] call target=0x8237D270 LR=0x8238CFFC
[INDIRECT] returned target=0x8237D270 caller=0x8238CFFC
[INDIRECT] call target=0x8237CEC8 LR=0x8238CFFC
[INDIRECT] returned target=0x8237CEC8 caller=0x8238CFFC
[INDIRECT] call target=0x8237D2C8 LR=0x8238CFFC
[INDIRECT] returned target=0x8237D2C8 caller=0x8238CFFC
[INDIRECT] call target=0x8237D320 LR=0x8238CFFC
[INDIRECT] returned target=0x8237D320 caller=0x8238CFFC
[INDIRECT] call target=0x8237D378 LR=0x8238CFFC
[INDIRECT] returned target=0x8237D378 caller=0x8238CFFC
[INDIRECT] call target=0x8237D3D0 LR=0x8238CFFC
[INDIRECT] returned target=0x8237D3D0 caller=0x8238CFFC
[INDIRECT] call target=0x8237D180 LR=0x8238CFFC
[INDIRECT] returned target=0x8237D180 caller=0x8238CFFC
[INDIRECT] call target=0x8237D1D0 LR=0x8238CFFC
[INDIRECT] returned target=0x8237D1D0 caller=0x8238CFFC
[INDIRECT] call target=0x8237D220 LR=0x8238CFFC
[INDIRECT] returned target=0x8237D220 caller=0x8238CFFC
[INDIRECT] call target=0x8237D110 LR=0x8238CFFC
[INDIRECT] returned target=0x8237D110 caller=0x8238CFFC
[INDIRECT] call target=0x8237CBD0 LR=0x8238CFFC
[INDIRECT] returned target=0x8237CBD0 caller=0x8238CFFC
[INDIRECT] call target=0x8237CA40 LR=0x8238CFFC
[INDIRECT] returned target=0x8237CA40 caller=0x8238CFFC
[INDIRECT] call target=0x8237CD60 LR=0x8238CFFC
[INDIRECT] returned target=0x8237CD60 caller=0x8238CFFC
[INDIRECT] call target=0x8237CF70 LR=0x8238CFFC
[INDIRECT] returned target=0x8237CF70 caller=0x8238CFFC
[INDIRECT] call target=0x8237D010 LR=0x8238CFFC
[INDIRECT] returned target=0x8237D010 caller=0x8238CFFC
[INDIRECT] call target=0x8237CE50 LR=0x8238CFFC
[INDIRECT] returned target=0x8237CE50 caller=0x8238CFFC
[INDIRECT] call target=0x8237CCC8 LR=0x8238CFFC
[INDIRECT] returned target=0x8237CCC8 caller=0x8238CFFC
[INDIRECT] call target=0x8237CB38 LR=0x8238CFFC
[INDIRECT] returned target=0x8237CB38 caller=0x8238CFFC
[INDIRECT] call target=0x8237CDB8 LR=0x8238CFFC
[INDIRECT] returned target=0x8237CDB8 caller=0x8238CFFC
[INDIRECT] call target=0x8237D090 LR=0x8238CFFC
[INDIRECT] returned target=0x8237D090 caller=0x8238CFFC
[INDIRECT] call target=0x8237D270 LR=0x8238CFFC
[INDIRECT] returned target=0x8237D270 caller=0x8238CFFC
[INDIRECT] call target=0x8237CEC8 LR=0x8238CFFC
[INDIRECT] returned target=0x8237CEC8 caller=0x8238CFFC
[INDIRECT] call target=0x8237D2C8 LR=0x8238CFFC
[INDIRECT] returned target=0x8237D2C8 caller=0x8238CFFC
[INDIRECT] call target=0x8237D320 LR=0x8238CFFC
[INDIRECT] returned target=0x8237D320 caller=0x8238CFFC
[INDIRECT] call target=0x8237D378 LR=0x8238CFFC
[INDIRECT] returned target=0x8237D378 caller=0x8238CFFC
[INDIRECT] call target=0x8237D3D0 LR=0x8238CFFC
[INDIRECT] returned target=0x8237D3D0 caller=0x8238CFFC
[INDIRECT] call target=0x8237CA10 LR=0x8238D060
[INDIRECT] returned target=0x8237CA10 caller=0x8238D060
[INDIRECT] call target=0x82381F30 LR=0x82382188
[INDIRECT] returned target=0x82381F30 caller=0x82382188
[INDIRECT] call target=0x82381F30 LR=0x82382188
[INDIRECT] returned target=0x82381F30 caller=0x82382188
[RtlEnterCriticalSection] guest=0x82A52D34
[RtlLeaveCriticalSection] guest=0x82A52D34
[AV] RIP=0x7FF6CC30F4E7 module_offset=0x6F4E7 operation=0 address=0x1F4B29A0059 guest_offset=0x10059
[AV] PPC LR=8238D518 CTR=8210D510 r1=720FEB10 r3=00000000 r4=B1800000 r11=00010059 r29=826971E4 r30=826971E4 r31=30000700
