Recompiling functions... 0.0043506636%
ERROR: Switch case at 82090330 has no callable PPC target: 82090344
ERROR: Switch case at 820EA530 has no callable PPC target: 820EA558
ERROR: Switch case at 820EA530 has no callable PPC target: 820EA568
ERROR: Switch case at 820EA530 has no callable PPC target: 820EA584
ERROR: Switch case at 820EA5BC has no callable PPC target: 820EA5E4
ERROR: Switch case at 820EA5BC has no callable PPC target: 820EA5F4
ERROR: Switch case at 820EA5BC has no callable PPC target: 820EA610
ERROR: Switch case at 820EA698 has no callable PPC target: 820EA6B0
ERROR: Switch case at 820EA698 has no callable PPC target: 820EA6B0
ERROR: Switch case at 820FBB24 has no callable PPC target: 820FBBB8
ERROR: Switch case at 8210488C has no callable PPC target: 821048C0
ERROR: Switch case at 82104914 has no callable PPC target: 82104944
ERROR: Switch case at 82104914 has no callable PPC target: 82104944
ERROR: Switch case at 82104914 has no callable PPC target: 82104944
ERROR: Switch case at 82104914 has no callable PPC target: 82104944
ERROR: Switch case at 82104914 has no callable PPC target: 82104944
ERROR: Switch case at 82104914 has no callable PPC target: 82104944
ERROR: Switch case at 82106CB0 has no callable PPC target: 82106D6C
ERROR: Switch case at 82106CB0 has no callable PPC target: 82107AEC
ERROR: Switch case at 82106CB0 has no callable PPC target: 82107AEC
ERROR: Switch case at 82106CB0 has no callable PPC target: 82107AEC
ERROR: Switch case at 82106CB0 has no callable PPC target: 82107AEC
ERROR: Switch case at 82106CB0 has no callable PPC target: 82107AEC
ERROR: Switch case at 82106CB0 has no callable PPC target: 82107AEC
ERROR: Switch case at 82106CB0 has no callable PPC target: 82107AEC
ERROR: Switch case at 82107B14 has no callable PPC target: 82107BD0
ERROR: Switch case at 82107B14 has no callable PPC target: 8210801C
ERROR: Switch case at 82107B14 has no callable PPC target: 8210801C
ERROR: Switch case at 82107B14 has no callable PPC target: 8210801C
ERROR: Switch case at 82107B14 has no callable PPC target: 8210801C
ERROR: Switch case at 82107B14 has no callable PPC target: 8210801C
ERROR: Switch case at 82107B14 has no callable PPC target: 8210801C
ERROR: Switch case at 82107B14 has no callable PPC target: 8210801C
Recompiling functions... 8.91451%
ERROR: Switch case at 8210803C has no callable PPC target: 82108078
ERROR: Switch case at 8210803C has no callable PPC target: 8210838C
ERROR: Switch case at 8210803C has no callable PPC target: 8210838C
ERROR: Switch case at 8210803C has no callable PPC target: 8210838C
ERROR: Switch case at 8210803C has no callable PPC target: 8210838C
ERROR: Switch case at 8210803C has no callable PPC target: 8210838C
ERROR: Switch case at 8210803C has no callable PPC target: 8210838C
ERROR: Switch case at 8210803C has no callable PPC target: 8210838C
ERROR: Switch case at 821083B4 has no callable PPC target: 82108470
ERROR: Switch case at 82109208 has no callable PPC target: 82109230
ERROR: Switch case at 82109208 has no callable PPC target: 82109230
ERROR: Switch case at 82109208 has no callable PPC target: 82109230
ERROR: Switch case at 821093E4 has no callable PPC target: 8210940C
ERROR: Switch case at 821093E4 has no callable PPC target: 82109420
ERROR: Switch case at 8210CF6C has no callable PPC target: 8210D010
ERROR: Switch case at 8210D250 has no callable PPC target: 8210D2F4
ERROR: Switch case at 8210D410 has no callable PPC target: 8210D4B4
ERROR: Switch case at 821127DC has no callable PPC target: 821127F8
ERROR: Switch case at 821127DC has no callable PPC target: 821127F8
ERROR: Switch case at 821127DC has no callable PPC target: 82112BC4
ERROR: Switch case at 821127DC has no callable PPC target: 82112BC4
ERROR: Switch case at 821128E0 has no callable PPC target: 82112908
ERROR: Switch case at 821128E0 has no callable PPC target: 82112B0C
ERROR: Switch case at 821128E0 has no callable PPC target: 82112B0C
ERROR: Switch case at 821128E0 has no callable PPC target: 82112B0C
ERROR: Switch case at 821128E0 has no callable PPC target: 82112B0C
ERROR: Switch case at 821128E0 has no callable PPC target: 82112B0C
ERROR: Switch case at 821265F4 has no callable PPC target: 82126614
ERROR: Switch case at 8213786C has no callable PPC target: 82137880
ERROR: Switch case at 82142BA0 has no callable PPC target: 82142BB8
ERROR: Switch case at 82142C4C has no callable PPC target: 82142C60
ERROR: Switch case at 82143980 has no callable PPC target: 821439B8
Unrecognized instruction at 0x82145794: vcmpgtuw
Unrecognized instruction at 0x821457A4: vcmpgtuw
Unrecognized instruction at 0x821457B8: vcmpgtuw
Unrecognized instruction at 0x82145914: vcmpgtuw
Unrecognized instruction at 0x8214591C: vcmpgtuw
Unrecognized instruction at 0x82145920: vcmpgtuw
Unrecognized instruction at 0x82145AC8: vcmpgtuw
Unrecognized instruction at 0x82145AD0: vcmpgtuw
Unrecognized instruction at 0x82145AD4: vcmpgtuw
Unrecognized instruction at 0x82145C48: vcmpgtuw
Unrecognized instruction at 0x82145C68: vcmpgtuw
Unrecognized instruction at 0x82145C78: vcmpgtuw
Unrecognized instruction at 0x821469A4: vminuw
Unrecognized instruction at 0x821469A8: vminuw
Unrecognized instruction at 0x821469AC: vminuw
Unrecognized instruction at 0x821469B0: vminuw
Unrecognized instruction at 0x821469C0: vminuw
Unrecognized instruction at 0x821469C4: vminuw
Unrecognized instruction at 0x821469C8: vminuw
Unrecognized instruction at 0x821469CC: vminuw
Unrecognized instruction at 0x821469D0: vminuw
Unrecognized instruction at 0x821469D4: vminuw
Unrecognized instruction at 0x821469D8: vminuw
Unrecognized instruction at 0x821469DC: vminuw
Unrecognized instruction at 0x82146CFC: vcmpgtuw
Unrecognized instruction at 0x82146D08: vcmpgtuw
Unrecognized instruction at 0x82146D10: vcmpgtuw
Unrecognized instruction at 0x8214709C: vminuw
Unrecognized instruction at 0x821470AC: vminuw
Unrecognized instruction at 0x821470CC: vminuw
Unrecognized instruction at 0x8214742C: vminuw
ERROR: Switch case at 82157E78 has no callable PPC target: 82157E98
Recompiling functions... 17.824667%
ERROR: Switch case at 8217EAEC has no callable PPC target: 8217EB0C
ERROR: Switch case at 82188F08 has no callable PPC target: 82188F38
ERROR: Switch case at 8218F89C has no callable PPC target: 8218F8B4
ERROR: Switch case at 8218F8EC has no callable PPC target: 8218F904
ERROR: Switch case at 8218F944 has no callable PPC target: 8218F95C
ERROR: Switch case at 821E6A4C has no callable PPC target: 821E6A78
ERROR: Switch case at 821E6A4C has no callable PPC target: 821E6A78
ERROR: Switch case at 821E6A4C has no callable PPC target: 821E6A78
ERROR: Switch case at 821E6A4C has no callable PPC target: 821E6A78
ERROR: Switch case at 821E6A4C has no callable PPC target: 821E6A78
ERROR: Switch case at 821E6A4C has no callable PPC target: 821E6A78
ERROR: Switch case at 821E8120 has no callable PPC target: 821E8170
ERROR: Switch case at 821E827C has no callable PPC target: 821E82CC
ERROR: Switch case at 821E827C has no callable PPC target: 821E82D4
ERROR: Switch case at 821E8420 has no callable PPC target: 821E8470
ERROR: Switch case at 821E8574 has no callable PPC target: 821E85C4
ERROR: Switch case at 821E8574 has no callable PPC target: 821E85CC
ERROR: Switch case at 821EA214 has no callable PPC target: 821EA230
ERROR: Switch case at 821EBFD4 has no callable PPC target: 821EBFF0
ERROR: Switch case at 821F7170 has no callable PPC target: 821F71C0
ERROR: Switch case at 821F7170 has no callable PPC target: 821F71C4
ERROR: Switch case at 821F7170 has no callable PPC target: 821F71C4
ERROR: Switch case at 821F7170 has no callable PPC target: 821F71C4
ERROR: Switch case at 821F7170 has no callable PPC target: 821F71C4
ERROR: Switch case at 821F7170 has no callable PPC target: 821F71C0
ERROR: Switch case at 821F7170 has no callable PPC target: 821F71C4
ERROR: Switch case at 821F7170 has no callable PPC target: 821F71C4
ERROR: Switch case at 821F7170 has no callable PPC target: 821F71C4
ERROR: Switch case at 821F7170 has no callable PPC target: 821F71C4
ERROR: Switch case at 821F7170 has no callable PPC target: 821F71C4
ERROR: Switch case at 821F7170 has no callable PPC target: 821F71C4
ERROR: Switch case at 821F7170 has no callable PPC target: 821F71C4
ERROR: Switch case at 821F7170 has no callable PPC target: 821F71C4
ERROR: Switch case at 821F7170 has no callable PPC target: 821F71C0
ERROR: Switch case at 821F7170 has no callable PPC target: 821F71C4
ERROR: Switch case at 821F7170 has no callable PPC target: 821F71C0
ERROR: Switch case at 821F7170 has no callable PPC target: 821F71C4
ERROR: Switch case at 821F7170 has no callable PPC target: 821F71C0
ERROR: Switch case at 821F72FC has no callable PPC target: 821F731C
Recompiling functions... 26.734825%
ERROR: Switch case at 821FCFFC has no callable PPC target: 821FD0BC
ERROR: Switch case at 821FCFFC has no callable PPC target: 821FD014
ERROR: Switch case at 82209ADC has no callable PPC target: 82209AF8
ERROR: Switch case at 8221B330 has no callable PPC target: 8221B34C
ERROR: Switch case at 8221B3A4 has no callable PPC target: 8221B3D8
ERROR: Switch case at 8221B454 has no callable PPC target: 8221B490
ERROR: Switch case at 8221C7A0 has no callable PPC target: 8221C89C
ERROR: Switch case at 8221CBA8 has no callable PPC target: 8221CC00
ERROR: Switch case at 8221CBA8 has no callable PPC target: 8221CC00
ERROR: Switch case at 8221CBA8 has no callable PPC target: 8221CC00
ERROR: Switch case at 8221CBA8 has no callable PPC target: 8221CC00
ERROR: Switch case at 8221CBA8 has no callable PPC target: 8221CC00
ERROR: Switch case at 8221EDAC has no callable PPC target: 8221EDE8
ERROR: Switch case at 82222A0C has no callable PPC target: 82222A24
ERROR: Switch case at 82222CF4 has no callable PPC target: 82222D14
ERROR: Switch case at 82222CF4 has no callable PPC target: 82222D14
ERROR: Switch case at 82222CF4 has no callable PPC target: 82222D14
ERROR: Switch case at 82222CF4 has no callable PPC target: 82222D14
ERROR: Switch case at 82223484 has no callable PPC target: 82223620
ERROR: Switch case at 82224ABC has no callable PPC target: 82224BA4
ERROR: Switch case at 8222C954 has no callable PPC target: 8222C968
ERROR: Switch case at 822319EC has no callable PPC target: 82231A14
ERROR: Switch case at 822319EC has no callable PPC target: 82231A14
ERROR: Switch case at 8223919C has no callable PPC target: 822391C4
ERROR: Switch case at 82248934 has no callable PPC target: 82248958
Recompiling functions... 35.64499%
ERROR: Switch case at 822A1C0C has no callable PPC target: 822A1C60
ERROR: Switch case at 822A1C0C has no callable PPC target: 822A1C60
ERROR: Switch case at 822A1C0C has no callable PPC target: 822A1C60
ERROR: Switch case at 822A1C0C has no callable PPC target: 822A1C60
ERROR: Switch case at 822A1C0C has no callable PPC target: 822A1C60
ERROR: Switch case at 822A1C0C has no callable PPC target: 822A1C60
ERROR: Switch case at 822A1C0C has no callable PPC target: 822A1C60
ERROR: Switch case at 822A1C0C has no callable PPC target: 822A1C60
ERROR: Switch case at 822A1C0C has no callable PPC target: 822A1C60
ERROR: Switch case at 822A1C0C has no callable PPC target: 822A1C60
ERROR: Switch case at 822A1C0C has no callable PPC target: 822A1C60
ERROR: Switch case at 822A1C0C has no callable PPC target: 822A1C60
ERROR: Switch case at 822A1C0C has no callable PPC target: 822A1C60
ERROR: Switch case at 822A1C0C has no callable PPC target: 822A1C60
ERROR: Switch case at 822A1C94 has no callable PPC target: 822A1CE8
ERROR: Switch case at 822A1C94 has no callable PPC target: 822A1CE8
ERROR: Switch case at 822A1C94 has no callable PPC target: 822A1CE8
ERROR: Switch case at 822A1C94 has no callable PPC target: 822A1CE8
ERROR: Switch case at 822A1C94 has no callable PPC target: 822A1CE8
ERROR: Switch case at 822A1C94 has no callable PPC target: 822A1CE8
ERROR: Switch case at 822A1C94 has no callable PPC target: 822A1CE8
ERROR: Switch case at 822A1C94 has no callable PPC target: 822A1CE8
ERROR: Switch case at 822A1C94 has no callable PPC target: 822A1CE8
ERROR: Switch case at 822A1C94 has no callable PPC target: 822A1CE8
ERROR: Switch case at 822A1C94 has no callable PPC target: 822A1CE8
ERROR: Switch case at 822A1C94 has no callable PPC target: 822A1CE8
ERROR: Switch case at 822A3C3C has no callable PPC target: 822A3C54
ERROR: Switch case at 822A3D20 has no callable PPC target: 822A3D64
ERROR: Switch case at 822A3D20 has no callable PPC target: 822A408C
ERROR: Switch case at 822AAAB4 has no callable PPC target: 822AAB0C
ERROR: Switch case at 822AAAB4 has no callable PPC target: 822AAB0C
ERROR: Switch case at 822AAAB4 has no callable PPC target: 822AAB0C
ERROR: Switch case at 822AAAB4 has no callable PPC target: 822AAB0C
ERROR: Switch case at 822AAAB4 has no callable PPC target: 822AAB0C
ERROR: Switch case at 822AAAB4 has no callable PPC target: 822AAB0C
ERROR: Switch case at 822B84CC has no callable PPC target: 822B84E0
ERROR: Switch case at 822BC26C has no callable PPC target: 822BC284
ERROR: Switch case at 822BC26C has no callable PPC target: 822BC284
ERROR: Switch case at 822BC26C has no callable PPC target: 822BC284
ERROR: Switch case at 822BC26C has no callable PPC target: 822BC2AC
ERROR: Switch case at 822BC26C has no callable PPC target: 822BC2AC
ERROR: Switch case at 822DCE54 has no callable PPC target: 822DCE8C
ERROR: Switch case at 823004F8 has no callable PPC target: 8230053C
ERROR: Switch case at 823004F8 has no callable PPC target: 8230057C
ERROR: Switch case at 823004F8 has no callable PPC target: 8230057C
ERROR: Switch case at 823004F8 has no callable PPC target: 8230057C
ERROR: Switch case at 823004F8 has no callable PPC target: 8230057C
ERROR: Switch case at 823004F8 has no callable PPC target: 8230057C
ERROR: Switch case at 823004F8 has no callable PPC target: 8230057C
ERROR: Switch case at 823004F8 has no callable PPC target: 8230057C
ERROR: Switch case at 823004F8 has no callable PPC target: 8230057C
ERROR: Switch case at 823004F8 has no callable PPC target: 8230057C
ERROR: Switch case at 823004F8 has no callable PPC target: 8230057C
ERROR: Switch case at 823004F8 has no callable PPC target: 8230057C
ERROR: Switch case at 823004F8 has no callable PPC target: 8230057C
Recompiling functions... 44.555145%
ERROR: Switch case at 8232AA50 has no callable PPC target: 8232AA80
ERROR: Switch case at 8232AA50 has no callable PPC target: 8232AAE4
ERROR: Switch case at 8232AA50 has no callable PPC target: 8232AAE4
ERROR: Switch case at 8232AA50 has no callable PPC target: 8232AAE4
ERROR: Switch case at 8232AA50 has no callable PPC target: 8232AAE4
ERROR: Switch case at 8232AA50 has no callable PPC target: 8232AAE4
ERROR: Switch case at 823489C4 has no callable PPC target: 823489DC
ERROR: Switch case at 82356ACC has no callable PPC target: 82357724
ERROR: Switch case at 82356ACC has no callable PPC target: 82357724
ERROR: Switch case at 82356ACC has no callable PPC target: 82357724
ERROR: Switch case at 82356ACC has no callable PPC target: 82357724
ERROR: Switch case at 82356ACC has no callable PPC target: 82357724
ERROR: Switch case at 82356ACC has no callable PPC target: 82357724
ERROR: Switch case at 82356ACC has no callable PPC target: 82357724
ERROR: Switch case at 82356ACC has no callable PPC target: 82357724
ERROR: Switch case at 82356ACC has no callable PPC target: 82357724
ERROR: Switch case at 82356ACC has no callable PPC target: 82357724
ERROR: Switch case at 82356ACC has no callable PPC target: 82357724
ERROR: Switch case at 82356ACC has no callable PPC target: 82357724
ERROR: Switch case at 82356ACC has no callable PPC target: 82357724
ERROR: Switch case at 82356ACC has no callable PPC target: 82357724
ERROR: Switch case at 82356ACC has no callable PPC target: 82357724
ERROR: Switch case at 82356ACC has no callable PPC target: 82357724
ERROR: Switch case at 82356ACC has no callable PPC target: 82357724
ERROR: Switch case at 82356ACC has no callable PPC target: 82357724
ERROR: Switch case at 82356ACC has no callable PPC target: 82357724
ERROR: Switch case at 82356ACC has no callable PPC target: 82357724
ERROR: Switch case at 82356ACC has no callable PPC target: 82357724
ERROR: Switch case at 82356ACC has no callable PPC target: 82357724
ERROR: Switch case at 82356ACC has no callable PPC target: 82357724
ERROR: Switch case at 82356ACC has no callable PPC target: 82357724
ERROR: Switch case at 82356ACC has no callable PPC target: 82357724
ERROR: Switch case at 82356ACC has no callable PPC target: 82357724
ERROR: Switch case at 82356ACC has no callable PPC target: 82357724
ERROR: Switch case at 82356ACC has no callable PPC target: 82357724
ERROR: Switch case at 82356ACC has no callable PPC target: 82357724
ERROR: Switch case at 82356ACC has no callable PPC target: 82357724
ERROR: Switch case at 82356ACC has no callable PPC target: 82357724
ERROR: Switch case at 82356ACC has no callable PPC target: 82357724
ERROR: Switch case at 82356ACC has no callable PPC target: 82357724
ERROR: Switch case at 82356ACC has no callable PPC target: 82357724
ERROR: Switch case at 82356ACC has no callable PPC target: 82357724
ERROR: Switch case at 82356ACC has no callable PPC target: 82357724
ERROR: Switch case at 82356ACC has no callable PPC target: 82357724
ERROR: Switch case at 82356ACC has no callable PPC target: 82357724
ERROR: Switch case at 82356ACC has no callable PPC target: 82357724
ERROR: Switch case at 82356ACC has no callable PPC target: 82357724
ERROR: Switch case at 82356ACC has no callable PPC target: 82357724
ERROR: Switch case at 82356ACC has no callable PPC target: 82357724
ERROR: Switch case at 82356ACC has no callable PPC target: 82357724
ERROR: Switch case at 82356ACC has no callable PPC target: 82357724
ERROR: Switch case at 82356ACC has no callable PPC target: 82357724
ERROR: Switch case at 82356ACC has no callable PPC target: 82357724
ERROR: Switch case at 82356ACC has no callable PPC target: 82357724
ERROR: Switch case at 82356ACC has no callable PPC target: 82357724
ERROR: Switch case at 82356ACC has no callable PPC target: 82357724
ERROR: Switch case at 82356ACC has no callable PPC target: 82357724
ERROR: Switch case at 82356ACC has no callable PPC target: 82357724
ERROR: Switch case at 82356ACC has no callable PPC target: 82357724
ERROR: Switch case at 82356ACC has no callable PPC target: 82357724
ERROR: Switch case at 82356ACC has no callable PPC target: 82357724
ERROR: Switch case at 82356ACC has no callable PPC target: 82357724
ERROR: Switch case at 82356ACC has no callable PPC target: 82357724
ERROR: Switch case at 82356ACC has no callable PPC target: 8235772C
ERROR: Switch case at 82356ACC has no callable PPC target: 82357724
ERROR: Switch case at 82356ACC has no callable PPC target: 82357724
ERROR: Switch case at 82356ACC has no callable PPC target: 82357724
ERROR: Switch case at 82356ACC has no callable PPC target: 82357724
ERROR: Switch case at 82356ACC has no callable PPC target: 82357724
ERROR: Switch case at 82356ACC has no callable PPC target: 82357724
ERROR: Switch case at 82356ACC has no callable PPC target: 82357724
ERROR: Switch case at 82356ACC has no callable PPC target: 82357724
ERROR: Switch case at 82356ACC has no callable PPC target: 82357724
ERROR: Switch case at 82356ACC has no callable PPC target: 82357724
ERROR: Switch case at 82356ACC has no callable PPC target: 82357724
ERROR: Switch case at 82356ACC has no callable PPC target: 82357724
ERROR: Switch case at 82356ACC has no callable PPC target: 82357724
ERROR: Switch case at 82356ACC has no callable PPC target: 82357724
ERROR: Switch case at 82356ACC has no callable PPC target: 82357724
ERROR: Switch case at 82356ACC has no callable PPC target: 82357724
ERROR: Switch case at 82356ACC has no callable PPC target: 82357724
ERROR: Switch case at 82356ACC has no callable PPC target: 82357724
ERROR: Switch case at 82356ACC has no callable PPC target: 82357724
ERROR: Switch case at 82356ACC has no callable PPC target: 82357724
ERROR: Switch case at 82356ACC has no callable PPC target: 82357724
ERROR: Switch case at 82356ACC has no callable PPC target: 82357724
ERROR: Switch case at 82356ACC has no callable PPC target: 82357724
ERROR: Switch case at 82356ACC has no callable PPC target: 82357724
ERROR: Switch case at 82356ACC has no callable PPC target: 82357724
ERROR: Switch case at 82356ACC has no callable PPC target: 82357724
ERROR: Switch case at 82356ACC has no callable PPC target: 82357724
ERROR: Switch case at 82356ACC has no callable PPC target: 82357724
ERROR: Switch case at 82356ACC has no callable PPC target: 82357724
ERROR: Switch case at 82356ACC has no callable PPC target: 82357724
ERROR: Switch case at 82356ACC has no callable PPC target: 82357724
ERROR: Switch case at 82356ACC has no callable PPC target: 82357724
ERROR: Switch case at 82356ACC has no callable PPC target: 82357724
ERROR: Switch case at 82356ACC has no callable PPC target: 82357724
ERROR: Switch case at 82356ACC has no callable PPC target: 82357724
ERROR: Switch case at 82356ACC has no callable PPC target: 82357724
ERROR: Switch case at 82356ACC has no callable PPC target: 82357724
ERROR: Switch case at 82356ACC has no callable PPC target: 82357724
ERROR: Switch case at 82356ACC has no callable PPC target: 82357724
ERROR: Switch case at 82356ACC has no callable PPC target: 82357724
ERROR: Switch case at 82356ACC has no callable PPC target: 82357724
ERROR: Switch case at 82356ACC has no callable PPC target: 82357724
ERROR: Switch case at 82356ACC has no callable PPC target: 82357724
ERROR: Switch case at 82356ACC has no callable PPC target: 82357724
ERROR: Switch case at 82356ACC has no callable PPC target: 82357724
ERROR: Switch case at 82356ACC has no callable PPC target: 82357724
ERROR: Switch case at 82356ACC has no callable PPC target: 82357724
ERROR: Switch case at 82356ACC has no callable PPC target: 8235772C
ERROR: Switch case at 82356CC4 has no callable PPC target: 82356AA0
ERROR: Switch case at 82356CC4 has no callable PPC target: 82356AA0
ERROR: Switch case at 82356CC4 has no callable PPC target: 82357724
ERROR: Switch case at 82356CC4 has no callable PPC target: 82357724
ERROR: Switch case at 82356CC4 has no callable PPC target: 82356AA0
ERROR: Switch case at 82356CC4 has no callable PPC target: 82357724
ERROR: Switch case at 82356CC4 has no callable PPC target: 82357724
ERROR: Switch case at 82356CC4 has no callable PPC target: 82357724
ERROR: Switch case at 82356CC4 has no callable PPC target: 82357724
ERROR: Switch case at 82356CC4 has no callable PPC target: 82357724
ERROR: Switch case at 82356CC4 has no callable PPC target: 82357724
ERROR: Switch case at 82356CC4 has no callable PPC target: 82357724
ERROR: Switch case at 82356CC4 has no callable PPC target: 82357724
ERROR: Switch case at 82356CC4 has no callable PPC target: 82357724
ERROR: Switch case at 82356CC4 has no callable PPC target: 82357724
ERROR: Switch case at 82356CC4 has no callable PPC target: 82357724
ERROR: Switch case at 82356CC4 has no callable PPC target: 82357724
ERROR: Switch case at 82356CC4 has no callable PPC target: 82357724
ERROR: Switch case at 82356CC4 has no callable PPC target: 82357724
ERROR: Switch case at 82356CC4 has no callable PPC target: 82357724
ERROR: Switch case at 82356CC4 has no callable PPC target: 82357724
ERROR: Switch case at 82356CC4 has no callable PPC target: 82357724
ERROR: Switch case at 82356CC4 has no callable PPC target: 82357724
ERROR: Switch case at 82356CC4 has no callable PPC target: 82357724
ERROR: Switch case at 82356CC4 has no callable PPC target: 82357724
ERROR: Switch case at 82356CC4 has no callable PPC target: 82357724
ERROR: Switch case at 82356CC4 has no callable PPC target: 82357724
ERROR: Switch case at 82356CC4 has no callable PPC target: 82357724
ERROR: Switch case at 82356CC4 has no callable PPC target: 82357724
ERROR: Switch case at 82356CC4 has no callable PPC target: 82357724
ERROR: Switch case at 82356CC4 has no callable PPC target: 82357724
ERROR: Switch case at 82356CC4 has no callable PPC target: 82357724
ERROR: Switch case at 82356CC4 has no callable PPC target: 82357724
ERROR: Switch case at 82356CC4 has no callable PPC target: 82357724
ERROR: Switch case at 82356CC4 has no callable PPC target: 82357724
ERROR: Switch case at 82356CC4 has no callable PPC target: 82357724
ERROR: Switch case at 82356CC4 has no callable PPC target: 82357724
ERROR: Switch case at 82356CC4 has no callable PPC target: 82357724
ERROR: Switch case at 82356CC4 has no callable PPC target: 82357724
ERROR: Switch case at 82356CC4 has no callable PPC target: 82357724
ERROR: Switch case at 82356CC4 has no callable PPC target: 82357724
ERROR: Switch case at 82356CC4 has no callable PPC target: 82357724
ERROR: Switch case at 82356CC4 has no callable PPC target: 82357724
ERROR: Switch case at 82356CC4 has no callable PPC target: 82357724
ERROR: Switch case at 82356CC4 has no callable PPC target: 82357724
ERROR: Switch case at 82356CC4 has no callable PPC target: 82357724
ERROR: Switch case at 82356CC4 has no callable PPC target: 82357724
ERROR: Switch case at 82356CC4 has no callable PPC target: 82357724
ERROR: Switch case at 82356CC4 has no callable PPC target: 82357724
ERROR: Switch case at 82356CC4 has no callable PPC target: 82357724
ERROR: Switch case at 82356CC4 has no callable PPC target: 82357724
ERROR: Switch case at 82356CC4 has no callable PPC target: 82357724
ERROR: Switch case at 82356CC4 has no callable PPC target: 82357724
ERROR: Switch case at 82356CC4 has no callable PPC target: 82357724
ERROR: Switch case at 82356CC4 has no callable PPC target: 82357724
ERROR: Switch case at 82356CC4 has no callable PPC target: 82357724
ERROR: Switch case at 82356CC4 has no callable PPC target: 82357724
ERROR: Switch case at 82356CC4 has no callable PPC target: 82357724
ERROR: Switch case at 82356CC4 has no callable PPC target: 82357724
ERROR: Switch case at 82356CC4 has no callable PPC target: 8235772C
ERROR: Switch case at 82356CC4 has no callable PPC target: 82357724
ERROR: Switch case at 82356CC4 has no callable PPC target: 82357724
ERROR: Switch case at 82356CC4 has no callable PPC target: 82357724
ERROR: Switch case at 82356CC4 has no callable PPC target: 82357724
ERROR: Switch case at 82356CC4 has no callable PPC target: 82357724
ERROR: Switch case at 82356CC4 has no callable PPC target: 82357724
ERROR: Switch case at 82356CC4 has no callable PPC target: 82357724
ERROR: Switch case at 82356CC4 has no callable PPC target: 82357724
ERROR: Switch case at 82356CC4 has no callable PPC target: 82357724
ERROR: Switch case at 82356CC4 has no callable PPC target: 82357724
ERROR: Switch case at 82356CC4 has no callable PPC target: 82357724
ERROR: Switch case at 82356CC4 has no callable PPC target: 82357724
ERROR: Switch case at 82356CC4 has no callable PPC target: 82357724
ERROR: Switch case at 82356CC4 has no callable PPC target: 82357724
ERROR: Switch case at 82356CC4 has no callable PPC target: 82357724
ERROR: Switch case at 82356CC4 has no callable PPC target: 82357724
ERROR: Switch case at 82356CC4 has no callable PPC target: 82357724
ERROR: Switch case at 82356CC4 has no callable PPC target: 82357724
ERROR: Switch case at 82356CC4 has no callable PPC target: 82357724
ERROR: Switch case at 82356CC4 has no callable PPC target: 82357724
ERROR: Switch case at 82356CC4 has no callable PPC target: 82357724
ERROR: Switch case at 82356CC4 has no callable PPC target: 82357724
ERROR: Switch case at 82356CC4 has no callable PPC target: 82357724
ERROR: Switch case at 82356CC4 has no callable PPC target: 82357724
ERROR: Switch case at 82356CC4 has no callable PPC target: 82357724
ERROR: Switch case at 82356CC4 has no callable PPC target: 82357724
ERROR: Switch case at 82356CC4 has no callable PPC target: 82357724
ERROR: Switch case at 82356CC4 has no callable PPC target: 82357724
ERROR: Switch case at 82356CC4 has no callable PPC target: 82357724
ERROR: Switch case at 82356CC4 has no callable PPC target: 82357724
ERROR: Switch case at 82356CC4 has no callable PPC target: 82357724
ERROR: Switch case at 82356CC4 has no callable PPC target: 82357724
ERROR: Switch case at 82356CC4 has no callable PPC target: 82357724
ERROR: Switch case at 82356CC4 has no callable PPC target: 82357724
ERROR: Switch case at 82356CC4 has no callable PPC target: 82357724
ERROR: Switch case at 82356CC4 has no callable PPC target: 82357724
ERROR: Switch case at 82356CC4 has no callable PPC target: 82357724
ERROR: Switch case at 82356CC4 has no callable PPC target: 82357724
ERROR: Switch case at 82356CC4 has no callable PPC target: 82357724
ERROR: Switch case at 82356CC4 has no callable PPC target: 82357724
ERROR: Switch case at 82356CC4 has no callable PPC target: 82357724
ERROR: Switch case at 82356CC4 has no callable PPC target: 82357724
ERROR: Switch case at 82356CC4 has no callable PPC target: 82357724
ERROR: Switch case at 82356CC4 has no callable PPC target: 82357724
ERROR: Switch case at 82356CC4 has no callable PPC target: 82357724
ERROR: Switch case at 82356CC4 has no callable PPC target: 82357724
ERROR: Switch case at 82356CC4 has no callable PPC target: 82357724
ERROR: Switch case at 82356CC4 has no callable PPC target: 8235772C
ERROR: Switch case at 82356E9C has no callable PPC target: 82357190
ERROR: Switch case at 82356E9C has no callable PPC target: 823572B8
ERROR: Switch case at 82356E9C has no callable PPC target: 823572B8
ERROR: Switch case at 82356E9C has no callable PPC target: 82357724
ERROR: Switch case at 82356E9C has no callable PPC target: 82357724
ERROR: Switch case at 82356E9C has no callable PPC target: 82357724
ERROR: Switch case at 82356E9C has no callable PPC target: 82357724
ERROR: Switch case at 82356E9C has no callable PPC target: 82357724
ERROR: Switch case at 82356E9C has no callable PPC target: 82357700
ERROR: Switch case at 82356F10 has no callable PPC target: 8235772C
ERROR: Switch case at 82356F10 has no callable PPC target: 82357724
ERROR: Switch case at 82356F10 has no callable PPC target: 82357724
ERROR: Switch case at 82356F10 has no callable PPC target: 82357724
ERROR: Switch case at 82356F10 has no callable PPC target: 82357724
ERROR: Switch case at 82356F10 has no callable PPC target: 82357724
ERROR: Switch case at 82356F10 has no callable PPC target: 82357724
ERROR: Switch case at 82356F10 has no callable PPC target: 82357724
ERROR: Switch case at 82356F10 has no callable PPC target: 82357724
ERROR: Switch case at 82356F10 has no callable PPC target: 82357724
ERROR: Switch case at 82356F10 has no callable PPC target: 82357724
ERROR: Switch case at 82356F10 has no callable PPC target: 82357724
ERROR: Switch case at 82356F10 has no callable PPC target: 82357724
ERROR: Switch case at 82356F10 has no callable PPC target: 82357724
ERROR: Switch case at 82356F10 has no callable PPC target: 82357724
ERROR: Switch case at 82356F10 has no callable PPC target: 82357724
ERROR: Switch case at 82356F10 has no callable PPC target: 82357724
ERROR: Switch case at 82356F10 has no callable PPC target: 82357724
ERROR: Switch case at 82356F10 has no callable PPC target: 82357724
ERROR: Switch case at 82356F10 has no callable PPC target: 82357724
ERROR: Switch case at 82356F10 has no callable PPC target: 82357724
ERROR: Switch case at 82356F10 has no callable PPC target: 82357724
ERROR: Switch case at 82356F10 has no callable PPC target: 82357724
ERROR: Switch case at 82356F10 has no callable PPC target: 82357724
ERROR: Switch case at 82356F10 has no callable PPC target: 82357724
ERROR: Switch case at 82356F10 has no callable PPC target: 82357724
ERROR: Switch case at 82356F10 has no callable PPC target: 82357724
ERROR: Switch case at 82356F10 has no callable PPC target: 82357724
ERROR: Switch case at 82356F10 has no callable PPC target: 82357724
ERROR: Switch case at 82356F10 has no callable PPC target: 82357724
ERROR: Switch case at 82356F10 has no callable PPC target: 82357724
ERROR: Switch case at 82356F10 has no callable PPC target: 82357724
ERROR: Switch case at 82356F10 has no callable PPC target: 82357724
ERROR: Switch case at 82356F10 has no callable PPC target: 82357724
ERROR: Switch case at 82356F10 has no callable PPC target: 82357724
ERROR: Switch case at 82356F10 has no callable PPC target: 82357724
ERROR: Switch case at 82356F10 has no callable PPC target: 82357724
ERROR: Switch case at 82356F10 has no callable PPC target: 82357724
ERROR: Switch case at 82356F10 has no callable PPC target: 82357724
ERROR: Switch case at 82356F10 has no callable PPC target: 82357724
ERROR: Switch case at 82356F10 has no callable PPC target: 82357724
ERROR: Switch case at 82356F10 has no callable PPC target: 82357724
ERROR: Switch case at 82356F10 has no callable PPC target: 82357724
ERROR: Switch case at 82356F10 has no callable PPC target: 82357724
ERROR: Switch case at 82356F10 has no callable PPC target: 82357724
ERROR: Switch case at 82356F10 has no callable PPC target: 82357724
ERROR: Switch case at 82356F10 has no callable PPC target: 82357724
ERROR: Switch case at 82356F10 has no callable PPC target: 82357724
ERROR: Switch case at 82356F10 has no callable PPC target: 82357724
ERROR: Switch case at 82356F10 has no callable PPC target: 82357724
ERROR: Switch case at 82356F10 has no callable PPC target: 82357724
ERROR: Switch case at 82356F10 has no callable PPC target: 82357724
ERROR: Switch case at 82356F10 has no callable PPC target: 82357724
ERROR: Switch case at 82356F10 has no callable PPC target: 82357724
ERROR: Switch case at 82356F10 has no callable PPC target: 82357724
ERROR: Switch case at 82356F10 has no callable PPC target: 82357724
ERROR: Switch case at 82356F10 has no callable PPC target: 82357724
ERROR: Switch case at 82356F10 has no callable PPC target: 82357724
ERROR: Switch case at 82356F10 has no callable PPC target: 82357724
ERROR: Switch case at 82356F10 has no callable PPC target: 82357724
ERROR: Switch case at 82356F10 has no callable PPC target: 82357724
ERROR: Switch case at 82356F10 has no callable PPC target: 82357724
ERROR: Switch case at 82356F10 has no callable PPC target: 82357724
ERROR: Switch case at 82356F10 has no callable PPC target: 82357724
ERROR: Switch case at 82356F10 has no callable PPC target: 82357724
ERROR: Switch case at 82356F10 has no callable PPC target: 82357724
ERROR: Switch case at 82356F10 has no callable PPC target: 82357724
ERROR: Switch case at 82356F10 has no callable PPC target: 82357724
ERROR: Switch case at 82356F10 has no callable PPC target: 82357724
ERROR: Switch case at 82356F10 has no callable PPC target: 82357724
ERROR: Switch case at 82356F10 has no callable PPC target: 82357724
ERROR: Switch case at 82356F10 has no callable PPC target: 82357724
ERROR: Switch case at 82356F10 has no callable PPC target: 82357724
ERROR: Switch case at 82356F10 has no callable PPC target: 82357724
ERROR: Switch case at 82356F10 has no callable PPC target: 82357724
ERROR: Switch case at 82356F10 has no callable PPC target: 82357724
ERROR: Switch case at 82356F10 has no callable PPC target: 82357724
ERROR: Switch case at 82356F10 has no callable PPC target: 82357724
ERROR: Switch case at 82356F10 has no callable PPC target: 82357724
ERROR: Switch case at 82356F10 has no callable PPC target: 82357724
ERROR: Switch case at 82356F10 has no callable PPC target: 82357724
ERROR: Switch case at 82356F10 has no callable PPC target: 82357724
ERROR: Switch case at 82356F10 has no callable PPC target: 82357724
ERROR: Switch case at 82356F10 has no callable PPC target: 82357724
ERROR: Switch case at 82356F10 has no callable PPC target: 82357724
ERROR: Switch case at 82356F10 has no callable PPC target: 82357724
ERROR: Switch case at 82356F10 has no callable PPC target: 82357724
ERROR: Switch case at 82356F10 has no callable PPC target: 82357724
ERROR: Switch case at 82356F10 has no callable PPC target: 82357724
ERROR: Switch case at 82356F10 has no callable PPC target: 82357724
ERROR: Switch case at 82356F10 has no callable PPC target: 82357724
ERROR: Switch case at 82356F10 has no callable PPC target: 82357724
ERROR: Switch case at 82356F10 has no callable PPC target: 82357724
ERROR: Switch case at 82356F10 has no callable PPC target: 82357724
ERROR: Switch case at 82356F10 has no callable PPC target: 82357724
ERROR: Switch case at 82356F10 has no callable PPC target: 82357724
ERROR: Switch case at 82356F10 has no callable PPC target: 82357724
ERROR: Switch case at 82356F10 has no callable PPC target: 82357724
ERROR: Switch case at 82356F10 has no callable PPC target: 82357724
ERROR: Switch case at 82356F10 has no callable PPC target: 82357724
ERROR: Switch case at 82356F10 has no callable PPC target: 82357724
ERROR: Switch case at 82356F10 has no callable PPC target: 82357724
ERROR: Switch case at 82356F10 has no callable PPC target: 82357724
ERROR: Switch case at 82356F10 has no callable PPC target: 82357724
ERROR: Switch case at 82356F10 has no callable PPC target: 82357724
ERROR: Switch case at 82356F10 has no callable PPC target: 82357724
ERROR: Switch case at 82356F10 has no callable PPC target: 82357724
ERROR: Switch case at 82356F10 has no callable PPC target: 82357724
ERROR: Switch case at 82356F10 has no callable PPC target: 82357724
ERROR: Switch case at 82356F10 has no callable PPC target: 82357724
ERROR: Switch case at 82356F10 has no callable PPC target: 82357724
ERROR: Switch case at 82356F10 has no callable PPC target: 82357724
ERROR: Switch case at 82356F10 has no callable PPC target: 82357724
ERROR: Switch case at 82356F10 has no callable PPC target: 82357724
ERROR: Switch case at 82356F10 has no callable PPC target: 82357724
ERROR: Switch case at 82356F10 has no callable PPC target: 82357724
ERROR: Switch case at 82356F10 has no callable PPC target: 82357724
ERROR: Switch case at 82356F10 has no callable PPC target: 82357724
ERROR: Switch case at 82356F10 has no callable PPC target: 82357724
ERROR: Switch case at 82356F10 has no callable PPC target: 82357724
ERROR: Switch case at 82356F10 has no callable PPC target: 82357724
ERROR: Switch case at 82356F10 has no callable PPC target: 82357724
ERROR: Switch case at 82356F10 has no callable PPC target: 82357724
ERROR: Switch case at 82356F10 has no callable PPC target: 82357724
ERROR: Switch case at 82356F10 has no callable PPC target: 82357724
ERROR: Switch case at 82356F10 has no callable PPC target: 82357724
ERROR: Switch case at 82356F10 has no callable PPC target: 82357724
ERROR: Switch case at 82356F10 has no callable PPC target: 82357724
ERROR: Switch case at 82356F10 has no callable PPC target: 82357724
ERROR: Switch case at 82356F10 has no callable PPC target: 82357724
ERROR: Switch case at 82356F10 has no callable PPC target: 82357724
ERROR: Switch case at 82356F10 has no callable PPC target: 82357724
ERROR: Switch case at 82356F10 has no callable PPC target: 82357724
ERROR: Switch case at 82356F10 has no callable PPC target: 82357724
ERROR: Switch case at 82356F10 has no callable PPC target: 82357724
ERROR: Switch case at 82356F10 has no callable PPC target: 82357724
ERROR: Switch case at 82356F10 has no callable PPC target: 82357724
ERROR: Switch case at 82356F10 has no callable PPC target: 82357724
ERROR: Switch case at 82356F10 has no callable PPC target: 82357724
ERROR: Switch case at 82356F10 has no callable PPC target: 82357724
ERROR: Switch case at 82356F10 has no callable PPC target: 82357724
ERROR: Switch case at 82356F10 has no callable PPC target: 82357724
ERROR: Switch case at 82356F10 has no callable PPC target: 82357724
ERROR: Switch case at 82356F10 has no callable PPC target: 82357724
ERROR: Switch case at 82356F10 has no callable PPC target: 82357724
ERROR: Switch case at 82356F10 has no callable PPC target: 82357724
ERROR: Switch case at 82356F10 has no callable PPC target: 82357724
ERROR: Switch case at 82356F10 has no callable PPC target: 82357724
ERROR: Switch case at 82356F10 has no callable PPC target: 82357724
ERROR: Switch case at 82356F10 has no callable PPC target: 82356AA0
ERROR: Switch case at 82356F10 has no callable PPC target: 82356AA0
ERROR: Switch case at 82356F10 has no callable PPC target: 82357724
ERROR: Switch case at 82356F10 has no callable PPC target: 82357724
ERROR: Switch case at 82356F10 has no callable PPC target: 82357724
ERROR: Switch case at 82356F10 has no callable PPC target: 82357724
ERROR: Switch case at 82356F10 has no callable PPC target: 82357724
ERROR: Switch case at 82356F10 has no callable PPC target: 82357190
ERROR: Switch case at 82356F10 has no callable PPC target: 823572B8
ERROR: Switch case at 82356F10 has no callable PPC target: 823572B8
ERROR: Switch case at 823572E4 has no callable PPC target: 82356AA0
ERROR: Switch case at 823572E4 has no callable PPC target: 82356AA0
ERROR: Switch case at 823572E4 has no callable PPC target: 82356AA0
ERROR: Switch case at 823572E4 has no callable PPC target: 82357724
ERROR: Switch case at 823572E4 has no callable PPC target: 82357724
ERROR: Switch case at 823572E4 has no callable PPC target: 82357724
ERROR: Switch case at 823572E4 has no callable PPC target: 82357724
ERROR: Switch case at 823572E4 has no callable PPC target: 82357724
ERROR: Switch case at 823572E4 has no callable PPC target: 82357724
ERROR: Switch case at 823572E4 has no callable PPC target: 82357724
ERROR: Switch case at 823572E4 has no callable PPC target: 82357724
ERROR: Switch case at 823572E4 has no callable PPC target: 82357724
ERROR: Switch case at 823572E4 has no callable PPC target: 82356AA0
ERROR: Switch case at 823572E4 has no callable PPC target: 82357724
ERROR: Switch case at 823572E4 has no callable PPC target: 82357724
ERROR: Switch case at 823572E4 has no callable PPC target: 82357724
ERROR: Switch case at 823572E4 has no callable PPC target: 82357724
ERROR: Switch case at 823572E4 has no callable PPC target: 82357724
ERROR: Switch case at 823572E4 has no callable PPC target: 82357724
ERROR: Switch case at 823572E4 has no callable PPC target: 82357724
ERROR: Switch case at 823572E4 has no callable PPC target: 82357724
ERROR: Switch case at 823572E4 has no callable PPC target: 82357724
ERROR: Switch case at 823572E4 has no callable PPC target: 82357724
ERROR: Switch case at 823572E4 has no callable PPC target: 82357724
ERROR: Switch case at 823572E4 has no callable PPC target: 82357724
ERROR: Switch case at 823572E4 has no callable PPC target: 82357724
ERROR: Switch case at 823572E4 has no callable PPC target: 82357724
ERROR: Switch case at 823572E4 has no callable PPC target: 82357724
ERROR: Switch case at 823572E4 has no callable PPC target: 82357724
ERROR: Switch case at 823572E4 has no callable PPC target: 82357724
ERROR: Switch case at 823572E4 has no callable PPC target: 82357724
ERROR: Switch case at 823572E4 has no callable PPC target: 82357724
ERROR: Switch case at 823572E4 has no callable PPC target: 82357724
ERROR: Switch case at 823572E4 has no callable PPC target: 82357724
ERROR: Switch case at 823572E4 has no callable PPC target: 82357724
ERROR: Switch case at 823572E4 has no callable PPC target: 82357724
ERROR: Switch case at 823572E4 has no callable PPC target: 82357724
ERROR: Switch case at 823572E4 has no callable PPC target: 82357724
ERROR: Switch case at 823572E4 has no callable PPC target: 82357724
ERROR: Switch case at 823572E4 has no callable PPC target: 82357724
ERROR: Switch case at 823572E4 has no callable PPC target: 82357724
ERROR: Switch case at 823572E4 has no callable PPC target: 82357724
ERROR: Switch case at 823572E4 has no callable PPC target: 82357724
ERROR: Switch case at 823572E4 has no callable PPC target: 82357724
ERROR: Switch case at 823572E4 has no callable PPC target: 82357724
ERROR: Switch case at 823572E4 has no callable PPC target: 82357724
ERROR: Switch case at 823572E4 has no callable PPC target: 82357724
ERROR: Switch case at 823572E4 has no callable PPC target: 82357724
ERROR: Switch case at 823572E4 has no callable PPC target: 82357724
ERROR: Switch case at 823572E4 has no callable PPC target: 82357724
ERROR: Switch case at 823572E4 has no callable PPC target: 82357724
ERROR: Switch case at 823572E4 has no callable PPC target: 82357724
ERROR: Switch case at 823572E4 has no callable PPC target: 82357724
ERROR: Switch case at 823572E4 has no callable PPC target: 82357724
ERROR: Switch case at 823572E4 has no callable PPC target: 82357724
ERROR: Switch case at 823572E4 has no callable PPC target: 82357724
ERROR: Switch case at 823572E4 has no callable PPC target: 82357724
ERROR: Switch case at 823572E4 has no callable PPC target: 82357724
ERROR: Switch case at 823572E4 has no callable PPC target: 82357724
ERROR: Switch case at 823572E4 has no callable PPC target: 82357724
ERROR: Switch case at 823572E4 has no callable PPC target: 82357724
ERROR: Switch case at 823572E4 has no callable PPC target: 82357724
ERROR: Switch case at 823572E4 has no callable PPC target: 82357724
ERROR: Switch case at 823572E4 has no callable PPC target: 82357724
ERROR: Switch case at 823572E4 has no callable PPC target: 82357724
ERROR: Switch case at 823572E4 has no callable PPC target: 82357724
ERROR: Switch case at 823572E4 has no callable PPC target: 82357724
ERROR: Switch case at 823572E4 has no callable PPC target: 8235772C
ERROR: Switch case at 82357430 has no callable PPC target: 82356AA0
ERROR: Switch case at 82357430 has no callable PPC target: 82356AA0
ERROR: Switch case at 82357430 has no callable PPC target: 82356AA0
ERROR: Switch case at 82357430 has no callable PPC target: 82357724
ERROR: Switch case at 82357430 has no callable PPC target: 82357724
ERROR: Switch case at 82357430 has no callable PPC target: 82357724
ERROR: Switch case at 82357430 has no callable PPC target: 82357724
ERROR: Switch case at 82357430 has no callable PPC target: 82357724
ERROR: Switch case at 82357430 has no callable PPC target: 82357724
ERROR: Switch case at 82357430 has no callable PPC target: 82357724
ERROR: Switch case at 82357430 has no callable PPC target: 82357724
ERROR: Switch case at 82357430 has no callable PPC target: 82357724
ERROR: Switch case at 82357430 has no callable PPC target: 82356AA0
ERROR: Switch case at 82357430 has no callable PPC target: 82357724
ERROR: Switch case at 82357430 has no callable PPC target: 82357724
ERROR: Switch case at 82357430 has no callable PPC target: 82357724
ERROR: Switch case at 82357430 has no callable PPC target: 82357724
ERROR: Switch case at 82357430 has no callable PPC target: 82357724
ERROR: Switch case at 82357430 has no callable PPC target: 82357724
ERROR: Switch case at 82357430 has no callable PPC target: 82357724
ERROR: Switch case at 82357430 has no callable PPC target: 82357724
ERROR: Switch case at 82357430 has no callable PPC target: 82357724
ERROR: Switch case at 82357430 has no callable PPC target: 82357724
ERROR: Switch case at 82357430 has no callable PPC target: 82357724
ERROR: Switch case at 82357430 has no callable PPC target: 82357724
ERROR: Switch case at 82357430 has no callable PPC target: 82357724
ERROR: Switch case at 82357430 has no callable PPC target: 82357724
ERROR: Switch case at 82357430 has no callable PPC target: 82357724
ERROR: Switch case at 82357430 has no callable PPC target: 82357724
ERROR: Switch case at 82357430 has no callable PPC target: 82357724
ERROR: Switch case at 82357430 has no callable PPC target: 82357724
ERROR: Switch case at 82357430 has no callable PPC target: 82357724
ERROR: Switch case at 82357430 has no callable PPC target: 82357724
ERROR: Switch case at 82357430 has no callable PPC target: 82357724
ERROR: Switch case at 82357430 has no callable PPC target: 82357724
ERROR: Switch case at 82357430 has no callable PPC target: 82357724
ERROR: Switch case at 82357430 has no callable PPC target: 82357724
ERROR: Switch case at 82357430 has no callable PPC target: 82357724
ERROR: Switch case at 82357430 has no callable PPC target: 82357724
ERROR: Switch case at 82357430 has no callable PPC target: 82357724
ERROR: Switch case at 82357430 has no callable PPC target: 82357724
ERROR: Switch case at 82357430 has no callable PPC target: 82357724
ERROR: Switch case at 82357430 has no callable PPC target: 82357724
ERROR: Switch case at 82357430 has no callable PPC target: 82357724
ERROR: Switch case at 82357430 has no callable PPC target: 82357724
ERROR: Switch case at 82357430 has no callable PPC target: 82357724
ERROR: Switch case at 82357430 has no callable PPC target: 82357724
ERROR: Switch case at 82357430 has no callable PPC target: 82357724
ERROR: Switch case at 82357430 has no callable PPC target: 82357724
ERROR: Switch case at 82357430 has no callable PPC target: 82357724
ERROR: Switch case at 82357430 has no callable PPC target: 82357724
ERROR: Switch case at 82357430 has no callable PPC target: 82357724
ERROR: Switch case at 82357430 has no callable PPC target: 82357724
ERROR: Switch case at 82357430 has no callable PPC target: 82357724
ERROR: Switch case at 82357430 has no callable PPC target: 82357724
ERROR: Switch case at 82357430 has no callable PPC target: 82357724
ERROR: Switch case at 82357430 has no callable PPC target: 82357724
ERROR: Switch case at 82357430 has no callable PPC target: 82357724
ERROR: Switch case at 82357430 has no callable PPC target: 82357724
ERROR: Switch case at 82357430 has no callable PPC target: 82357724
ERROR: Switch case at 82357430 has no callable PPC target: 82357724
ERROR: Switch case at 82357430 has no callable PPC target: 82357724
ERROR: Switch case at 82357430 has no callable PPC target: 82357724
ERROR: Switch case at 82357430 has no callable PPC target: 82357724
ERROR: Switch case at 82357430 has no callable PPC target: 82357724
ERROR: Switch case at 82357430 has no callable PPC target: 82357724
ERROR: Switch case at 82357430 has no callable PPC target: 82357724
ERROR: Switch case at 82357430 has no callable PPC target: 8235772C
ERROR: Switch case at 82357430 has no callable PPC target: 82357724
ERROR: Switch case at 82357430 has no callable PPC target: 82357724
ERROR: Switch case at 82357430 has no callable PPC target: 82357724
ERROR: Switch case at 82357430 has no callable PPC target: 82357724
ERROR: Switch case at 82357430 has no callable PPC target: 82357724
ERROR: Switch case at 82357430 has no callable PPC target: 82357724
ERROR: Switch case at 82357430 has no callable PPC target: 82357724
ERROR: Switch case at 82357430 has no callable PPC target: 82357724
ERROR: Switch case at 82357430 has no callable PPC target: 82357724
ERROR: Switch case at 82357430 has no callable PPC target: 82357724
ERROR: Switch case at 82357430 has no callable PPC target: 82357724
ERROR: Switch case at 82357430 has no callable PPC target: 82357724
ERROR: Switch case at 82357430 has no callable PPC target: 82357724
ERROR: Switch case at 82357430 has no callable PPC target: 82357724
ERROR: Switch case at 82357430 has no callable PPC target: 82357724
ERROR: Switch case at 82357430 has no callable PPC target: 82357724
ERROR: Switch case at 82357430 has no callable PPC target: 82357724
ERROR: Switch case at 82357430 has no callable PPC target: 82357724
ERROR: Switch case at 82357430 has no callable PPC target: 82357724
ERROR: Switch case at 82357430 has no callable PPC target: 82357724
ERROR: Switch case at 82357430 has no callable PPC target: 82357724
ERROR: Switch case at 82357430 has no callable PPC target: 82357724
ERROR: Switch case at 82357430 has no callable PPC target: 82357724
ERROR: Switch case at 82357430 has no callable PPC target: 82357724
ERROR: Switch case at 82357430 has no callable PPC target: 82357724
ERROR: Switch case at 82357430 has no callable PPC target: 82357724
ERROR: Switch case at 82357430 has no callable PPC target: 82357724
ERROR: Switch case at 82357430 has no callable PPC target: 82357724
ERROR: Switch case at 82357430 has no callable PPC target: 82357724
ERROR: Switch case at 82357430 has no callable PPC target: 82357724
ERROR: Switch case at 82357430 has no callable PPC target: 82357724
ERROR: Switch case at 82357430 has no callable PPC target: 82357724
ERROR: Switch case at 82357430 has no callable PPC target: 82357724
ERROR: Switch case at 82357430 has no callable PPC target: 82357724
ERROR: Switch case at 82357430 has no callable PPC target: 82357724
ERROR: Switch case at 82357430 has no callable PPC target: 82357724
ERROR: Switch case at 82357430 has no callable PPC target: 82357724
ERROR: Switch case at 82357430 has no callable PPC target: 82357724
ERROR: Switch case at 82357430 has no callable PPC target: 82357724
ERROR: Switch case at 82357430 has no callable PPC target: 82357724
ERROR: Switch case at 82357430 has no callable PPC target: 82357724
ERROR: Switch case at 82357430 has no callable PPC target: 82357724
ERROR: Switch case at 82357430 has no callable PPC target: 82357724
ERROR: Switch case at 82357430 has no callable PPC target: 82357724
ERROR: Switch case at 82357430 has no callable PPC target: 82357724
ERROR: Switch case at 82357430 has no callable PPC target: 82357724
ERROR: Switch case at 82357430 has no callable PPC target: 82357724
ERROR: Switch case at 82357430 has no callable PPC target: 8235772C
ERROR: Switch case at 82357430 has no callable PPC target: 8235772C
ERROR: Switch case at 82357430 has no callable PPC target: 8235772C
ERROR: Switch case at 82361D50 has no callable PPC target: 82361D8C
ERROR: Switch case at 82361D50 has no callable PPC target: 82361D7C
ERROR: Switch case at 82361D50 has no callable PPC target: 82361D6C
ERROR: Switch case at 82361D50 has no callable PPC target: 82361D64
ERROR: Switch case at 8236303C has no callable PPC target: 82363050
Recompiling functions... 53.4653%
Recompiling functions... 62.37546%
ERROR: Switch case at 824070F8 has no callable PPC target: 82407124
ERROR: Switch case at 824070F8 has no callable PPC target: 82407190
ERROR: Switch case at 824070F8 has no callable PPC target: 82407190
ERROR: Switch case at 824070F8 has no callable PPC target: 82407190
ERROR: Switch case at 82423454 has no callable PPC target: 82423468
ERROR: Switch case at 824253E8 has no callable PPC target: 82425400
ERROR: Switch case at 8242C4C0 has no callable PPC target: 8242C4FC
ERROR: Switch case at 8242C4C0 has no callable PPC target: 8242C4FC
ERROR: Switch case at 8242C4C0 has no callable PPC target: 8242C4FC
ERROR: Switch case at 8242C4C0 has no callable PPC target: 8242C4FC
ERROR: Switch case at 8242C4C0 has no callable PPC target: 8242C4EC
ERROR: Switch case at 8242C4C0 has no callable PPC target: 8242C4EC
ERROR: Switch case at 8242E204 has no callable PPC target: 8242E2B8
ERROR: Switch case at 8242E204 has no callable PPC target: 8242E2B8
ERROR: Switch case at 8242E204 has no callable PPC target: 8242E2B8
ERROR: Switch case at 8242E204 has no callable PPC target: 8242E2B8
ERROR: Switch case at 8242E204 has no callable PPC target: 8242E2B8
ERROR: Switch case at 8242E204 has no callable PPC target: 8242E2B8
ERROR: Switch case at 8242E204 has no callable PPC target: 8242E2B8
ERROR: Switch case at 8242E204 has no callable PPC target: 8242E2B8
ERROR: Switch case at 8242E204 has no callable PPC target: 8242E2B8
ERROR: Switch case at 8242E204 has no callable PPC target: 8242E2B8
ERROR: Switch case at 8242E204 has no callable PPC target: 8242E2B8
ERROR: Switch case at 8242E204 has no callable PPC target: 8242E2B8
ERROR: Switch case at 8242E204 has no callable PPC target: 8242E2B8
ERROR: Switch case at 8242E204 has no callable PPC target: 8242E2B8
Recompiling functions... 71.28562%
ERROR: Switch case at 82462954 has no callable PPC target: 82462990
ERROR: Switch case at 82462954 has no callable PPC target: 82462990
ERROR: Switch case at 82462954 has no callable PPC target: 82462980
ERROR: Switch case at 82462954 has no callable PPC target: 82462980
ERROR: Switch case at 82462954 has no callable PPC target: 82462980
ERROR: Switch case at 82462954 has no callable PPC target: 82462980
ERROR: Switch case at 8247D228 has no callable PPC target: 8247D268
ERROR: Switch case at 8247D228 has no callable PPC target: 8247D268
ERROR: Switch case at 8247D228 has no callable PPC target: 8247D268
ERROR: Switch case at 8247D228 has no callable PPC target: 8247D268
ERROR: Switch case at 8247D228 has no callable PPC target: 8247D268
ERROR: Switch case at 8247D228 has no callable PPC target: 8247D258
ERROR: Switch case at 8247D228 has no callable PPC target: 8247D258
ERROR: Switch case at 8247FB2C has no callable PPC target: 8247FB7C
ERROR: Switch case at 8247FB2C has no callable PPC target: 8247FB6C
ERROR: Switch case at 8247FB2C has no callable PPC target: 8247FB6C
ERROR: Switch case at 8247FB2C has no callable PPC target: 8247FB6C
ERROR: Switch case at 8247FB2C has no callable PPC target: 8247FB6C
ERROR: Switch case at 8247FB2C has no callable PPC target: 8247FB5C
ERROR: Switch case at 8247FB2C has no callable PPC target: 8247FB5C
ERROR: Switch case at 82480060 has no callable PPC target: 8248009C
ERROR: Switch case at 82480060 has no callable PPC target: 8248009C
ERROR: Switch case at 82480060 has no callable PPC target: 8248008C
ERROR: Switch case at 82480060 has no callable PPC target: 8248008C
ERROR: Switch case at 82480060 has no callable PPC target: 8248008C
ERROR: Switch case at 82480060 has no callable PPC target: 8248008C
ERROR: Switch case at 82481B08 has no callable PPC target: 82481B70
ERROR: Switch case at 82481B08 has no callable PPC target: 82481BB8
ERROR: Switch case at 82481B08 has no callable PPC target: 82481BB8
ERROR: Switch case at 82481B08 has no callable PPC target: 82481BB8
ERROR: Switch case at 82481B08 has no callable PPC target: 82481BB8
ERROR: Switch case at 82481B08 has no callable PPC target: 82481BB8
ERROR: Switch case at 82481B08 has no callable PPC target: 82481BB8
ERROR: Switch case at 82481B08 has no callable PPC target: 82481BB8
ERROR: Switch case at 82481B08 has no callable PPC target: 82481BB8
ERROR: Switch case at 82481B08 has no callable PPC target: 82481BB8
ERROR: Switch case at 82481B08 has no callable PPC target: 82481BB8
ERROR: Switch case at 82481B08 has no callable PPC target: 82481BB8
ERROR: Switch case at 82481B08 has no callable PPC target: 82481BB8
ERROR: Switch case at 82481B08 has no callable PPC target: 82481BB8
ERROR: Switch case at 82481B08 has no callable PPC target: 82481BB8
ERROR: Switch case at 82481B08 has no callable PPC target: 82481BB8
ERROR: Switch case at 82481B08 has no callable PPC target: 82481BB8
ERROR: Switch case at 82481B08 has no callable PPC target: 82481BB8
ERROR: Switch case at 82481B08 has no callable PPC target: 82481BB8
ERROR: Switch case at 82481B08 has no callable PPC target: 82481BB8
ERROR: Switch case at 82481B08 has no callable PPC target: 82481BB8
ERROR: Switch case at 82481B08 has no callable PPC target: 82481BB8
ERROR: Switch case at 82487D00 has no callable PPC target: 82487D34
ERROR: Switch case at 82487F4C has no callable PPC target: 82487F88
ERROR: Switch case at 824880D8 has no callable PPC target: 82488484
ERROR: Switch case at 824880D8 has no callable PPC target: 82488484
ERROR: Switch case at 824880D8 has no callable PPC target: 82488484
ERROR: Switch case at 824880D8 has no callable PPC target: 82488484
ERROR: Switch case at 824880D8 has no callable PPC target: 82488484
ERROR: Switch case at 824880D8 has no callable PPC target: 82488484
ERROR: Switch case at 824880D8 has no callable PPC target: 82488484
ERROR: Switch case at 824880D8 has no callable PPC target: 82488484
ERROR: Switch case at 824880D8 has no callable PPC target: 82488484
ERROR: Switch case at 824880D8 has no callable PPC target: 82488484
ERROR: Switch case at 824880D8 has no callable PPC target: 82488484
ERROR: Switch case at 824880D8 has no callable PPC target: 82488484
ERROR: Switch case at 824880D8 has no callable PPC target: 82488484
ERROR: Switch case at 824880D8 has no callable PPC target: 82488484
ERROR: Switch case at 824880D8 has no callable PPC target: 82488484
ERROR: Switch case at 824880D8 has no callable PPC target: 82488484
ERROR: Switch case at 824880D8 has no callable PPC target: 82488484
ERROR: Switch case at 824880D8 has no callable PPC target: 82488484
ERROR: Switch case at 824880D8 has no callable PPC target: 82488484
ERROR: Switch case at 824880D8 has no callable PPC target: 82488484
ERROR: Switch case at 824880D8 has no callable PPC target: 82488484
ERROR: Switch case at 824880D8 has no callable PPC target: 82488484
ERROR: Switch case at 824880D8 has no callable PPC target: 82488484
ERROR: Switch case at 824880D8 has no callable PPC target: 82488484
ERROR: Switch case at 824880D8 has no callable PPC target: 82488484
ERROR: Switch case at 824880D8 has no callable PPC target: 82488484
ERROR: Switch case at 824880D8 has no callable PPC target: 82488484
ERROR: Switch case at 824880D8 has no callable PPC target: 82488484
ERROR: Switch case at 824880D8 has no callable PPC target: 82488484
ERROR: Switch case at 824880D8 has no callable PPC target: 82488484
ERROR: Switch case at 824880D8 has no callable PPC target: 82488484
ERROR: Switch case at 824880D8 has no callable PPC target: 82488484
ERROR: Switch case at 824880D8 has no callable PPC target: 82488484
ERROR: Switch case at 824880D8 has no callable PPC target: 82488484
ERROR: Switch case at 824880D8 has no callable PPC target: 82488484
ERROR: Switch case at 824880D8 has no callable PPC target: 82488484
ERROR: Switch case at 824880D8 has no callable PPC target: 82488484
ERROR: Switch case at 824880D8 has no callable PPC target: 82488484
ERROR: Switch case at 824880D8 has no callable PPC target: 82488484
ERROR: Switch case at 824880D8 has no callable PPC target: 82488484
ERROR: Switch case at 824880D8 has no callable PPC target: 82488484
ERROR: Switch case at 824880D8 has no callable PPC target: 82488484
ERROR: Switch case at 824880D8 has no callable PPC target: 82488484
ERROR: Switch case at 824880D8 has no callable PPC target: 82488484
ERROR: Switch case at 824880D8 has no callable PPC target: 82488484
ERROR: Switch case at 824880D8 has no callable PPC target: 82488484
ERROR: Switch case at 824880D8 has no callable PPC target: 82488484
ERROR: Switch case at 824880D8 has no callable PPC target: 82488484
ERROR: Switch case at 824880D8 has no callable PPC target: 82488484
ERROR: Switch case at 824880D8 has no callable PPC target: 82488484
ERROR: Switch case at 824880D8 has no callable PPC target: 82488484
ERROR: Switch case at 824880D8 has no callable PPC target: 82488484
ERROR: Switch case at 824880D8 has no callable PPC target: 82488484
ERROR: Switch case at 824880D8 has no callable PPC target: 82488484
ERROR: Switch case at 824880D8 has no callable PPC target: 82488484
ERROR: Switch case at 824880D8 has no callable PPC target: 82488484
ERROR: Switch case at 824880D8 has no callable PPC target: 82488484
ERROR: Switch case at 824880D8 has no callable PPC target: 82488484
ERROR: Switch case at 824880D8 has no callable PPC target: 82488484
ERROR: Switch case at 824880D8 has no callable PPC target: 82488484
ERROR: Switch case at 824880D8 has no callable PPC target: 82488484
ERROR: Switch case at 824880D8 has no callable PPC target: 82488484
ERROR: Switch case at 824880D8 has no callable PPC target: 82488484
ERROR: Switch case at 824880D8 has no callable PPC target: 82488484
ERROR: Switch case at 824880D8 has no callable PPC target: 82488484
ERROR: Switch case at 824880D8 has no callable PPC target: 82488484
ERROR: Switch case at 824880D8 has no callable PPC target: 82488484
ERROR: Switch case at 824880D8 has no callable PPC target: 82488484
ERROR: Switch case at 824880D8 has no callable PPC target: 82488484
ERROR: Switch case at 824880D8 has no callable PPC target: 82488484
ERROR: Switch case at 824880D8 has no callable PPC target: 82488484
ERROR: Switch case at 824880D8 has no callable PPC target: 82488484
ERROR: Switch case at 824880D8 has no callable PPC target: 82488484
ERROR: Switch case at 824880D8 has no callable PPC target: 82488484
ERROR: Switch case at 824880D8 has no callable PPC target: 82488484
ERROR: Switch case at 824880D8 has no callable PPC target: 82488484
ERROR: Switch case at 824880D8 has no callable PPC target: 82488484
ERROR: Switch case at 824880D8 has no callable PPC target: 82488484
ERROR: Switch case at 824880D8 has no callable PPC target: 82488484
ERROR: Switch case at 824880D8 has no callable PPC target: 82488484
ERROR: Switch case at 824880D8 has no callable PPC target: 82488484
ERROR: Switch case at 824880D8 has no callable PPC target: 82488484
ERROR: Switch case at 824880D8 has no callable PPC target: 82488484
ERROR: Switch case at 824880D8 has no callable PPC target: 82488484
ERROR: Switch case at 824880D8 has no callable PPC target: 82488484
ERROR: Switch case at 824880D8 has no callable PPC target: 82488484
ERROR: Switch case at 824880D8 has no callable PPC target: 82488484
ERROR: Switch case at 824880D8 has no callable PPC target: 82488484
ERROR: Switch case at 824880D8 has no callable PPC target: 82488484
ERROR: Switch case at 824880D8 has no callable PPC target: 82488484
ERROR: Switch case at 824880D8 has no callable PPC target: 82488484
ERROR: Switch case at 824880D8 has no callable PPC target: 82488484
ERROR: Switch case at 824880D8 has no callable PPC target: 82488484
ERROR: Switch case at 824880D8 has no callable PPC target: 82488484
ERROR: Switch case at 824880D8 has no callable PPC target: 82488484
ERROR: Switch case at 824880D8 has no callable PPC target: 82488484
ERROR: Switch case at 824880D8 has no callable PPC target: 82488484
ERROR: Switch case at 824880D8 has no callable PPC target: 82488484
ERROR: Switch case at 824880D8 has no callable PPC target: 82488484
ERROR: Switch case at 824880D8 has no callable PPC target: 82488484
ERROR: Switch case at 824880D8 has no callable PPC target: 82488484
ERROR: Switch case at 824880D8 has no callable PPC target: 82488484
ERROR: Switch case at 824880D8 has no callable PPC target: 82488484
ERROR: Switch case at 824880D8 has no callable PPC target: 82488484
ERROR: Switch case at 824880D8 has no callable PPC target: 82488484
ERROR: Switch case at 824880D8 has no callable PPC target: 82488484
ERROR: Switch case at 824880D8 has no callable PPC target: 82488484
ERROR: Switch case at 824880D8 has no callable PPC target: 82488484
ERROR: Switch case at 824880D8 has no callable PPC target: 82488484
ERROR: Switch case at 824880D8 has no callable PPC target: 82488484
ERROR: Switch case at 824880D8 has no callable PPC target: 82488484
ERROR: Switch case at 824880D8 has no callable PPC target: 82488484
ERROR: Switch case at 824880D8 has no callable PPC target: 82488484
ERROR: Switch case at 824880D8 has no callable PPC target: 82488484
ERROR: Switch case at 824880D8 has no callable PPC target: 82488484
ERROR: Switch case at 824880D8 has no callable PPC target: 82488484
ERROR: Switch case at 824880D8 has no callable PPC target: 82488484
ERROR: Switch case at 824880D8 has no callable PPC target: 82488484
ERROR: Switch case at 824880D8 has no callable PPC target: 82488484
ERROR: Switch case at 824880D8 has no callable PPC target: 82488484
ERROR: Switch case at 824880D8 has no callable PPC target: 82488484
ERROR: Switch case at 824880D8 has no callable PPC target: 82488484
ERROR: Switch case at 824880D8 has no callable PPC target: 82488484
ERROR: Switch case at 824880D8 has no callable PPC target: 82488484
ERROR: Switch case at 824880D8 has no callable PPC target: 82488484
ERROR: Switch case at 824880D8 has no callable PPC target: 82488484
ERROR: Switch case at 824880D8 has no callable PPC target: 82488484
ERROR: Switch case at 824880D8 has no callable PPC target: 82488484
ERROR: Switch case at 824880D8 has no callable PPC target: 82488484
ERROR: Switch case at 824880D8 has no callable PPC target: 82488484
ERROR: Switch case at 824880D8 has no callable PPC target: 82488484
ERROR: Switch case at 824880D8 has no callable PPC target: 82488484
ERROR: Switch case at 824880D8 has no callable PPC target: 82488484
ERROR: Switch case at 824880D8 has no callable PPC target: 82488484
ERROR: Switch case at 824880D8 has no callable PPC target: 82488484
ERROR: Switch case at 824880D8 has no callable PPC target: 82488484
ERROR: Switch case at 824880D8 has no callable PPC target: 82488484
ERROR: Switch case at 824880D8 has no callable PPC target: 82488484
ERROR: Switch case at 824880D8 has no callable PPC target: 82488484
ERROR: Switch case at 824880D8 has no callable PPC target: 82488484
ERROR: Switch case at 824880D8 has no callable PPC target: 82488484
ERROR: Switch case at 824880D8 has no callable PPC target: 82488484
ERROR: Switch case at 824880D8 has no callable PPC target: 82488484
ERROR: Switch case at 824880D8 has no callable PPC target: 82488484
ERROR: Switch case at 824880D8 has no callable PPC target: 82488484
ERROR: Switch case at 824880D8 has no callable PPC target: 82488484
ERROR: Switch case at 824880D8 has no callable PPC target: 82488484
ERROR: Switch case at 824880D8 has no callable PPC target: 82488484
ERROR: Switch case at 824880D8 has no callable PPC target: 82488484
ERROR: Switch case at 824880D8 has no callable PPC target: 82488484
ERROR: Switch case at 824880D8 has no callable PPC target: 82488484
ERROR: Switch case at 824880D8 has no callable PPC target: 82488484
ERROR: Switch case at 824880D8 has no callable PPC target: 82488484
ERROR: Switch case at 824880D8 has no callable PPC target: 82488484
ERROR: Switch case at 824880D8 has no callable PPC target: 82488484
ERROR: Switch case at 824880D8 has no callable PPC target: 82488484
ERROR: Switch case at 824880D8 has no callable PPC target: 82488484
ERROR: Switch case at 824880D8 has no callable PPC target: 82488388
ERROR: Switch case at 824883EC has no callable PPC target: 82488410
ERROR: Switch case at 824883EC has no callable PPC target: 82488484
ERROR: Switch case at 824883EC has no callable PPC target: 82488484
ERROR: Switch case at 824885B8 has no callable PPC target: 824888E0
ERROR: Switch case at 824885B8 has no callable PPC target: 82488880
ERROR: Switch case at 824885B8 has no callable PPC target: 824888E0
ERROR: Switch case at 824885B8 has no callable PPC target: 824888E0
ERROR: Switch case at 824885B8 has no callable PPC target: 824888E0
ERROR: Switch case at 824885B8 has no callable PPC target: 824888E0
ERROR: Switch case at 824885B8 has no callable PPC target: 824888E0
ERROR: Switch case at 824AEBEC has no callable PPC target: 824AED6C
ERROR: Switch case at 824BFE74 has no callable PPC target: 824BFEA8
ERROR: Switch case at 824BFE74 has no callable PPC target: 824BFEA8
Recompiling functions... 80.19578%
ERROR: Switch case at 8252FAA8 has no callable PPC target: 8252FABC
ERROR: Switch case at 8252FC20 has no callable PPC target: 8252FC34
Recompiling functions... 89.10594%
Recompiling functions... 98.0161%
Unable to decode instruction 45564800 at 825C7910
Unable to decode instruction E010000 at 825C7930
Unable to decode instruction 1000000 at 825C7934
Unable to decode instruction E8D21A00 at 825C7938
Unable to decode instruction 20D71A00 at 825C793C
Unable to decode instruction 989E4200 at 825C7940
Unable to decode instruction D0A04200 at 825C7944
Unable to decode instruction 30D51A00 at 825C7948
Unable to decode instruction 88B31A00 at 825C794C
Unable to decode instruction 40964200 at 825C7950
Unable to decode instruction C0644200 at 825C7954
Unable to decode instruction 985C4200 at 825C7958
Unable to decode instruction 70981A00 at 825C795C
Unable to decode instruction C0644200 at 825C7960
Unable to decode instruction A8954200 at 825C7964
Unable to decode instruction C8941A00 at 825C7968
Unable to decode instruction A8954200 at 825C796C
Unable to decode instruction A8954200 at 825C7970
Unable to decode instruction A8954200 at 825C7974
Unable to decode instruction A8954200 at 825C7978
Unable to decode instruction A8954200 at 825C797C
Unable to decode instruction C8941A00 at 825C7980
Unable to decode instruction A8954200 at 825C7984
Unable to decode instruction A8954200 at 825C7988
Unable to decode instruction C8A34200 at 825C798C
Unable to decode instruction C8941A00 at 825C7990
Unable to decode instruction A0981A00 at 825C7994
Unable to decode instruction D8981A00 at 825C7998
Unable to decode instruction D85C4200 at 825C799C
Unable to decode instruction 78614200 at 825C79A0
Unable to decode instruction 505D4200 at 825C79A4
Unable to decode instruction 785F4200 at 825C79A8
Unable to decode instruction C05C4200 at 825C79AC
Unable to decode instruction B05C4200 at 825C79B0
Unable to decode instruction F85D4200 at 825C79B4
Unable to decode instruction C05F4200 at 825C79B8
Unable to decode instruction 485E4200 at 825C79BC
Unable to decode instruction 8604200 at 825C79C0
Unable to decode instruction A05E4200 at 825C79C4
Unable to decode instruction 50604200 at 825C79C8
Unable to decode instruction 185F4200 at 825C79CC
Unable to decode instruction A8604200 at 825C79D0
Unable to decode instruction B8634200 at 825C79D4
Unable to decode instruction 654200 at 825C79D8
Unable to decode instruction B8494200 at 825C79DC
Unable to decode instruction C8534200 at 825C79E0
Unable to decode instruction 614200 at 825C79E4
Unable to decode instruction D8951A00 at 825C79E8
Unable to decode instruction E0514200 at 825C79EC
Unable to decode instruction 604B4200 at 825C79F0
Unable to decode instruction 884B4200 at 825C79F4
Unable to decode instruction 284B4200 at 825C79F8
Unable to decode instruction F84A4200 at 825C79FC
Unable to decode instruction A0624200 at 825C7A00
Unable to decode instruction 68624200 at 825C7A04
Unable to decode instruction F8624200 at 825C7A08
Unable to decode instruction E8624200 at 825C7A0C
Unable to decode instruction E8971A00 at 825C7A10
Unable to decode instruction D8494200 at 825C7A14
Unable to decode instruction 8E83E00 at 825C7A18
Unable to decode instruction C8D31A00 at 825C7A1C
Unable to decode instruction A8D71A00 at 825C7A20
Unable to decode instruction B8D51A00 at 825C7A24
Unable to decode instruction 60B41A00 at 825C7A28
Unable to decode instruction D0D91A00 at 825C7A2C
Unable to decode instruction 68D91A00 at 825C7A30
Unable to decode instruction 10D91A00 at 825C7A34
Unable to decode instruction D0971A00 at 825C7A38
Unable to decode instruction 10981A00 at 825C7A3C
Unable to decode instruction 68544200 at 825C7A40
Unable to decode instruction D85B4200 at 825C7A44
Unable to decode instruction 185C4200 at 825C7A48
Unable to decode instruction F85B4200 at 825C7A4C
Unable to decode instruction 20984200 at 825C7A50
Unable to decode instruction D85C4200 at 825C7A54
Unable to decode instruction 78614200 at 825C7A58
Unable to decode instruction F0614200 at 825C7A5C
Unable to decode instruction B8614200 at 825C7A60
Unable to decode instruction 20634200 at 825C7A64
Unable to decode instruction E8514200 at 825C7A68
Unable to decode instruction E8524200 at 825C7A6C
Unable to decode instruction 20714500 at 825C7A70
Unable to decode instruction 98544200 at 825C7A74
Unable to decode instruction B8534200 at 825C7A78
Unable to decode instruction C84E4200 at 825C7A7C
Unable to decode instruction B8565600 at 825C7A80
Unable to decode instruction E8544200 at 825C7A84
Unable to decode instruction F05B4200 at 825C7A88
Unable to decode instruction E8971A00 at 825C7A8C
Unable to decode instruction 384A4200 at 825C7A90
Unable to decode instruction 58544200 at 825C7A94
Unable to decode instruction B8565600 at 825C7A98
Unable to decode instruction 28544200 at 825C7A9C
Unable to decode instruction F8494200 at 825C7AA0
Unable to decode instruction 305C4200 at 825C7AA4
Unable to decode instruction 8E83E00 at 825C7AA8
Unable to decode instruction 885C4200 at 825C7AAC
Unable to decode instruction 80534200 at 825C7AB0
Unable to decode instruction 105C4200 at 825C7AB4
Unable to decode instruction E8971A00 at 825C7AB8
Unable to decode instruction 485C4200 at 825C7ABC
Unable to decode instruction 685C4200 at 825C7AC0
Unable to decode instruction A0634200 at 825C7AC4
Unable to decode instruction 105C4200 at 825C7AC8
Unable to decode instruction A0634200 at 825C7ACC
Unable to decode instruction 78554200 at 825C7AD0
Unable to decode instruction F0954200 at 825C7AD4
Unable to decode instruction B0494200 at 825C7AD8
Unable to decode instruction B8565600 at 825C7ADC
Unable to decode instruction 68B51A00 at 825C7AE0
Unable to decode instruction B8565600 at 825C7AE4
Unable to decode instruction 58544200 at 825C7AE8
Unable to decode instruction 704A4200 at 825C7AEC
Unable to decode instruction 68694200 at 825C7AF0
Unable to decode instruction 8574800 at 825C7AF4
Unable to decode instruction 784A4200 at 825C7AF8
Unable to decode instruction 80504200 at 825C7AFC
Unable to decode instruction 58694200 at 825C7B00
Unable to decode instruction 60991A00 at 825C7B04
Unable to decode instruction 105C4200 at 825C7B08
Unable to decode instruction D8544200 at 825C7B0C
Unable to decode instruction B84E4200 at 825C7B10
Unable to decode instruction 484A4200 at 825C7B14
Unable to decode instruction F8971A00 at 825C7B18
Unable to decode instruction F0954200 at 825C7B1C
Unable to decode instruction 40644200 at 825C7B20
Unable to decode instruction B0654200 at 825C7B24
Unable to decode instruction 804E4200 at 825C7B28
Unable to decode instruction 48981A00 at 825C7B2C
Unable to decode instruction E04C4200 at 825C7B30
Unable to decode instruction 38544200 at 825C7B34
Unable to decode instruction 18564200 at 825C7B38
Unable to decode instruction E0644200 at 825C7B3C
Unable to decode instruction B85B4200 at 825C7B40
Unable to decode instruction F0504200 at 825C7B44
Unable to decode instruction F0504200 at 825C7B48
Unable to decode instruction F0504200 at 825C7B4C
Unable to decode instruction F0504200 at 825C7B50
Unable to decode instruction 704C4200 at 825C7B54
Unable to decode instruction A04B4200 at 825C7B58
Unable to decode instruction 20644200 at 825C7B5C
Unable to decode instruction 30644200 at 825C7B60
Unable to decode instruction A04F4200 at 825C7B64
Unable to decode instruction E84F4200 at 825C7B68
Unable to decode instruction 985B4200 at 825C7B6C
Unable to decode instruction 90971A00 at 825C7B74
Unable to decode instruction 8554200 at 825C7B78
Unable to decode instruction B8544200 at 825C7B7C
Unable to decode instruction A84E4200 at 825C7B80
Unable to decode instruction B0634200 at 825C7B84
Unable to decode instruction D8514200 at 825C7B88
Unable to decode instruction D8514200 at 825C7B8C
Unable to decode instruction D8514200 at 825C7B90
Unable to decode instruction D8514200 at 825C7B94
Unable to decode instruction E04E4200 at 825C7B98
Unable to decode instruction 484F4200 at 825C7B9C
Unable to decode instruction F8544200 at 825C7BA0
Unable to decode instruction A0544200 at 825C7BA4
Unable to decode instruction 60544200 at 825C7BA8
Unable to decode instruction 984E4200 at 825C7BAC
Unable to decode instruction F04C4200 at 825C7BB0
Unable to decode instruction D8514200 at 825C7BB4
Unable to decode instruction 50AA4200 at 825C7BB8
Unable to decode instruction 585C4200 at 825C7BBC
Unable to decode instruction 785C4200 at 825C7BC0
Unable to decode instruction 385C4200 at 825C7BC4
Unable to decode instruction D8941A00 at 825C7BC8
Unable to decode instruction C04D4200 at 825C7BCC
Unable to decode instruction 68514200 at 825C7BD0
Unable to decode instruction C8951A00 at 825C7BD4
Unable to decode instruction 88504200 at 825C7BD8
Unable to decode instruction D8991A00 at 825C7BDC
Unable to decode instruction 50534200 at 825C7BE0
Unable to decode instruction 4D4200 at 825C7BE4
Unable to decode instruction F8504200 at 825C7BE8
Unable to decode instruction 98494200 at 825C7BEC
Unable to decode instruction A0634200 at 825C7BF0
Unable to decode instruction C0984200 at 825C7BF4
Unable to decode instruction 38664200 at 825C7BF8
Unable to decode instruction 664200 at 825C7BFC
Unable to decode instruction C0654200 at 825C7C00
Unable to decode instruction 70994200 at 825C7C04
Unable to decode instruction 38694200 at 825C7C08
Unable to decode instruction A0684200 at 825C7C0C
Unable to decode instruction B0664200 at 825C7C10
Unable to decode instruction 68674200 at 825C7C14
Unable to decode instruction 38504200 at 825C7C18
Unable to decode instruction 304E4200 at 825C7C1C
Unable to decode instruction 704D4200 at 825C7C20
Unable to decode instruction 68654200 at 825C7C24
Unable to decode instruction 985C4200 at 825C7C28
Unable to decode instruction C0644200 at 825C7C2C
Unable to decode instruction 506A4300 at 825C7C30
Unable to decode instruction 20964200 at 825C7C34
Unable to decode instruction 28964200 at 825C7C38
Unable to decode instruction 30964200 at 825C7C3C
Unable to decode instruction 38964200 at 825C7C40
Unable to decode instruction 8E83E00 at 825C7C44
Unable to decode instruction 8E83E00 at 825C7C48
Unable to decode instruction 8E83E00 at 825C7C4C
Unable to decode instruction 8E83E00 at 825C7C50
Unable to decode instruction 8E83E00 at 825C7C54
Unable to decode instruction 8E83E00 at 825C7C58
Unable to decode instruction 8E83E00 at 825C7C5C
Unable to decode instruction 8E83E00 at 825C7C60
Unable to decode instruction 8E83E00 at 825C7C64
Unable to decode instruction 8E83E00 at 825C7C68
Unable to decode instruction 8E83E00 at 825C7C6C
Unable to decode instruction 8E83E00 at 825C7C70
Unable to decode instruction 8E83E00 at 825C7C74
Unable to decode instruction 8E83E00 at 825C7C78
Unable to decode instruction 8E83E00 at 825C7C7C
Unable to decode instruction 8E83E00 at 825C7C80
Unable to decode instruction 8E83E00 at 825C7C84
Unable to decode instruction 8E83E00 at 825C7C88
Unable to decode instruction 8E83E00 at 825C7C8C
Unable to decode instruction E8971A00 at 825C7C90
Unable to decode instruction 38564200 at 825C7C94
Unable to decode instruction 8E83E00 at 825C7C98
Unable to decode instruction 8E83E00 at 825C7C9C
Unable to decode instruction 8E83E00 at 825C7CA0
Unable to decode instruction 8E83E00 at 825C7CA4
Unable to decode instruction F0554200 at 825C7CA8
Unable to decode instruction 98554200 at 825C7CAC
Unable to decode instruction B8554200 at 825C7CB0
Unable to decode instruction 10951A00 at 825C7CB4
Unable to decode instruction 88554200 at 825C7CB8
Unable to decode instruction 951A00 at 825C7CBC
Unable to decode instruction C8554200 at 825C7CC0
Unable to decode instruction A8584200 at 825C7CC4
Unable to decode instruction 70961A00 at 825C7CC8
Unable to decode instruction C8594200 at 825C7CCC
Unable to decode instruction 785A4200 at 825C7CD0
Unable to decode instruction 18584200 at 825C7CD4
Unable to decode instruction 971A00 at 825C7CD8
Unable to decode instruction 60584200 at 825C7CDC
Unable to decode instruction B8961A00 at 825C7CE0
Unable to decode instruction F0584200 at 825C7CE4
Unable to decode instruction B0564200 at 825C7CE8
Unable to decode instruction F0564200 at 825C7CEC
Unable to decode instruction 38594200 at 825C7CF0
Unable to decode instruction 85B4200 at 825C7CF4
Unable to decode instruction 80574200 at 825C7CF8
Unable to decode instruction D0564200 at 825C7CFC
Unable to decode instruction 48971A00 at 825C7D00
Unable to decode instruction 305A4200 at 825C7D04
Unable to decode instruction 38574200 at 825C7D08
Unable to decode instruction 80594200 at 825C7D0C
Unable to decode instruction C8574200 at 825C7D10
Unable to decode instruction 505B4200 at 825C7D14
Unable to decode instruction 18961A00 at 825C7D18
Unable to decode instruction C05A4200 at 825C7D1C
Unable to decode instruction E8951A00 at 825C7D20
Unable to decode instruction 70564200 at 825C7D24
Unable to decode instruction 90564200 at 825C7D28
Unable to decode instruction 50564200 at 825C7D2C
Unable to decode instruction B0534200 at 825C7D30
Unable to decode instruction 90951A00 at 825C7D34
Unable to decode instruction B8951A00 at 825C7D38
Unable to decode instruction 68951A00 at 825C7D3C
Unable to decode instruction 30951A00 at 825C7D40
Unable to decode instruction 58951A00 at 825C7D44
Unable to decode instruction 40B41A00 at 825C7D48
Unable to decode instruction 68964200 at 825C7D4C
Unable to decode instruction 10984200 at 825C7D50
Unable to decode instruction 78914200 at 825C7D54
Unable to decode instruction 8984200 at 825C7D58
Unable to decode instruction F0974200 at 825C7D5C
Unable to decode instruction 98974200 at 825C7D60
Unable to decode instruction 88964200 at 825C7D64
Unable to decode instruction D0974200 at 825C7D68
Unable to decode instruction 18984200 at 825C7D6C
vcmpgtuh. at 825CF60C has RC bit enabled but no comparison was generated
vcmpgtuh. at 825CF98C has RC bit enabled but no comparison was generated
vcmpgtuh. at 825CFD68 has RC bit enabled but no comparison was generated
vcmpgtuh. at 825D0D4C has RC bit enabled but no comparison was generated
vcmpgtuh. at 825D0EA4 has RC bit enabled but no comparison was generated
vcmpgtuh. at 825D107C has RC bit enabled but no comparison was generated
Recompiling functions... 100%
