=== Burnout Revenge graphics_init_test ===
base = 000001CB14A90000
Imagem carregada: 14286848 bytes
[LOOKUP] 823EE808 slot before commit: State=0x2000 Protect=0x0
[LOOKUP] committed [0x82DA0000,0x8383AFD0), 5459 mappings
[RtlInitializeCriticalSection] guest=0x70006000
[IMPORT] KeDebugMonitorData slot=820007CC variable=70005000 value=0

r13/KPCR        = 0x70000000
current thread  = 0x70001000
thread id       = 0x00000001
graphics object = 0x71000000
config          = 0x71010000
stack           = 0x720FF000
flags           = 0x00000000

global SYSTEM @8200079C = 0x70003000
global USER   @820007A0 = 0x70002000
[BOOT] entering real XEX _xstart at 825B0500
[INDIRECT] tid=1 call target=0x825B0500 LR=0x00000000
[NtAllocateVirtualMemory] base*=0x00000000 size*=0x00100000 type=0x60002000 protect=0x00000004 r7=0x00000000
  RESERVE guest=0x30000000 size=0x100000
[NtAllocateVirtualMemory] base*=0x30000000 size*=0x00010000 type=0x60001000 protect=0x00000004 r7=0x00000000
  COMMIT guest=0x30000000 host=000001CB44A90000 size=0x10000
[KeGetCurrentProcessType] -> 1 (USER)
[RtlInitializeCriticalSection] guest=0x30000610
[RtlEnterCriticalSection] guest=0x826AFCB8
[RtlLeaveCriticalSection] guest=0x826AFCB8
[INDIRECT] tid=1 call target=0x825AD0A8 LR=0x825AD120
[RtlInitializeCriticalSection] guest=0x82D3DEA8
[INDIRECT] tid=1 returned target=0x825AD0A8 caller=0x825AD120
[INDIRECT] tid=1 call target=0x825AD0A8 LR=0x825AD120
[RtlInitializeCriticalSection] guest=0x82D3DEC4
[INDIRECT] tid=1 returned target=0x825AD0A8 caller=0x825AD120
[INDIRECT] tid=1 call target=0x825AD0A8 LR=0x825AD120
[RtlInitializeCriticalSection] guest=0x82D3DEE0
[INDIRECT] tid=1 returned target=0x825AD0A8 caller=0x825AD120
[INDIRECT] tid=1 call target=0x825AD0A8 LR=0x825AD120
[RtlInitializeCriticalSection] guest=0x82D3DEFC
[INDIRECT] tid=1 returned target=0x825AD0A8 caller=0x825AD120
[INDIRECT] tid=1 call target=0x825AD0A8 LR=0x825AD120
[RtlInitializeCriticalSection] guest=0x82D3DF18
[INDIRECT] tid=1 returned target=0x825AD0A8 caller=0x825AD120
[INDIRECT] tid=1 call target=0x825AD0A8 LR=0x825AD120
[RtlInitializeCriticalSection] guest=0x82D3DF34
[INDIRECT] tid=1 returned target=0x825AD0A8 caller=0x825AD120
[INDIRECT] tid=1 call target=0x825AD0A8 LR=0x825AD120
[RtlInitializeCriticalSection] guest=0x82D3DF50
[INDIRECT] tid=1 returned target=0x825AD0A8 caller=0x825AD120
[INDIRECT] tid=1 call target=0x825AD0A8 LR=0x825AD120
[RtlInitializeCriticalSection] guest=0x82D3DF6C
[INDIRECT] tid=1 returned target=0x825AD0A8 caller=0x825AD120
[INDIRECT] tid=1 call target=0x825AD0A8 LR=0x825AD120
[RtlInitializeCriticalSection] guest=0x82D3DF88
[INDIRECT] tid=1 returned target=0x825AD0A8 caller=0x825AD120
[INDIRECT] tid=1 call target=0x825AD0A8 LR=0x825AD120
[RtlInitializeCriticalSection] guest=0x82D3DFA4
[INDIRECT] tid=1 returned target=0x825AD0A8 caller=0x825AD120
[INDIRECT] tid=1 call target=0x825AD0A8 LR=0x825AD120
[RtlInitializeCriticalSection] guest=0x82D3DFC0
[INDIRECT] tid=1 returned target=0x825AD0A8 caller=0x825AD120
[INDIRECT] tid=1 call target=0x825AD0A8 LR=0x825AD120
[RtlInitializeCriticalSection] guest=0x82D3DFDC
[INDIRECT] tid=1 returned target=0x825AD0A8 caller=0x825AD120
[INDIRECT] tid=1 call target=0x825AD0A8 LR=0x825AD120
[RtlInitializeCriticalSection] guest=0x82D3DFF8
[INDIRECT] tid=1 returned target=0x825AD0A8 caller=0x825AD120
[INDIRECT] tid=1 call target=0x825AD0A8 LR=0x825AD120
[RtlInitializeCriticalSection] guest=0x82D3E014
[INDIRECT] tid=1 returned target=0x825AD0A8 caller=0x825AD120
[INDIRECT] tid=1 call target=0x825A5118 LR=0x825A53DC
[KeTlsAlloc] slot=0 KPCR=70000000
[INDIRECT] tid=1 returned target=0x825A5118 caller=0x825A53DC
[KeGetCurrentProcessType] -> 1 (USER)
[RtlEnterCriticalSection] guest=0x30000610
[RtlLeaveCriticalSection] guest=0x30000610
[INDIRECT] tid=1 call target=0x825C75DC LR=0x825A5414
[INDIRECT] tid=1 returned target=0x825C75DC caller=0x825A5414
[RtlEnterCriticalSection] guest=0x826AFCB8
[RtlLeaveCriticalSection] guest=0x826AFCB8
[INDIRECT] tid=1 call target=0x8259DEA0 LR=0x825B4D18
[KeGetCurrentProcessType] -> 1 (USER)
[RtlEnterCriticalSection] guest=0x30000610
[RtlLeaveCriticalSection] guest=0x30000610
[INDIRECT] tid=1 returned target=0x8259DEA0 caller=0x825B4D18
[INDIRECT] tid=1 call target=0x825AAAD8 LR=0x825B4D18
[KeGetCurrentProcessType] -> 1 (USER)
[RtlEnterCriticalSection] guest=0x30000610
[RtlLeaveCriticalSection] guest=0x30000610
[INDIRECT] tid=1 returned target=0x825AAAD8 caller=0x825B4D18
[INDIRECT] tid=1 call target=0x8259BAB8 LR=0x825B4C18
[INDIRECT] tid=1 returned target=0x8259BAB8 caller=0x825B4C18
[INDIRECT] tid=1 call target=0x825A6298 LR=0x825B4C54
[KeGetCurrentProcessType] -> 1 (USER)
[RtlEnterCriticalSection] guest=0x30000610
[RtlLeaveCriticalSection] guest=0x30000610
[INDIRECT] tid=1 returned target=0x825A6298 caller=0x825B4C54
[INDIRECT] tid=1 call target=0x825AB348 LR=0x825B4C54
[INDIRECT] tid=1 returned target=0x825AB348 caller=0x825B4C54
[INDIRECT] tid=1 call target=0x825AA218 LR=0x825B4CA0
[KeQuerySystemTime] ticks=134340401267199554 destination=720FED60
[INDIRECT] tid=1 returned target=0x825AA218 caller=0x825B4CA0
[INDIRECT] tid=1 call target=0x825AA218 LR=0x825B4CA0
[INDIRECT] tid=1 returned target=0x825AA218 caller=0x825B4CA0
[INDIRECT] tid=1 call target=0x825C66A0 LR=0x825B4CA0
[RtlEnterCriticalSection] guest=0x82D3DF50
[KeGetCurrentProcessType] -> 1 (USER)
[RtlLeaveCriticalSection] guest=0x82D3DF50
[INDIRECT] tid=1 returned target=0x825C66A0 caller=0x825B4CA0
[INDIRECT] tid=1 call target=0x825C0510 LR=0x825B4CA0
[INDIRECT] tid=1 returned target=0x825C0510 caller=0x825B4CA0
[INDIRECT] tid=1 call target=0x825C0530 LR=0x825B4CA0
[INDIRECT] tid=1 returned target=0x825C0530 caller=0x825B4CA0
[INDIRECT] tid=1 call target=0x825C0550 LR=0x825B4CA0
[INDIRECT] tid=1 returned target=0x825C0550 caller=0x825B4CA0
[INDIRECT] tid=1 call target=0x825C0570 LR=0x825B4CA0
[INDIRECT] tid=1 returned target=0x825C0570 caller=0x825B4CA0
[INDIRECT] tid=1 call target=0x825C0590 LR=0x825B4CA0
[INDIRECT] tid=1 returned target=0x825C0590 caller=0x825B4CA0
[INDIRECT] tid=1 call target=0x825C05B0 LR=0x825B4CA0
[INDIRECT] tid=1 returned target=0x825C05B0 caller=0x825B4CA0
[INDIRECT] tid=1 call target=0x825C05C8 LR=0x825B4CA0
[INDIRECT] tid=1 returned target=0x825C05C8 caller=0x825B4CA0
[INDIRECT] tid=1 call target=0x825C05E8 LR=0x825B4CA0
[INDIRECT] tid=1 returned target=0x825C05E8 caller=0x825B4CA0
[INDIRECT] tid=1 call target=0x825C0608 LR=0x825B4CA0
[INDIRECT] tid=1 returned target=0x825C0608 caller=0x825B4CA0
[INDIRECT] tid=1 call target=0x825C0628 LR=0x825B4CA0
[INDIRECT] tid=1 returned target=0x825C0628 caller=0x825B4CA0
[INDIRECT] tid=1 call target=0x825C0648 LR=0x825B4CA0
[INDIRECT] tid=1 returned target=0x825C0648 caller=0x825B4CA0
[INDIRECT] tid=1 call target=0x825C0668 LR=0x825B4CA0
[INDIRECT] tid=1 returned target=0x825C0668 caller=0x825B4CA0
[INDIRECT] tid=1 call target=0x825C0688 LR=0x825B4CA0
[INDIRECT] tid=1 returned target=0x825C0688 caller=0x825B4CA0
[INDIRECT] tid=1 call target=0x825C06A8 LR=0x825B4CA0
[INDIRECT] tid=1 returned target=0x825C06A8 caller=0x825B4CA0
[INDIRECT] tid=1 call target=0x825C06C8 LR=0x825B4CA0
[INDIRECT] tid=1 returned target=0x825C06C8 caller=0x825B4CA0
[INDIRECT] tid=1 call target=0x825C06E8 LR=0x825B4CA0
[INDIRECT] tid=1 returned target=0x825C06E8 caller=0x825B4CA0
[INDIRECT] tid=1 call target=0x825C0708 LR=0x825B4CA0
[INDIRECT] tid=1 returned target=0x825C0708 caller=0x825B4CA0
[INDIRECT] tid=1 call target=0x825C0728 LR=0x825B4CA0
[INDIRECT] tid=1 returned target=0x825C0728 caller=0x825B4CA0
[INDIRECT] tid=1 call target=0x825C0748 LR=0x825B4CA0
[INDIRECT] tid=1 returned target=0x825C0748 caller=0x825B4CA0
[INDIRECT] tid=1 call target=0x825C0768 LR=0x825B4CA0
[INDIRECT] tid=1 returned target=0x825C0768 caller=0x825B4CA0
[INDIRECT] tid=1 call target=0x825C0788 LR=0x825B4CA0
[INDIRECT] tid=1 returned target=0x825C0788 caller=0x825B4CA0
[INDIRECT] tid=1 call target=0x825C07A8 LR=0x825B4CA0
[INDIRECT] tid=1 returned target=0x825C07A8 caller=0x825B4CA0
[INDIRECT] tid=1 call target=0x825C07C8 LR=0x825B4CA0
[INDIRECT] tid=1 returned target=0x825C07C8 caller=0x825B4CA0
[INDIRECT] tid=1 call target=0x825C07E8 LR=0x825B4CA0
[INDIRECT] tid=1 returned target=0x825C07E8 caller=0x825B4CA0
[INDIRECT] tid=1 call target=0x825C0808 LR=0x825B4CA0
[INDIRECT] tid=1 returned target=0x825C0808 caller=0x825B4CA0
[INDIRECT] tid=1 call target=0x825C0828 LR=0x825B4CA0
[INDIRECT] tid=1 returned target=0x825C0828 caller=0x825B4CA0
[INDIRECT] tid=1 call target=0x825C0848 LR=0x825B4CA0
[INDIRECT] tid=1 returned target=0x825C0848 caller=0x825B4CA0
[INDIRECT] tid=1 call target=0x825C0868 LR=0x825B4CA0
[INDIRECT] tid=1 returned target=0x825C0868 caller=0x825B4CA0
[INDIRECT] tid=1 call target=0x825C0888 LR=0x825B4CA0
[INDIRECT] tid=1 returned target=0x825C0888 caller=0x825B4CA0
[INDIRECT] tid=1 call target=0x825C08A8 LR=0x825B4CA0
[INDIRECT] tid=1 returned target=0x825C08A8 caller=0x825B4CA0
[INDIRECT] tid=1 call target=0x825C08C8 LR=0x825B4CA0
[INDIRECT] tid=1 returned target=0x825C08C8 caller=0x825B4CA0
[INDIRECT] tid=1 call target=0x825C08E8 LR=0x825B4CA0
[INDIRECT] tid=1 returned target=0x825C08E8 caller=0x825B4CA0
[INDIRECT] tid=1 call target=0x825C0908 LR=0x825B4CA0
[INDIRECT] tid=1 returned target=0x825C0908 caller=0x825B4CA0
[INDIRECT] tid=1 call target=0x825C0928 LR=0x825B4CA0
[INDIRECT] tid=1 returned target=0x825C0928 caller=0x825B4CA0
[INDIRECT] tid=1 call target=0x825C0940 LR=0x825B4CA0
[INDIRECT] tid=1 returned target=0x825C0940 caller=0x825B4CA0
[INDIRECT] tid=1 call target=0x825C0960 LR=0x825B4CA0
[INDIRECT] tid=1 returned target=0x825C0960 caller=0x825B4CA0
[INDIRECT] tid=1 call target=0x825C0980 LR=0x825B4CA0
[INDIRECT] tid=1 returned target=0x825C0980 caller=0x825B4CA0
[INDIRECT] tid=1 call target=0x825C09A0 LR=0x825B4CA0
[INDIRECT] tid=1 returned target=0x825C09A0 caller=0x825B4CA0
[INDIRECT] tid=1 call target=0x825C09C0 LR=0x825B4CA0
[INDIRECT] tid=1 returned target=0x825C09C0 caller=0x825B4CA0
[RtlInitializeCriticalSection] guest=0x8284BAA4
[RtlEnterCriticalSection] guest=0x8284BAA4
[RtlLeaveCriticalSection] guest=0x8284BAA4
[RtlEnterCriticalSection] guest=0x82D3DF50
[KeGetCurrentProcessType] -> 1 (USER)
[RtlLeaveCriticalSection] guest=0x82D3DF50
[RtlInitializeCriticalSection] guest=0x82A52D34
[RtlEnterCriticalSection] guest=0x82A52D34
[MmAllocatePhysicalMemoryEx] guest=0x10000000 size=0x6000 align=0x1000 flags=0x00000004
[RtlLeaveCriticalSection] guest=0x82A52D34
[RtlEnterCriticalSection] guest=0x82A52D34
[MmAllocatePhysicalMemoryEx] guest=0x10006000 size=0x78000 align=0x1000 flags=0x00000004
[RtlLeaveCriticalSection] guest=0x82A52D34
[RtlEnterCriticalSection] guest=0x82D3DF50
[KeGetCurrentProcessType] -> 1 (USER)
[RtlLeaveCriticalSection] guest=0x82D3DF50
[RtlInitializeCriticalSection] guest=0x82A49810
[RtlEnterCriticalSection] guest=0x82A49810
[RtlLeaveCriticalSection] guest=0x82A49810
[RtlEnterCriticalSection] guest=0x82D3DF50
[KeGetCurrentProcessType] -> 1 (USER)
[RtlLeaveCriticalSection] guest=0x82D3DF50
[RtlEnterCriticalSection] guest=0x82D3DF50
[KeGetCurrentProcessType] -> 1 (USER)
[RtlLeaveCriticalSection] guest=0x82D3DF50
[RtlEnterCriticalSection] guest=0x82D3DF50
[KeGetCurrentProcessType] -> 1 (USER)
[RtlLeaveCriticalSection] guest=0x82D3DF50
[RtlEnterCriticalSection] guest=0x82D3DF50
[KeGetCurrentProcessType] -> 1 (USER)
[RtlLeaveCriticalSection] guest=0x82D3DF50
[RtlEnterCriticalSection] guest=0x82D3DF50
[KeGetCurrentProcessType] -> 1 (USER)
[RtlLeaveCriticalSection] guest=0x82D3DF50
[RtlEnterCriticalSection] guest=0x82D3DF50
[KeGetCurrentProcessType] -> 1 (USER)
[RtlLeaveCriticalSection] guest=0x82D3DF50
[RtlEnterCriticalSection] guest=0x82D3DF50
[KeGetCurrentProcessType] -> 1 (USER)
[RtlLeaveCriticalSection] guest=0x82D3DF50
[RtlEnterCriticalSection] guest=0x82D3DF50
[KeGetCurrentProcessType] -> 1 (USER)
[RtlLeaveCriticalSection] guest=0x82D3DF50
[RtlEnterCriticalSection] guest=0x82D3DF50
[KeGetCurrentProcessType] -> 1 (USER)
[RtlLeaveCriticalSection] guest=0x82D3DF50
[RtlEnterCriticalSection] guest=0x82D3DF50
[KeGetCurrentProcessType] -> 1 (USER)
[RtlLeaveCriticalSection] guest=0x82D3DF50
[RtlEnterCriticalSection] guest=0x82D3DF50
[KeGetCurrentProcessType] -> 1 (USER)
[RtlLeaveCriticalSection] guest=0x82D3DF50
[RtlEnterCriticalSection] guest=0x82D3DF50
[KeGetCurrentProcessType] -> 1 (USER)
[RtlLeaveCriticalSection] guest=0x82D3DF50
[RtlEnterCriticalSection] guest=0x82D3DF50
[KeGetCurrentProcessType] -> 1 (USER)
[RtlLeaveCriticalSection] guest=0x82D3DF50
[RtlEnterCriticalSection] guest=0x82D3DF50
[KeGetCurrentProcessType] -> 1 (USER)
[RtlLeaveCriticalSection] guest=0x82D3DF50
[RtlEnterCriticalSection] guest=0x82D3DF50
[KeGetCurrentProcessType] -> 1 (USER)
[RtlLeaveCriticalSection] guest=0x82D3DF50
[RtlEnterCriticalSection] guest=0x82D3DF50
[KeGetCurrentProcessType] -> 1 (USER)
[RtlLeaveCriticalSection] guest=0x82D3DF50
[RtlEnterCriticalSection] guest=0x82D3DF50
[KeGetCurrentProcessType] -> 1 (USER)
[RtlLeaveCriticalSection] guest=0x82D3DF50
[RtlEnterCriticalSection] guest=0x82D3DF50
[KeGetCurrentProcessType] -> 1 (USER)
[RtlLeaveCriticalSection] guest=0x82D3DF50
[RtlEnterCriticalSection] guest=0x82D3DF50
[KeGetCurrentProcessType] -> 1 (USER)
[RtlLeaveCriticalSection] guest=0x82D3DF50
[RtlEnterCriticalSection] guest=0x82D3DF50
[KeGetCurrentProcessType] -> 1 (USER)
[RtlLeaveCriticalSection] guest=0x82D3DF50
[RtlEnterCriticalSection] guest=0x82D3DF50
[KeGetCurrentProcessType] -> 1 (USER)
[RtlLeaveCriticalSection] guest=0x82D3DF50
[RtlEnterCriticalSection] guest=0x82D3DF50
[KeGetCurrentProcessType] -> 1 (USER)
[RtlLeaveCriticalSection] guest=0x82D3DF50
[RtlEnterCriticalSection] guest=0x82D3DF50
[KeGetCurrentProcessType] -> 1 (USER)
[RtlLeaveCriticalSection] guest=0x82D3DF50
[RtlEnterCriticalSection] guest=0x82D3DF50
[KeGetCurrentProcessType] -> 1 (USER)
[RtlLeaveCriticalSection] guest=0x82D3DF50
[RtlEnterCriticalSection] guest=0x82D3DF50
[KeGetCurrentProcessType] -> 1 (USER)
[RtlLeaveCriticalSection] guest=0x82D3DF50
[RtlEnterCriticalSection] guest=0x82D3DF50
[KeGetCurrentProcessType] -> 1 (USER)
[RtlLeaveCriticalSection] guest=0x82D3DF50
[RtlEnterCriticalSection] guest=0x82D3DF50
[KeGetCurrentProcessType] -> 1 (USER)
[RtlLeaveCriticalSection] guest=0x82D3DF50
[RtlEnterCriticalSection] guest=0x82D3DF50
[KeGetCurrentProcessType] -> 1 (USER)
[RtlLeaveCriticalSection] guest=0x82D3DF50
[RtlEnterCriticalSection] guest=0x82D3DF50
[KeGetCurrentProcessType] -> 1 (USER)
[RtlLeaveCriticalSection] guest=0x82D3DF50
[RtlEnterCriticalSection] guest=0x82D3DF50
[KeGetCurrentProcessType] -> 1 (USER)
[KeGetCurrentProcessType] -> 1 (USER)
[RtlEnterCriticalSection] guest=0x30000610
[KeGetCurrentProcessType] -> 1 (USER)
[KeGetCurrentProcessType] -> 1 (USER)
[RtlLeaveCriticalSection] guest=0x30000610
[RtlLeaveCriticalSection] guest=0x82D3DF50
[RtlEnterCriticalSection] guest=0x82D3DF50
[KeGetCurrentProcessType] -> 1 (USER)
[RtlLeaveCriticalSection] guest=0x82D3DF50
[RtlEnterCriticalSection] guest=0x82D3DF50
[KeGetCurrentProcessType] -> 1 (USER)
[RtlLeaveCriticalSection] guest=0x82D3DF50
[RtlEnterCriticalSection] guest=0x82D3DF50
[KeGetCurrentProcessType] -> 1 (USER)
[RtlLeaveCriticalSection] guest=0x82D3DF50
[RtlInitializeCriticalSection] guest=0x82A555A0
[RtlEnterCriticalSection] guest=0x82A555A0
[RtlLeaveCriticalSection] guest=0x82A555A0
[RtlEnterCriticalSection] guest=0x82D3DF50
[KeGetCurrentProcessType] -> 1 (USER)
[RtlLeaveCriticalSection] guest=0x82D3DF50
[RtlInitializeCriticalSection] guest=0x82A5387C
[RtlEnterCriticalSection] guest=0x82A5387C
[RtlLeaveCriticalSection] guest=0x82A5387C
[RtlEnterCriticalSection] guest=0x82D3DF50
[KeGetCurrentProcessType] -> 1 (USER)
[RtlLeaveCriticalSection] guest=0x82D3DF50
[INDIRECT] tid=1 call target=0x8229FDA8 LR=0x82097250
[INDIRECT] tid=1 returned target=0x8229FDA8 caller=0x82097250
[INDIRECT] tid=1 call target=0x8229FDA8 LR=0x82097250
[INDIRECT] tid=1 returned target=0x8229FDA8 caller=0x82097250
[INDIRECT] tid=1 call target=0x8229FDA8 LR=0x82097250
[INDIRECT] tid=1 returned target=0x8229FDA8 caller=0x82097250
[INDIRECT] tid=1 call target=0x8229FDA8 LR=0x82097250
[INDIRECT] tid=1 returned target=0x8229FDA8 caller=0x82097250
[INDIRECT] tid=1 call target=0x8229FDA8 LR=0x82097250
[INDIRECT] tid=1 returned target=0x8229FDA8 caller=0x82097250
[INDIRECT] tid=1 call target=0x8229FDA8 LR=0x82097250
[INDIRECT] tid=1 returned target=0x8229FDA8 caller=0x82097250
[INDIRECT] tid=1 call target=0x8229FDA8 LR=0x82097250
[INDIRECT] tid=1 returned target=0x8229FDA8 caller=0x82097250
[INDIRECT] tid=1 call target=0x8229FDA8 LR=0x82097250
[INDIRECT] tid=1 returned target=0x8229FDA8 caller=0x82097250
[INDIRECT] tid=1 call target=0x825C60D0 LR=0x825B4CA0
[INDIRECT] tid=1 returned target=0x825C60D0 caller=0x825B4CA0
[INDIRECT] tid=1 call target=0x8212BB98 LR=0x82097250
[INDIRECT] tid=1 returned target=0x8212BB98 caller=0x82097250
[RtlInitializeCriticalSection] guest=0x82698088
[RtlEnterCriticalSection] guest=0x82698088
[RtlLeaveCriticalSection] guest=0x82698088
[RtlEnterCriticalSection] guest=0x82698088
[RtlLeaveCriticalSection] guest=0x82698088
[RtlEnterCriticalSection] guest=0x82D3DF50
[KeGetCurrentProcessType] -> 1 (USER)
[RtlLeaveCriticalSection] guest=0x82D3DF50
[RtlInitializeCriticalSection] guest=0x826980B8
[RtlEnterCriticalSection] guest=0x82D3DF50
[KeGetCurrentProcessType] -> 1 (USER)
[RtlLeaveCriticalSection] guest=0x82D3DF50
[RtlEnterCriticalSection] guest=0x82D3DF50
[KeGetCurrentProcessType] -> 1 (USER)
[RtlLeaveCriticalSection] guest=0x82D3DF50
[RtlInitializeCriticalSection] guest=0x82D2B378
[RtlEnterCriticalSection] guest=0x82D2B378
[RtlLeaveCriticalSection] guest=0x82D2B378
[RtlInitializeCriticalSection] guest=0x82D2B890
[RtlEnterCriticalSection] guest=0x82D2B890
[RtlLeaveCriticalSection] guest=0x82D2B890
[RtlEnterCriticalSection] guest=0x82D3DF50
[KeGetCurrentProcessType] -> 1 (USER)
[RtlLeaveCriticalSection] guest=0x82D3DF50
[RtlEnterCriticalSection] guest=0x82D3DF50
[KeGetCurrentProcessType] -> 1 (USER)
[RtlLeaveCriticalSection] guest=0x82D3DF50
[RtlEnterCriticalSection] guest=0x82D3DF50
[KeGetCurrentProcessType] -> 1 (USER)
[RtlLeaveCriticalSection] guest=0x82D3DF50
[RtlEnterCriticalSection] guest=0x82D3DF50
[KeGetCurrentProcessType] -> 1 (USER)
[RtlLeaveCriticalSection] guest=0x82D3DF50
[RtlEnterCriticalSection] guest=0x82D3DF50
[KeGetCurrentProcessType] -> 1 (USER)
[RtlLeaveCriticalSection] guest=0x82D3DF50
[RtlInitializeCriticalSection] guest=0x826AE294
[RtlEnterCriticalSection] guest=0x82D3DF50
[KeGetCurrentProcessType] -> 1 (USER)
[RtlLeaveCriticalSection] guest=0x82D3DF50
[RtlInitializeCriticalSection] guest=0x826AE2B4
[RtlEnterCriticalSection] guest=0x82D3DF50
[KeGetCurrentProcessType] -> 1 (USER)
[RtlLeaveCriticalSection] guest=0x82D3DF50
[RtlInitializeCriticalSection] guest=0x826AE6FC
[RtlEnterCriticalSection] guest=0x82D3DF50
[KeGetCurrentProcessType] -> 1 (USER)
[RtlLeaveCriticalSection] guest=0x82D3DF50
[RtlEnterCriticalSection] guest=0x82D3DF50
[KeGetCurrentProcessType] -> 1 (USER)
[RtlLeaveCriticalSection] guest=0x82D3DF50
[RtlEnterCriticalSection] guest=0x82D3DF50
[KeGetCurrentProcessType] -> 1 (USER)
[RtlLeaveCriticalSection] guest=0x82D3DF50
[RtlEnterCriticalSection] guest=0x82D3DF50
[KeGetCurrentProcessType] -> 1 (USER)
[RtlLeaveCriticalSection] guest=0x82D3DF50
[RtlEnterCriticalSection] guest=0x82D3DF50
[KeGetCurrentProcessType] -> 1 (USER)
[RtlLeaveCriticalSection] guest=0x82D3DF50
[XexCheckExecutablePrivilege] bit=10 flags=00000204 result=0
[KeEnableFpuExceptions] disabled; MXCSR=00001FA0
[KeEnableFpuExceptions] disabled; MXCSR=00001FA0
[KeTlsAlloc] slot=1 KPCR=70000000
[RtlInitializeCriticalSection] guest=0x82D3E210
[NtCreateSemaphore] out=720FEB20 attrs=00000000 count=0 limit=4096
[OBJECT] semaphore handle=00020000
[ObReferenceObjectByHandle] handle=00020000 guest=70100018 references=1
[THREAD CREATED] id=2 handle=00020004 object=70101018 startup=825B5358 worker=825B7820 argument=82D3E180 suspended=1 stack=[73001000,73041000)
[ObReferenceObjectByHandle] handle=00020004 guest=70101018 references=1
[THREAD AFFINITY] id=2 logical_cpu=1 previous=0
[THREAD RESUME] id=2 worker=825B7820 previous=1 remaining=0 caller_LR=825AEE14
[NtCreateSemaphore] out=720FEB20 attrs=00000000 count=0 limit=4096
[THREAD START] id=2 startup=825B5358 worker=825B7820 KPCR=70102000 TLS=70103000 SP=73040F00 LR=00000000 r3=825B7820 r4=82D3E180
[INDIRECT] tid=2 call target=0x825B5358 LR=0x00000000
[OBJECT] semaphore handle=00020008
[RtlEnterCriticalSection] guest=0x826AFCB8
[INDIRECT] tid=2 call target=0x825AB250 LR=0x825B44F0
[INDIRECT] tid=2 call target=0x823EE808 LR=0x825AB280
[INDIRECT] tid=2 returned target=0x823EE808 caller=0x825AB280
[INDIRECT] tid=2 returned target=0x825AB250 caller=0x825B44F0
[RtlLeaveCriticalSection] guest=0x826AFCB8
[INDIRECT] tid=2 call target=0x825B7820 LR=0x825B5394
[ObReferenceObjectByHandle] handle=00020008 guest=70104018 references=1
[THREAD YIELD] id=2 count=1 LR=825B5138
[THREAD CREATED] id=3 handle=0002000C object=70105018 startup=825B5358 worker=825B7820 argument=82D3E198 suspended=1 stack=[73043000,73083000)
[ObReferenceObjectByHandle] handle=0002000C guest=70105018 references=1
[THREAD AFFINITY] id=3 logical_cpu=2 previous=0
[THREAD RESUME] id=3 worker=825B7820 previous=1 remaining=0 caller_LR=825AEE14
[NtCreateSemaphore] out=720FEB20 attrs=00000000 count=0 limit=4096
[THREAD START] id=3 startup=825B5358 worker=825B7820 KPCR=70106000 TLS=70107000 SP=73082F00 LR=00000000 r3=825B7820 r4=82D3E198
[INDIRECT] tid=3 call target=0x825B5358 LR=0x00000000
[OBJECT] semaphore handle=00020010
[ObReferenceObjectByHandle] handle=00020010 guest=70108018 references=1
[RtlEnterCriticalSection] guest=0x826AFCB8
[INDIRECT] tid=3 call target=0x825AB250 LR=0x825B44F0
[INDIRECT] tid=3 call target=0x823EE808 LR=0x825AB280
[INDIRECT] tid=3 returned target=0x823EE808 caller=0x825AB280
[INDIRECT] tid=3 returned target=0x825AB250 caller=0x825B44F0
[RtlLeaveCriticalSection] guest=0x826AFCB8
[INDIRECT] tid=3 call target=0x825B7820 LR=0x825B5394
[THREAD YIELD] id=3 count=1 LR=825B5138
[THREAD CREATED] id=4 handle=00020014 object=70109018 startup=825B5358 worker=825B7820 argument=82D3E1B0 suspended=1 stack=[73085000,730C5000)
[ObReferenceObjectByHandle] handle=00020014 guest=70109018 references=1
[THREAD AFFINITY] id=4 logical_cpu=3 previous=0
[THREAD RESUME] id=4 worker=825B7820 previous=1 remaining=0 caller_LR=825AEE14
[NtCreateSemaphore] out=720FEB20 attrs=00000000 count=0 limit=4096
[THREAD START] id=4 startup=825B5358 worker=825B7820 KPCR=7010A000 TLS=7010B000 SP=730C4F00 LR=00000000 r3=825B7820 r4=82D3E1B0
[INDIRECT] tid=4 call target=0x825B5358 LR=0x00000000
[OBJECT] semaphore handle=00020018
[RtlEnterCriticalSection] guest=0x826AFCB8
[INDIRECT] tid=4 call target=0x825AB250 LR=0x825B44F0
[INDIRECT] tid=4 call target=0x823EE808 LR=0x825AB280
[INDIRECT] tid=4 returned target=0x823EE808 caller=0x825AB280
[INDIRECT] tid=4 returned target=0x825AB250 caller=0x825B44F0
[RtlLeaveCriticalSection] guest=0x826AFCB8
[INDIRECT] tid=4 call target=0x825B7820 LR=0x825B5394
[THREAD YIELD] id=4 count=1 LR=825B5138
[ObReferenceObjectByHandle] handle=00020018 guest=7010C018 references=1
[THREAD CREATED] id=5 handle=0002001C object=7010D018 startup=825B5358 worker=825B7820 argument=82D3E1C8 suspended=1 stack=[730C7000,73107000)
[ObReferenceObjectByHandle] handle=0002001C guest=7010D018 references=1
[THREAD AFFINITY] id=5 logical_cpu=4 previous=0
[THREAD RESUME] id=5 worker=825B7820 previous=1 remaining=0 caller_LR=825AEE14
[NtCreateSemaphore] out=720FEB20 attrs=00000000 count=0 limit=4096
[THREAD START] id=5 startup=825B5358 worker=825B7820 KPCR=7010E000 TLS=7010F000 SP=73106F00 LR=00000000 r3=825B7820 r4=82D3E1C8
[INDIRECT] tid=5 call target=0x825B5358 LR=0x00000000
[OBJECT] semaphore handle=00020020
[RtlEnterCriticalSection] guest=0x826AFCB8
[INDIRECT] tid=5 call target=0x825AB250 LR=0x825B44F0
[INDIRECT] tid=5 call target=0x823EE808 LR=0x825AB280
[INDIRECT] tid=5 returned target=0x823EE808 caller=0x825AB280
[INDIRECT] tid=5 returned target=0x825AB250 caller=0x825B44F0
[RtlLeaveCriticalSection] guest=0x826AFCB8
[INDIRECT] tid=5 call target=0x825B7820 LR=0x825B5394
[THREAD YIELD] id=5 count=1 LR=825B5138
[ObReferenceObjectByHandle] handle=00020020 guest=70110018 references=1
[THREAD CREATED] id=6 handle=00020024 object=70111018 startup=825B5358 worker=825B7820 argument=82D3E1E0 suspended=1 stack=[73109000,73149000)
[ObReferenceObjectByHandle] handle=00020024 guest=70111018 references=1
[THREAD AFFINITY] id=6 logical_cpu=5 previous=0
[THREAD RESUME] id=6 worker=825B7820 previous=1 remaining=0 caller_LR=825AEE14
[NtCreateSemaphore] out=720FEB20 attrs=00000000 count=0 limit=4096
[THREAD START] id=6 startup=825B5358 worker=825B7820 KPCR=70112000 TLS=70113000 SP=73148F00 LR=00000000 r3=825B7820 r4=82D3E1E0
[INDIRECT] tid=6 call target=0x825B5358 LR=0x00000000
[OBJECT] semaphore handle=00020028
[RtlEnterCriticalSection] guest=0x826AFCB8
[INDIRECT] tid=6 call target=0x825AB250 LR=0x825B44F0
[INDIRECT] tid=6 call target=0x823EE808 LR=0x825AB280
[INDIRECT] tid=6 returned target=0x823EE808 caller=0x825AB280
[INDIRECT] tid=6 returned target=0x825AB250 caller=0x825B44F0
[RtlLeaveCriticalSection] guest=0x826AFCB8
[INDIRECT] tid=6 call target=0x825B7820 LR=0x825B5394
[ObReferenceObjectByHandle] handle=00020028 guest=70114018 references=1
[THREAD YIELD] id=6 count=1 LR=825B5138
[THREAD CREATED] id=7 handle=0002002C object=70115018 startup=825B5358 worker=825B7820 argument=82D3E1F8 suspended=1 stack=[7314B000,7318B000)
[RtlNtStatusToDosError] status=C000000D error=87
[THREAD RESUME] id=7 worker=825B7820 previous=1 remaining=0 caller_LR=825AEE14
[KeQueryPerformanceFrequency] 50000000 Hz LR=825AF900
[THREAD START] id=7 startup=825B5358 worker=825B7820 KPCR=70116000 TLS=70117000 SP=7318AF00 LR=00000000 r3=825B7820 r4=82D3E1F8
[INDIRECT] tid=7 call target=0x825B5358 LR=0x00000000
[RtlEnterCriticalSection] guest=0x82D3DF50
[KeGetCurrentProcessType] -> 1 (USER)
[RtlEnterCriticalSection] guest=0x826AFCB8
[RtlLeaveCriticalSection] guest=0x82D3DF50
[INDIRECT] tid=7 call target=0x825AB250 LR=0x825B44F0
[INDIRECT] tid=7 call target=0x823EE808 LR=0x825AB280
[INDIRECT] tid=7 returned target=0x823EE808 caller=0x825AB280
[INDIRECT] tid=7 returned target=0x825AB250 caller=0x825B44F0
[THREAD WAIT] id=4 object=70108018 kind=0 reason=3 alertable=0 timeout_ms=4294967295 LR=825B7898
[THREAD WAIT] id=2 object=70100018 kind=0 reason=3 alertable=0 timeout_ms=4294967295 LR=825B7898
[THREAD WAIT] id=5 object=7010C018 kind=0 reason=3 alertable=0 timeout_ms=4294967295 LR=825B7898
[RtlEnterCriticalSection] guest=0x82D3E210
[RtlLeaveCriticalSection] guest=0x82D3E210
[THREAD WAIT] id=6 object=70110018 kind=0 reason=3 alertable=0 timeout_ms=4294967295 LR=825B7898
[RtlLeaveCriticalSection] guest=0x826AFCB8
[INDIRECT] tid=7 call target=0x825B7820 LR=0x825B5394
[THREAD MAIN REGISTERED] id=1 object=70001000 KPCR=70000000 stack=[72000000,72100000)
[THREAD WAIT] id=3 object=70104018 kind=0 reason=3 alertable=0 timeout_ms=4294967295 LR=825B7898
[NtDuplicateObject] source=FFFFFFFE duplicate=00020030 object=70001000
[THREAD WAIT] id=7 object=70114018 kind=0 reason=3 alertable=0 timeout_ms=4294967295 LR=825B7898
[MmAllocatePhysicalMemoryEx] guest=0x1007E000 size=0xA80A000 align=0x1000 flags=0x00000004
[MmAllocatePhysicalMemoryEx] guest=0x1A888000 size=0xD918000 align=0x1000 flags=0x00000004
[XGetVideoMode] out=720FECD0 bytes=48 1280x720 progressive 60Hz
[KeQueryPerformanceFrequency] 50000000 Hz LR=825AF900
[KeQueryPerformanceFrequency] 50000000 Hz LR=825AF900
[LOOKUP] Missing target=0x82360568 LR=0x82362D64; include its real implementation in the slice
